<html>
<body>
<pre>
<h1>µVision Build Log</h1>
<h2>Tool Versions:</h2>
IDE-Version: ¶ÃVision V5.36.0.0
Copyright (C) 2021 ARM Ltd and ARM Germany GmbH. All rights reserved.
License Information: a …ÚŒƒÃœ, a, LIC=HN0AE-5GNSQ-CXMU6-DWLR6-Y7SG1-NJRPB
 
Tool Versions:
Toolchain:       MDK-ARM Plus  Version: 5.36.0.0
Toolchain Path:  D:\Keil5\ARM\ARMCC\Bin
C Compiler:      Armcc.exe V5.06 update 7 (build 960)
Assembler:       Armasm.exe V5.06 update 7 (build 960)
Linker/Locator:  ArmLink.exe V5.06 update 7 (build 960)
Library Manager: ArmAr.exe V5.06 update 7 (build 960)
Hex Converter:   FromElf.exe V5.06 update 7 (build 960)
CPU DLL:         SARMCM3.DLL V5.36.0.0
Dialog DLL:      DCM.DLL V1.17.3.0
Target DLL:      CMSIS_AGDI.dll V1.33.0.0
Dialog DLL:      TCM.DLL V1.53.0.0
 
<h2>Project:</h2>
D:\git_push\TOM_WEN_Electronic_Control_Code\GQ_Motor_test\GQ_Motor_test\MDK-ARM\GQ_Motor_test.uvprojx
Project File Date:  12/12/2025

<h2>Output:</h2>
*** Using Compiler 'V5.06 update 7 (build 960)', folder: 'D:\Keil5\ARM\ARMCC\Bin'
Build target 'GQ_Motor_test'
compiling main.c...
../Core/Src/main.c(69): warning:  #177-D: variable "ticks"  was declared but never referenced
    uint32_t ticks = 0;
../Core/Src/main.c(70): warning:  #177-D: variable "tick_1"  was declared but never referenced
    uint32_t tick_1 = 0;
../Core/Src/main.c(71): warning:  #177-D: variable "cnt"  was declared but never referenced
    uint8_t cnt = 0;
../Core/Src/main.c(72): warning:  #177-D: variable "vel"  was declared but never referenced
    int vel = 500;
../Core/Src/main.c(73): warning:  #177-D: variable "pos"  was declared but never referenced
    int pos = 0;
../Core/Src/main.c: 5 warnings, 0 errors
linking...
Program Size: Code=5722 RO-data=442 RW-data=40 ZI-data=1768  
FromELF: creating hex file...
"GQ_Motor_test\GQ_Motor_test.axf" - 0 Error(s), 5 Warning(s).

<h2>Software Packages used:</h2>

Package Vendor: ARM
                http://www.keil.com/pack/ARM.CMSIS.5.8.0.pack
                ARM.CMSIS.5.8.0
                CMSIS (Common Microcontroller Software Interface Standard)
   * Component: CORE Version: 5.5.0

Package Vendor: Keil
                https://www.keil.com/pack/Keil.STM32F4xx_DFP.3.0.0.pack
                Keil.STM32F4xx_DFP.3.0.0
                STMicroelectronics STM32F4 Series Device Support

<h2>Collection of Component include folders:</h2>
  .\RTE\_GQ_Motor_test
  D:\Keil5\ARM\CMSIS\5.8.0\CMSIS\Core\Include

<h2>Collection of Component Files used:</h2>

   * Component: ARM::CMSIS:CORE:5.5.0
      Include file:  CMSIS\Core\Include\tz_context.h
Build Time Elapsed:  00:00:02
</pre>
</body>
</html>
