<html>
<body>
<pre>
<h1>µVision Build Log</h1>
<h2>Tool Versions:</h2>
IDE-Version: ¶ÃVision V5.36.0.0
Copyright (C) 2021 ARM Ltd and ARM Germany GmbH. All rights reserved.
License Information: a …ÚŒƒÃœ, a, LIC=HN0AE-5GNSQ-CXMU6-DWLR6-Y7SG1-NJRPB
 
Tool Versions:
Toolchain:       MDK-ARM Plus  Version: 5.36.0.0
Toolchain Path:  D:\Keil5\ARM\ARMCC\Bin
C Compiler:      Armcc.exe V5.06 update 7 (build 960)
Assembler:       Armasm.exe V5.06 update 7 (build 960)
Linker/Locator:  ArmLink.exe V5.06 update 7 (build 960)
Library Manager: ArmAr.exe V5.06 update 7 (build 960)
Hex Converter:   FromElf.exe V5.06 update 7 (build 960)
CPU DLL:         SARMCM3.DLL V5.36.0.0
Dialog DLL:      DCM.DLL V1.17.3.0
Target DLL:      CMSIS_AGDI.dll V1.33.0.0
Dialog DLL:      TCM.DLL V1.53.0.0
 
<h2>Project:</h2>
D:\git_push\TOM_WEN_Electronic_Control_Code\RM_ITL_Infantry_chaodianban\MDK-ARM\hero.uvprojx
Project File Date:  11/21/2025

<h2>Output:</h2>
*** Using Compiler 'V5.06 update 7 (build 960)', folder: 'D:\Keil5\ARM\ARMCC\Bin'
Build target 'hero'
assembling startup_stm32f407xx.s...
compiling detect_task.c...
compiling dma.c...
compiling gpio.c...
compiling i2c.c...
compiling stm32f4xx_hal_msp.c...
compiling adc.c...
compiling freertos.c...
..\User\Src\freertos.c(184): warning:  #1-D: last line of file ends without a newline
  /************************ (C) COPYRIGHT STMicroelectronics *****END OF FILE****/
..\User\Src\freertos.c: 1 warning, 0 errors
compiling can.c...
compiling crc.c...
compiling referee_usart_task.c...
compiling stm32f4xx_it.c...
compiling INS_task.c...
..\Task\INS_task.c(122): warning:  #177-D: variable "key_gpio_state"  was declared but never referenced
  static uint8_t key_gpio_state;
..\Task\INS_task.c(123): warning:  #550-D: variable "exit_flag"  was set but never used
  static uint8_t exit_flag;
..\Task\INS_task.c: 2 warnings, 0 errors
compiling main.c...
compiling gimbal_task.c...
..\Task\gimbal_task.c(236): warning:  #177-D: variable "f1"  was declared but never referenced
  		float f1=gimbal_control.gimbal_pitch_motor.absolute_angle;
..\Task\gimbal_task.c(237): warning:  #177-D: variable "f2"  was declared but never referenced
  		float f2=gimbal_control.gimbal_pitch_motor.absolute_angle_set;
..\Task\gimbal_task.c(422): warning:  #177-D: function "gimbal_relative_angle_limit"  was declared but never referenced
  static void gimbal_relative_angle_limit(gimbal_motor_t *gimbal_motor, float add)
..\Task\gimbal_task.c(509): warning:  #177-D: function "gimbal_motor_relative_angle_control"  was declared but never referenced
  static void gimbal_motor_relative_angle_control(gimbal_motor_t *gimbal_motor)
..\Task\gimbal_task.c: 4 warnings, 0 errors
compiling chassis_task.c...
..\Task\chassis_task.c(268): warning:  #1035-D: single-precision operand implicitly converted to double-precision
     if(chassis_move.vx_set<0.1||chassis_move.vx_set>-0.1)
..\Task\chassis_task.c(270): warning:  #1035-D: single-precision operand implicitly converted to double-precision
        if(chassis_move.vy_set>0.5||chassis_move.vy_set<-0.5)
..\Task\chassis_task.c(408): warning:  #1-D: last line of file ends without a newline
  }
..\Task\chassis_task.c: 3 warnings, 0 errors
compiling shoot_task.c...
..\Task\shoot_task.c(120): warning:  #1295-D: Deprecated declaration servo_init - give arg types
  static void servo_init();
..\Task\shoot_task.c(354): warning:  #223-D: function "get_shoot_heat0_limit_and_heat0_17" declared implicitly
      get_shoot_heat0_limit_and_heat0_17(&shoot_control.heat_limit, &shoot_control.heat);
..\Task\shoot_task.c(893): warning:  #1-D: last line of file ends without a newline
  }
..\Task\shoot_task.c(141): warning:  #550-D: variable "shoot_block"  was set but never used
  static int shoot_block;
..\Task\shoot_task.c(143): warning:  #550-D: variable "move_flag"  was set but never used
  static uint8_t move_flag = 0;
..\Task\shoot_task.c(304): warning:  #177-D: variable "kadan_flag"  was declared but never referenced
  static int kadan_flag;
..\Task\shoot_task.c(581): warning:  #177-D: variable "wk11"  was declared but never referenced
  static int wk11;
..\Task\shoot_task.c(872): warning:  #177-D: function "bullet_one"  was declared but never referenced
  static void bullet_one()
..\Task\shoot_task.c: 8 warnings, 0 errors
compiling chassis_behaviour.c...
..\application\chassis_behaviour.c(290): warning:  #177-D: variable "sin_yaw"  was declared but never referenced
    float sin_yaw = 0.0f, cos_yaw = 0.0f;
..\application\chassis_behaviour.c(290): warning:  #177-D: variable "cos_yaw"  was declared but never referenced
    float sin_yaw = 0.0f, cos_yaw = 0.0f;
..\application\chassis_behaviour.c(291): warning:  #177-D: variable "xishu"  was declared but never referenced
  	int xishu=0;
..\application\chassis_behaviour.c(335): warning:  #177-D: variable "angle_set"  was declared but never referenced
    float vx_set = 0.0f, vy_set = 0.0f, angle_set = 0.0f;
..\application\chassis_behaviour.c(339): warning:  #177-D: variable "sin_yaw"  was declared but never referenced
    float sin_yaw = 0.0f, cos_yaw = 0.0f;
..\application\chassis_behaviour.c(339): warning:  #177-D: variable "cos_yaw"  was declared but never referenced
    float sin_yaw = 0.0f, cos_yaw = 0.0f;
..\application\chassis_behaviour.c(526): warning:  #1-D: last line of file ends without a newline
  ////}
..\application\chassis_behaviour.c: 7 warnings, 0 errors
compiling rtc.c...
compiling spi.c...
compiling tim.c...
compiling usbd_desc.c...
compiling usbd_cdc_if.c...
compiling usbd_cdc.c...
compiling usart.c...
compiling usbd_core.c...
compiling rng.c...
compiling usbd_ctlreq.c...
compiling usbd_ioreq.c...
compiling usb_device.c...
compiling chassis_power_control.c...
compiling gimbal_behaviour.c...
..\application\gimbal_behaviour.c(415): warning:  #1035-D: single-precision operand implicitly converted to double-precision
  			  xishu1=YAW_MOUSE_SEN/3.5;
..\application\gimbal_behaviour.c(416): warning:  #1035-D: single-precision operand implicitly converted to double-precision
  				xishu2=PITCH_MOUSE_SEN/3.0;
..\application\gimbal_behaviour.c(568): warning:  #1035-D: single-precision operand implicitly converted to double-precision
       {gimbal_control.gimbal_yaw_motor.absolute_angle_set = anglex + PI*3.0/2;}
..\application\gimbal_behaviour.c(461): warning:  #177-D: variable "wk"  was declared but never referenced
  		int wk=1;
..\application\gimbal_behaviour.c(462): warning:  #177-D: variable "sage"  was declared but never referenced
  		int sage=1;
..\application\gimbal_behaviour.c(768): warning:  #1-D: last line of file ends without a newline
  }
..\application\gimbal_behaviour.c(396): warning:  #177-D: variable "Turn"  was declared but never referenced
  static int Turn=0;
..\application\gimbal_behaviour.c: 7 warnings, 0 errors
compiling usbd_conf.c...
..\Hardware\Src\usbd_conf.c(71): warning:  #177-D: variable "GPIO_InitStruct"  was declared but never referenced
    GPIO_InitTypeDef GPIO_InitStruct = {0};
..\Hardware\Src\usbd_conf.c: 1 warning, 0 errors
compiling filter.c...
compiling remote_control.c...
compiling user_lib.c...
compiling ist8310driver.c...
compiling referee.c...
compiling CRC8_CRC16.c...
compiling pid.c...
..\components\controller\pid.c(138): warning:  #1-D: last line of file ends without a newline
  }
..\components\controller\pid.c(138): warning:  #940-D: missing return statement at end of non-void function "PID_deadline_limit" 
  }
..\components\controller\pid.c: 2 warnings, 0 errors
compiling fsm.c...
compiling USART_receive.c...
..\application\USART_receive.c(116): warning:  #223-D: function "memcpy" declared implicitly
          memcpy(&auto_shoot->yaw_add, &buf[3], sizeof(float));
..\application\USART_receive.c: 1 warning, 0 errors
compiling CAN_receive.c...
..\application\CAN_receive.c(140): warning:  #111-D: statement is unreachable
        break;
..\application\CAN_receive.c: 1 warning, 0 errors
compiling bsp_buzzer.c...
compiling fifo.c...
compiling mem_mang4.c...
compiling AHRS_middleware.c...
compiling BMI088driver.c...
compiling bsp_adc.c...
compiling BMI088Middleware.c...
compiling ist8310driver_middleware.c...
compiling custom_ui_draw.c...
..\application\custom_ui_draw.c(1646): warning:  #1-D: last line of file ends without a newline
  }
..\application\custom_ui_draw.c: 1 warning, 0 errors
compiling bsp_laser.c...
compiling bsp_crc32.c...
compiling bsp_can.c...
compiling bsp_delay.c...
compiling bsp_servo_pwm.c...
compiling bsp_flash.c...
compiling bsp_rng.c...
compiling bsp_i2c.c...
compiling bsp_rc.c...
compiling bsp_led.c...
compiling bsp_imu_pwm.c...
compiling stm32f4xx_hal_pcd_ex.c...
compiling bsp_usart.c...
compiling stm32f4xx_hal_pcd.c...
compiling bsp_spi.c...
compiling stm32f4xx_hal_crc.c...
compiling stm32f4xx_hal_adc_ex.c...
compiling stm32f4xx_hal_rng.c...
compiling stm32f4xx_hal_i2c_ex.c...
compiling stm32f4xx_hal_spi.c...
compiling stm32f4xx_hal_rtc.c...
compiling stm32f4xx_hal_rtc_ex.c...
compiling stm32f4xx_hal_adc.c...
compiling stm32f4xx_hal_can.c...
compiling stm32f4xx_hal_uart.c...
compiling stm32f4xx_ll_usb.c...
compiling stm32f4xx_hal_tim_ex.c...
compiling stm32f4xx_hal_tim.c...
compiling stm32f4xx_hal_rcc.c...
compiling stm32f4xx_hal_i2c.c...
compiling croutine.c...
compiling event_groups.c...
compiling list.c...
compiling queue.c...
compiling stream_buffer.c...
compiling tasks.c...
compiling timers.c...
compiling heap_4.c...
compiling cmsis_os.c...
compiling port.c...
compiling stm32f4xx_hal_flash_ex.c...
compiling stm32f4xx_hal_flash_ramfunc.c...
compiling stm32f4xx_hal_dma.c...
compiling stm32f4xx_hal_rcc_ex.c...
compiling stm32f4xx_hal_gpio.c...
compiling stm32f4xx_hal_pwr_ex.c...
compiling stm32f4xx_hal_flash.c...
compiling stm32f4xx_hal_cortex.c...
compiling system_stm32f4xx.c...
compiling stm32f4xx_hal_dma_ex.c...
compiling stm32f4xx_hal_pwr.c...
compiling stm32f4xx_hal.c...
compiling stm32f4xx_hal_exti.c...
linking...
Program Size: Code=102788 RO-data=3964 RW-data=1360 ZI-data=49736  
FromELF: creating hex file...
".\standard\hero.axf" - 0 Error(s), 38 Warning(s).

<h2>Software Packages used:</h2>

Package Vendor: Keil
                https://www.keil.com/pack/Keil.STM32F4xx_DFP.3.0.0.pack
                Keil.STM32F4xx_DFP.3.0.0
                STMicroelectronics STM32F4 Series Device Support

<h2>Collection of Component include folders:</h2>

<h2>Collection of Component Files used:</h2>
Build Time Elapsed:  00:00:20
</pre>
</body>
</html>
