<html>
<body>
<pre>
<h1>礦ision Build Log</h1>
<h2>Tool Versions:</h2>
IDE-Version: μVision V5.36.0.0
Copyright (C) 2021 ARM Ltd and ARM Germany GmbH. All rights reserved.
License Information: a 沈文滔, a, LIC=HN0AE-5GNSQ-CXMU6-DWLR6-Y7SG1-NJRPB
 
Tool Versions:
Toolchain:       MDK-ARM Plus  Version: 5.36.0.0
Toolchain Path:  D:\Keil5\ARM\ARMCC\Bin
C Compiler:      Armcc.exe V5.06 update 7 (build 960)
Assembler:       Armasm.exe V5.06 update 7 (build 960)
Linker/Locator:  ArmLink.exe V5.06 update 7 (build 960)
Library Manager: ArmAr.exe V5.06 update 7 (build 960)
Hex Converter:   FromElf.exe V5.06 update 7 (build 960)
CPU DLL:         SARMCM3.DLL V5.36.0.0
Dialog DLL:      DCM.DLL V1.17.3.0
Target DLL:      STLink\ST-LINKIII-KEIL_SWO.dll V3.0.9.0
Dialog DLL:      TCM.DLL V1.53.0.0
 
<h2>Project:</h2>
D:\git_push\TOM_WEN_Electronic_Control_Code\nailong\nailong_DT7\MDK-ARM\nailong_DT7.uvprojx
Project File Date:  01/29/2026

<h2>Output:</h2>
*** Using Compiler 'V5.06 update 7 (build 960)', folder: 'D:\Keil5\ARM\ARMCC\Bin'
Build target 'nailong_DT7'
compiling stm32h7xx_hal_msp.c...
compiling stm32h7xx_it.c...
compiling dma.c...
compiling tim.c...
compiling gpio.c...
compiling fdcan.c...
compiling usart.c...
compiling spi.c...
compiling freertos.c...
compiling usb_device.c...
compiling stm32h7xx_hal_timebase_tim.c...
compiling usbd_cdc_if.c...
compiling usbd_conf.c...
compiling usbd_desc.c...
compiling main.c...
..\application\GQ_Motor.h(26): warning:  #1-D: last line of file ends without a newline
  #endif
../Core/Src/main.c: 1 warning, 0 errors
compiling stm32h7xx_hal_gpio.c...
compiling stm32h7xx_hal_hsem.c...
compiling stm32h7xx_hal_pwr.c...
compiling stm32h7xx_hal_pcd_ex.c...
compiling stm32h7xx_hal_mdma.c...
compiling stm32h7xx_hal_flash_ex.c...
compiling stm32h7xx_hal_flash.c...
compiling stm32h7xx_hal_pcd.c...
compiling stm32h7xx_hal_tim_ex.c...
compiling stm32h7xx_hal_dma_ex.c...
compiling stm32h7xx_ll_usb.c...
compiling stm32h7xx_hal_rcc_ex.c...
compiling stm32h7xx_hal_tim.c...
compiling stm32h7xx_hal_rcc.c...
compiling croutine.c...
compiling event_groups.c...
compiling list.c...
compiling queue.c...
compiling stream_buffer.c...
compiling timers.c...
compiling tasks.c...
compiling heap_4.c...
compiling port.c...
compiling stm32h7xx_hal_dma.c...
compiling stm32h7xx_hal_uart_ex.c...
compiling stm32h7xx_hal_cortex.c...
compiling stm32h7xx_hal.c...
compiling stm32h7xx_hal_i2c_ex.c...
compiling stm32h7xx_hal_exti.c...
compiling system_stm32h7xx.c...
compiling stm32h7xx_hal_fdcan.c...
compiling stm32h7xx_hal_spi_ex.c...
compiling stm32h7xx_hal_spi.c...
compiling stm32h7xx_hal_uart.c...
compiling stm32h7xx_hal_pwr_ex.c...
compiling usbd_ctlreq.c...
compiling usbd_core.c...
compiling detect_task.c...
compiling stm32h7xx_hal_i2c.c...
compiling referee_usart_task.c...
compiling cmsis_os2.c...
compiling bsp_buzzer.c...
..\boards\bsp_buzzer.h(7): warning:  #1295-D: Deprecated declaration buzzer_init - give arg types
  void buzzer_init();
..\boards\bsp_buzzer.h(8): warning:  #1295-D: Deprecated declaration buzzer_warning - give arg types
  void buzzer_warning();
..\boards\bsp_buzzer.c: 2 warnings, 0 errors
compiling GQ_Motor.c...
..\application\GQ_Motor.h(26): warning:  #1-D: last line of file ends without a newline
  #endif
..\application\GQ_Motor.c(12): warning:  #223-D: function "memcpy" declared implicitly
          memcpy(&tdata[5], &cur, sizeof(uint16_t));
..\application\GQ_Motor.c(130): warning:  #1-D: last line of file ends without a newline
  }
..\application\GQ_Motor.c: 3 warnings, 0 errors
compiling usbd_ioreq.c...
compiling remote_control.c...
..\application\remote_control.c(111): warning:  #1-D: last line of file ends without a newline
  #endif
..\application\remote_control.c: 1 warning, 0 errors
compiling usbd_cdc.c...
compiling gimbal_behaviour.c...
..\Task\gimbal_task.h(265): warning:  #1-D: last line of file ends without a newline
  #endif
..\application\gimbal_behaviour.c: 1 warning, 0 errors
compiling CAN_receive.c...
..\Task\gimbal_task.h(265): warning:  #1-D: last line of file ends without a newline
  #endif
..\application\GQ_Motor.h(26): warning:  #1-D: last line of file ends without a newline
  #endif
..\application\CAN_receive.c: 2 warnings, 0 errors
compiling bsp_can.c...
compiling USART_receive.c...
..\Task\gimbal_task.h(265): warning:  #1-D: last line of file ends without a newline
  #endif
..\Task\INS_task.h(120): warning:  #1295-D: Deprecated declaration IMU_Temperature_Ctrl - give arg types
  void IMU_Temperature_Ctrl();
..\application\USART_receive.c(34): warning:  #167-D: argument of type "const volatile uint8_t *" is incompatible with parameter of type "const void *__restrict__"
          memcpy(&auto_shoot->yaw_add, &buf[3], sizeof(float));
..\application\USART_receive.c(36): warning:  #167-D: argument of type "const volatile uint8_t *" is incompatible with parameter of type "const void *__restrict__"
          memcpy(&auto_shoot->yaw_vel, &buf[7], sizeof(float));
..\application\USART_receive.c(38): warning:  #167-D: argument of type "const volatile uint8_t *" is incompatible with parameter of type "const void *__restrict__"
          memcpy(&auto_shoot->yaw_acc, &buf[11], sizeof(float));
..\application\USART_receive.c(40): warning:  #167-D: argument of type "const volatile uint8_t *" is incompatible with parameter of type "const void *__restrict__"
          memcpy(&auto_shoot->pitch_add, &buf[15], sizeof(float));
..\application\USART_receive.c(42): warning:  #167-D: argument of type "const volatile uint8_t *" is incompatible with parameter of type "const void *__restrict__"
          memcpy(&auto_shoot->pitch_vel, &buf[19], sizeof(float));
..\application\USART_receive.c(44): warning:  #167-D: argument of type "const volatile uint8_t *" is incompatible with parameter of type "const void *__restrict__"
          memcpy(&auto_shoot->pitch_acc, &buf[23], sizeof(float));
..\application\USART_receive.c(79): warning:  #2748-D: null argument provided for parameter marked with attribute "nonnull"
      memcpy(&sendBuffer[offset], 0, 4);
..\application\USART_receive.c(87): warning:  #2748-D: null argument provided for parameter marked with attribute "nonnull"
      memcpy(&sendBuffer[offset], 0, 4);
..\application\USART_receive.c(91): warning:  #2748-D: null argument provided for parameter marked with attribute "nonnull"
      memcpy(&sendBuffer[offset], 0, 4);
..\application\USART_receive.c(95): warning:  #2748-D: null argument provided for parameter marked with attribute "nonnull"
      memcpy(&sendBuffer[offset], 0, 2);
..\application\USART_receive.c: 12 warnings, 0 errors
compiling hoisting_task.c...
..\Task\gimbal_task.h(265): warning:  #1-D: last line of file ends without a newline
  #endif
..\application\GQ_Motor.h(26): warning:  #1-D: last line of file ends without a newline
  #endif
..\boards\bsp_led.h(9): warning:  #1295-D: Deprecated declaration LED_Normal - give arg types
  void LED_Normal();
..\boards\bsp_led.h(10): warning:  #1295-D: Deprecated declaration LED_Warning - give arg types
  void LED_Warning();
..\boards\bsp_led.h(11): warning:  #1295-D: Deprecated declaration LED_RC_Disconnected - give arg types
  void LED_RC_Disconnected();
..\Task\hoisting_task.c(162): warning:  #1-D: last line of file ends without a newline
  }
..\Task\hoisting_task.c: 6 warnings, 0 errors
compiling gimbal_task.c...
..\Task\gimbal_task.h(265): warning:  #1-D: last line of file ends without a newline
  #endif
..\Task\INS_task.h(120): warning:  #1295-D: Deprecated declaration IMU_Temperature_Ctrl - give arg types
  void IMU_Temperature_Ctrl();
..\boards\bsp_led.h(9): warning:  #1295-D: Deprecated declaration LED_Normal - give arg types
  void LED_Normal();
..\boards\bsp_led.h(10): warning:  #1295-D: Deprecated declaration LED_Warning - give arg types
  void LED_Warning();
..\boards\bsp_led.h(11): warning:  #1295-D: Deprecated declaration LED_RC_Disconnected - give arg types
  void LED_RC_Disconnected();
..\Task\gimbal_task.c(322): warning:  #177-D: function "gimbal_relative_angle_limit"  was declared but never referenced
  static void gimbal_relative_angle_limit(gimbal_motor_t *gimbal_motor, float add)
..\Task\gimbal_task.c(418): warning:  #177-D: function "gimbal_motor_relative_angle_control"  was declared but never referenced
  static void gimbal_motor_relative_angle_control(gimbal_motor_t *gimbal_motor)
..\Task\gimbal_task.c: 7 warnings, 0 errors
compiling chassis_behaviour.c...
..\Task\gimbal_task.h(265): warning:  #1-D: last line of file ends without a newline
  #endif
..\application\chassis_behaviour.c: 1 warning, 0 errors
compiling shoot_task.c...
..\Task\gimbal_task.h(265): warning:  #1-D: last line of file ends without a newline
  #endif
..\Task\shoot_task.h(153): warning:  #1-D: last line of file ends without a newline
  /************************ (C) COPYRIGHT STMicroelectronics *****END OF FILE****/
..\Task\shoot_task.c(119): warning:  #550-D: variable "shoot_block"  was set but never used
  static int shoot_block;
..\Task\shoot_task.c(121): warning:  #550-D: variable "move_flag"  was set but never used
  static uint8_t move_flag = 0;
..\Task\shoot_task.c(263): warning:  #177-D: variable "kadan_flag"  was declared but never referenced
  static int kadan_flag;
..\Task\shoot_task.c(456): warning:  #177-D: variable "wk11"  was declared but never referenced
  static int wk11;
..\Task\shoot_task.c(678): warning:  #177-D: function "bullet_one"  was declared but never referenced
  static void bullet_one()
..\Task\shoot_task.c: 7 warnings, 0 errors
compiling chassis_task.c...
..\Task\gimbal_task.h(265): warning:  #1-D: last line of file ends without a newline
  #endif
..\Task\INS_task.h(120): warning:  #1295-D: Deprecated declaration IMU_Temperature_Ctrl - give arg types
  void IMU_Temperature_Ctrl();
..\Task\chassis_task.c: 2 warnings, 0 errors
compiling INS_task.c...
..\Task\INS_Task.h(120): warning:  #1295-D: Deprecated declaration IMU_Temperature_Ctrl - give arg types
  void IMU_Temperature_Ctrl();
..\boards\bsp_led.h(9): warning:  #1295-D: Deprecated declaration LED_Normal - give arg types
  void LED_Normal();
..\boards\bsp_led.h(10): warning:  #1295-D: Deprecated declaration LED_Warning - give arg types
  void LED_Warning();
..\boards\bsp_led.h(11): warning:  #1295-D: Deprecated declaration LED_RC_Disconnected - give arg types
  void LED_RC_Disconnected();
..\Task\INS_task.c: 4 warnings, 0 errors
compiling user_lib.c...
..\components\algorithm\user_lib.c(195): warning:  #2532-D: support for trigraphs is disabled
  //??§???????????????-PI~PI
..\components\algorithm\user_lib.c: 1 warning, 0 errors
compiling bsp_imu_pwm.c...
compiling pid.c...
..\components\controller\pid.c(251): warning:  #940-D: missing return statement at end of non-void function "PID_deadline_limit" 
  }
..\components\controller\pid.c: 1 warning, 0 errors
compiling bsp_delay.c...
compiling bsp_pwm.c...
compiling BMI088Middleware.c...
compiling bsp_led.c...
..\boards\bsp_led.h(9): warning:  #1295-D: Deprecated declaration LED_Normal - give arg types
  void LED_Normal();
..\boards\bsp_led.h(10): warning:  #1295-D: Deprecated declaration LED_Warning - give arg types
  void LED_Warning();
..\boards\bsp_led.h(11): warning:  #1295-D: Deprecated declaration LED_RC_Disconnected - give arg types
  void LED_RC_Disconnected();
..\boards\bsp_led.c(41): warning:  #1-D: last line of file ends without a newline
  }
..\boards\bsp_led.c: 4 warnings, 0 errors
compiling AHRS_middleware.c...
compiling kalman_filter.c...
compiling bsp_dwt.c...
compiling BMI088driver.c...
compiling QuaternionEKF.c...
compiling bsp_usart.c...
..\boards\bsp_usart.c(215): warning:  #550-D: variable "pUartData"  was set but never used
          UART_RX_TypeDef *pUartData; /* 定义指向创建串口数据的指针 */     
..\boards\bsp_usart.c: 1 warning, 0 errors
compiling controller.c...
linking...
Program Size: Code=80604 RO-data=3880 RW-data=1180 ZI-data=65372  
FromELF: creating hex file...
"nailong_DT7\nailong_DT7.axf" - 0 Error(s), 56 Warning(s).

<h2>Software Packages used:</h2>

Package Vendor: ARM
                http://www.keil.com/pack/ARM.CMSIS.5.8.0.pack
                ARM.CMSIS.5.8.0
                CMSIS (Common Microcontroller Software Interface Standard)
   * Component: CORE Version: 5.5.0

Package Vendor: Keil
                https://www.keil.com/pack/Keil.STM32H7xx_DFP.4.0.0.pack
                Keil.STM32H7xx_DFP.4.0.0
                STMicroelectronics STM32H7 Series Device Support

<h2>Collection of Component include folders:</h2>
  .\RTE\_nailong_DT7
  D:\Keil5\ARM\CMSIS\5.8.0\CMSIS\Core\Include

<h2>Collection of Component Files used:</h2>

   * Component: ARM::CMSIS:CORE:5.5.0
      Include file:  CMSIS\Core\Include\tz_context.h
Build Time Elapsed:  00:00:40
</pre>
</body>
</html>
