Component: ARM Compiler 5.06 update 7 (build 960) Tool: armlink [4d3601]

==============================================================================

Section Cross References

    startup_stm32h723xx.o(STACK) refers (Special) to heapauxi.o(.text) for __use_two_region_memory
    startup_stm32h723xx.o(HEAP) refers (Special) to heapauxi.o(.text) for __use_two_region_memory
    startup_stm32h723xx.o(RESET) refers (Special) to heapauxi.o(.text) for __use_two_region_memory
    startup_stm32h723xx.o(RESET) refers to startup_stm32h723xx.o(STACK) for __initial_sp
    startup_stm32h723xx.o(RESET) refers to startup_stm32h723xx.o(.text) for Reset_Handler
    startup_stm32h723xx.o(RESET) refers to stm32h7xx_it.o(i.NMI_Handler) for NMI_Handler
    startup_stm32h723xx.o(RESET) refers to stm32h7xx_it.o(i.HardFault_Handler) for HardFault_Handler
    startup_stm32h723xx.o(RESET) refers to stm32h7xx_it.o(i.MemManage_Handler) for MemManage_Handler
    startup_stm32h723xx.o(RESET) refers to stm32h7xx_it.o(i.BusFault_Handler) for BusFault_Handler
    startup_stm32h723xx.o(RESET) refers to stm32h7xx_it.o(i.UsageFault_Handler) for UsageFault_Handler
    startup_stm32h723xx.o(RESET) refers to port.o(.emb_text) for SVC_Handler
    startup_stm32h723xx.o(RESET) refers to stm32h7xx_it.o(i.DebugMon_Handler) for DebugMon_Handler
    startup_stm32h723xx.o(RESET) refers to cmsis_os2.o(i.SysTick_Handler) for SysTick_Handler
    startup_stm32h723xx.o(RESET) refers to stm32h7xx_it.o(i.DMA1_Stream2_IRQHandler) for DMA1_Stream2_IRQHandler
    startup_stm32h723xx.o(RESET) refers to stm32h7xx_it.o(i.DMA1_Stream3_IRQHandler) for DMA1_Stream3_IRQHandler
    startup_stm32h723xx.o(RESET) refers to stm32h7xx_it.o(i.DMA1_Stream4_IRQHandler) for DMA1_Stream4_IRQHandler
    startup_stm32h723xx.o(RESET) refers to stm32h7xx_it.o(i.DMA1_Stream5_IRQHandler) for DMA1_Stream5_IRQHandler
    startup_stm32h723xx.o(RESET) refers to stm32h7xx_it.o(i.DMA1_Stream6_IRQHandler) for DMA1_Stream6_IRQHandler
    startup_stm32h723xx.o(RESET) refers to stm32h7xx_it.o(i.FDCAN1_IT0_IRQHandler) for FDCAN1_IT0_IRQHandler
    startup_stm32h723xx.o(RESET) refers to stm32h7xx_it.o(i.FDCAN2_IT0_IRQHandler) for FDCAN2_IT0_IRQHandler
    startup_stm32h723xx.o(RESET) refers to stm32h7xx_it.o(i.FDCAN1_IT1_IRQHandler) for FDCAN1_IT1_IRQHandler
    startup_stm32h723xx.o(RESET) refers to stm32h7xx_it.o(i.FDCAN2_IT1_IRQHandler) for FDCAN2_IT1_IRQHandler
    startup_stm32h723xx.o(RESET) refers to stm32h7xx_it.o(i.SPI2_IRQHandler) for SPI2_IRQHandler
    startup_stm32h723xx.o(RESET) refers to stm32h7xx_it.o(i.USART2_IRQHandler) for USART2_IRQHandler
    startup_stm32h723xx.o(RESET) refers to stm32h7xx_it.o(i.DMA1_Stream7_IRQHandler) for DMA1_Stream7_IRQHandler
    startup_stm32h723xx.o(RESET) refers to stm32h7xx_it.o(i.UART5_IRQHandler) for UART5_IRQHandler
    startup_stm32h723xx.o(RESET) refers to stm32h7xx_it.o(i.DMA2_Stream0_IRQHandler) for DMA2_Stream0_IRQHandler
    startup_stm32h723xx.o(RESET) refers to stm32h7xx_it.o(i.DMA2_Stream1_IRQHandler) for DMA2_Stream1_IRQHandler
    startup_stm32h723xx.o(RESET) refers to stm32h7xx_it.o(i.DMA2_Stream2_IRQHandler) for DMA2_Stream2_IRQHandler
    startup_stm32h723xx.o(RESET) refers to stm32h7xx_it.o(i.FDCAN_CAL_IRQHandler) for FDCAN_CAL_IRQHandler
    startup_stm32h723xx.o(RESET) refers to stm32h7xx_it.o(i.OTG_HS_IRQHandler) for OTG_HS_IRQHandler
    startup_stm32h723xx.o(RESET) refers to stm32h7xx_it.o(i.UART7_IRQHandler) for UART7_IRQHandler
    startup_stm32h723xx.o(RESET) refers to stm32h7xx_it.o(i.USART10_IRQHandler) for USART10_IRQHandler
    startup_stm32h723xx.o(RESET) refers to stm32h7xx_it.o(i.FDCAN3_IT0_IRQHandler) for FDCAN3_IT0_IRQHandler
    startup_stm32h723xx.o(RESET) refers to stm32h7xx_it.o(i.FDCAN3_IT1_IRQHandler) for FDCAN3_IT1_IRQHandler
    startup_stm32h723xx.o(RESET) refers to stm32h7xx_it.o(i.TIM23_IRQHandler) for TIM23_IRQHandler
    startup_stm32h723xx.o(.text) refers (Special) to heapauxi.o(.text) for __use_two_region_memory
    startup_stm32h723xx.o(.text) refers to system_stm32h7xx.o(i.ExitRun0Mode) for ExitRun0Mode
    startup_stm32h723xx.o(.text) refers to system_stm32h7xx.o(i.SystemInit) for SystemInit
    startup_stm32h723xx.o(.text) refers to __main.o(!!!main) for __main
    startup_stm32h723xx.o(.text) refers to startup_stm32h723xx.o(HEAP) for Heap_Mem
    startup_stm32h723xx.o(.text) refers to startup_stm32h723xx.o(STACK) for Stack_Mem
    main.o(i.HAL_TIM_PeriodElapsedCallback) refers to stm32h7xx_hal.o(i.HAL_IncTick) for HAL_IncTick
    main.o(i.SystemClock_Config) refers to rt_memclr_w.o(.text) for __aeabi_memclr4
    main.o(i.SystemClock_Config) refers to stm32h7xx_hal_pwr_ex.o(i.HAL_PWREx_ConfigSupply) for HAL_PWREx_ConfigSupply
    main.o(i.SystemClock_Config) refers to stm32h7xx_hal_rcc.o(i.HAL_RCC_OscConfig) for HAL_RCC_OscConfig
    main.o(i.SystemClock_Config) refers to main.o(i.Error_Handler) for Error_Handler
[...]
    0x080003b2   0x080003b2   0x00000002   PAD
    0x080003b4   0x080003b4   0x000000be   Code   RO         8748    .emb_text           port.o
    0x08000472   0x08000472   0x00000002   PAD
    0x08000474   0x08000474   0x00000000   Code   RO        12369    .emb_text           c_w.l(maybetermalloc1.o)
    0x08000474   0x08000474   0x00000048   Code   RO            4    .text               startup_stm32h723xx.o
    0x080004bc   0x080004bc   0x00000078   Code   RO        11629    .text               arm_cortexM4lf_math.lib(arm_cos_f32.o)
    0x08000534   0x08000534   0x00000074   Code   RO        11682    .text               arm_cortexM4lf_math.lib(arm_sin_f32.o)
    0x080005a8   0x080005a8   0x00000108   Code   RO        11706    .text               arm_cortexM4lf_math.lib(arm_mat_add_f32.o)
    0x080006b0   0x080006b0   0x00000008   Code   RO        11730    .text               arm_cortexM4lf_math.lib(arm_mat_init_f32.o)
    0x080006b8   0x080006b8   0x00000530   Code   RO        11754    .text               arm_cortexM4lf_math.lib(arm_mat_inverse_f32.o)
    0x08000be8   0x08000be8   0x0000013c   Code   RO        11778    .text               arm_cortexM4lf_math.lib(arm_mat_mult_f32.o)
    0x08000d24   0x08000d24   0x00000108   Code   RO        11802    .text               arm_cortexM4lf_math.lib(arm_mat_sub_f32.o)
    0x08000e2c   0x08000e2c   0x00000114   Code   RO        11826    .text               arm_cortexM4lf_math.lib(arm_mat_trans_f32.o)
    0x08000f40   0x08000f40   0x0000005e   Code   RO        11933    .text               c_w.l(h1_alloc.o)
    0x08000f9e   0x08000f9e   0x000000ee   Code   RO        11987    .text               c_w.l(lludivv7m.o)
    0x0800108c   0x0800108c   0x0000008a   Code   RO        11993    .text               c_w.l(rt_memcpy_v6.o)
    0x08001116   0x08001116   0x00000064   Code   RO        11995    .text               c_w.l(rt_memcpy_w.o)
    0x0800117a   0x0800117a   0x00000010   Code   RO        11999    .text               c_w.l(aeabi_memset.o)
    0x0800118a   0x0800118a   0x00000044   Code   RO        12001    .text               c_w.l(rt_memclr.o)
    0x080011ce   0x080011ce   0x0000004e   Code   RO        12003    .text               c_w.l(rt_memclr_w.o)
    0x0800121c   0x0800121c   0x00000006   Code   RO        12005    .text               c_w.l(heapauxi.o)
    0x08001222   0x08001222   0x00000002   PAD
    0x08001224   0x08001224   0x00000008   Code   RO        12115    .text               c_w.l(rt_heap_descriptor_intlibspace.o)
    0x0800122c   0x0800122c   0x00000004   Code   RO        12117    .text               c_w.l(hguard.o)
    0x08001230   0x08001230   0x0000008a   Code   RO        12119    .text               c_w.l(init_alloc.o)
    0x080012ba   0x080012ba   0x0000000e   Code   RO        12125    .text               c_w.l(h1_init.o)
    0x080012c8   0x080012c8   0x0000004e   Code   RO        12127    .text               c_w.l(h1_free.o)
    0x08001316   0x08001316   0x00000016   Code   RO        12143    .text               c_w.l(_rserrno.o)
    0x0800132c   0x0800132c   0x00000008   Code   RO        12342    .text               c_w.l(libspace.o)
    0x08001334   0x08001334   0x00000008   Code   RO        12365    .text               c_w.l(rt_errno_addr_intlibspace.o)
    0x0800133c   0x0800133c   0x00000034   Code   RO        12371    .text               c_w.l(h1_extend.o)
    0x08001370   0x08001370   0x0000000e   Code   RO        12393    .text               c_w.l(defsig_rtmem_outer.o)
    0x0800137e   0x0800137e   0x00000002   Code   RO        12422    .text               c_w.l(use_no_semi.o)
    0x08001380   0x08001380   0x00000000   Code   RO        12424    .text               c_w.l(indicate_semi.o)
    0x08001380   0x08001380   0x0000004a   Code   RO        12425    .text               c_w.l(sys_stackheap_outer.o)
    0x080013ca   0x080013ca   0x00000012   Code   RO        12468    .text               c_w.l(exit.o)
    0x080013dc   0x080013dc   0x0000000a   Code   RO        12470    .text               c_w.l(defsig_exit.o)
    0x080013e6   0x080013e6   0x0000000e   Code   RO        12472    .text               c_w.l(defsig_fpe_outer.o)
    0x080013f4   0x080013f4   0x00000050   Code   RO        12476    .text               c_w.l(defsig_rtmem_inner.o)
    0x08001444   0x08001444   0x0000000c   Code   RO        12494    .text               c_w.l(sys_exit.o)
    0x08001450   0x08001450   0x00000030   Code   RO        12502    .text               c_w.l(_fptrap.o)
    0x08001480   0x08001480   0x00000032   Code   RO        12509    .text               c_w.l(defsig_general.o)
    0x080014b2   0x080014b2   0x00000002   PAD
    0x080014b4   0x080014b4   0x000000ac   Code   RO        12511    .text               c_w.l(defsig_fpe_inner.o)
    0x08001560   0x08001560   0x0000000e   Code   RO        12533    .text               c_w.l(sys_wrch.o)
    0x0800156e   0x0800156e   0x00000002   PAD
    0x08001570   0x08001570   0x00000014   Code   RO        10477    i.BMI088_ACCEL_NS_H  bmi088middleware.o
    0x08001584   0x08001584   0x00000014   Code   RO        10478    i.BMI088_ACCEL_NS_L  bmi088middleware.o
    0x08001598   0x08001598   0x00000002   Code   RO        10479    i.BMI088_GPIO_init  bmi088middleware.o
    0x0800159a   0x0800159a   0x00000002   PAD
    0x0800159c   0x0800159c   0x00000014   Code   RO        10480    i.BMI088_GYRO_NS_H  bmi088middleware.o
    0x080015b0   0x080015b0   0x00000014   Code   RO        10481    i.BMI088_GYRO_NS_L  bmi088middleware.o
    0x080015c4   0x080015c4   0x00000002   Code   RO        10482    i.BMI088_com_init   bmi088middleware.o
    0x080015c6   0x080015c6   0x0000001a   Code   RO        10483    i.BMI088_delay_ms   bmi088middleware.o
    0x080015e0   0x080015e0   0x0000004a   Code   RO        10484    i.BMI088_delay_us   bmi088middleware.o
    0x0800162a   0x0800162a   0x00000034   Code   RO        10343    i.BMI088_init       bmi088driver.o
    0x0800165e   0x0800165e   0x00000002   PAD
    0x08001660   0x08001660   0x000001b8   Code   RO        10344    i.BMI088_read       bmi088driver.o
    0x08001818   0x08001818   0x00000026   Code   RO        10347    i.BMI088_read_muli_reg  bmi088driver.o
    0x0800183e   0x0800183e   0x00000018   Code   RO        10348    i.BMI088_read_single_reg  bmi088driver.o
    0x08001856   0x08001856   0x00000002   PAD
    0x08001858   0x08001858   0x00000020   Code   RO        10485    i.BMI088_read_write_byte  bmi088middleware.o
    0x08001878   0x08001878   0x00000014   Code   RO        10350    i.BMI088_write_single_reg  bmi088driver.o
    0x0800188c   0x0800188c   0x0000015a   Code   RO         9674    i.BodyFrameToEarthFrame  ins_task.o
    0x080019e6   0x080019e6   0x00000004   Code   RO          615    i.BusFault_Handler  stm32h7xx_it.o
    0x080019ea   0x080019ea   0x00000002   PAD
    0x080019ec   0x080019ec   0x00000064   Code   RO        11047    i.CAN_cmd_chassis   can_receive.o
    0x08001a50   0x08001a50   0x0000005c   Code   RO        11048    i.CAN_cmd_friction  can_receive.o
    0x08001aac   0x08001aac   0x000000a8   Code   RO        11049    i.CAN_cmd_gimbal    can_receive.o
    0x08001b54   0x08001b54   0x00000058   Code   RO        11050    i.CAN_cmd_shoot     can_receive.o
    0x08001bac   0x08001bac   0x00000044   Code   RO         1005    i.CDC_Control_HS    usbd_cdc_if.o
    0x08001bf0   0x08001bf0   0x00000004   Code   RO         1006    i.CDC_DeInit_HS     usbd_cdc_if.o
    0x08001bf4   0x08001bf4   0x00000024   Code   RO         1007    i.CDC_Init_HS       usbd_cdc_if.o
    0x08001c18   0x08001c18   0x00000028   Code   RO         1008    i.CDC_Receive_HS    usbd_cdc_if.o
    0x08001c40   0x08001c40   0x0000000c   Code   RO         1009    i.CDC_TransmitCplt_HS  usbd_cdc_if.o
    0x08001c4c   0x08001c4c   0x00000038   Code   RO         1010    i.CDC_Transmit_HS   usbd_cdc_if.o
    0x08001c84   0x08001c84   0x00000088   Code   RO        11051    i.Calc_motor_Angle  can_receive.o
    0x08001d0c   0x08001d0c   0x00000010   Code   RO          616    i.DMA1_Stream2_IRQHandler  stm32h7xx_it.o
    0x08001d1c   0x08001d1c   0x00000010   Code   RO          617    i.DMA1_Stream3_IRQHandler  stm32h7xx_it.o
    0x08001d2c   0x08001d2c   0x00000010   Code   RO          618    i.DMA1_Stream4_IRQHandler  stm32h7xx_it.o
    0x08001d3c   0x08001d3c   0x00000010   Code   RO          619    i.DMA1_Stream5_IRQHandler  stm32h7xx_it.o
    0x08001d4c   0x08001d4c   0x00000010   Code   RO          620    i.DMA1_Stream6_IRQHandler  stm32h7xx_it.o
    0x08001d5c   0x08001d5c   0x00000010   Code   RO          621    i.DMA1_Stream7_IRQHandler  stm32h7xx_it.o
    0x08001d6c   0x08001d6c   0x00000010   Code   RO          622    i.DMA2_Stream0_IRQHandler  stm32h7xx_it.o
    0x08001d7c   0x08001d7c   0x00000010   Code   RO          623    i.DMA2_Stream1_IRQHandler  stm32h7xx_it.o
    0x08001d8c   0x08001d8c   0x00000010   Code   RO          624    i.DMA2_Stream2_IRQHandler  stm32h7xx_it.o
    0x08001d9c   0x08001d9c   0x000000ec   Code   RO         3654    i.DMA_CalcBaseAndBitshift  stm32h7xx_hal_dma.o
    0x08001e88   0x08001e88   0x000000c4   Code   RO         3655    i.DMA_CalcDMAMUXChannelBaseAndMask  stm32h7xx_hal_dma.o
    0x08001f4c   0x08001f4c   0x00000098   Code   RO         3656    i.DMA_CalcDMAMUXRequestGenBaseAndMask  stm32h7xx_hal_dma.o
    0x08001fe4   0x08001fe4   0x000000ae   Code   RO         3657    i.DMA_CheckFifoParam  stm32h7xx_hal_dma.o
    0x08002092   0x08002092   0x00000002   PAD
    0x08002094   0x08002094   0x00000274   Code   RO         3658    i.DMA_SetConfig     stm32h7xx_hal_dma.o
    0x08002308   0x08002308   0x0000004c   Code   RO        10160    i.DWT_CNT_Update    bsp_dwt.o
    0x08002354   0x08002354   0x0000004c   Code   RO        10162    i.DWT_GetDeltaT     bsp_dwt.o
    0x080023a0   0x080023a0   0x00000070   Code   RO        10167    i.DWT_Init          bsp_dwt.o
    0x08002410   0x08002410   0x00000002   Code   RO          625    i.DebugMon_Handler  stm32h7xx_it.o
    0x08002412   0x08002412   0x0000015a   Code   RO         9675    i.EarthFrameToBodyFrame  ins_task.o
    0x0800256c   0x0800256c   0x00000006   Code   RO           13    i.Error_Handler     main.o
    0x08002572   0x08002572   0x00000002   PAD
    0x08002574   0x08002574   0x00000024   Code   RO         6953    i.ExitRun0Mode      system_stm32h7xx.o
    0x08002598   0x08002598   0x00000010   Code   RO          626    i.FDCAN1_IT0_IRQHandler  stm32h7xx_it.o
    0x080025a8   0x080025a8   0x00000010   Code   RO          627    i.FDCAN1_IT1_IRQHandler  stm32h7xx_it.o
    0x080025b8   0x080025b8   0x00000010   Code   RO          628    i.FDCAN2_IT0_IRQHandler  stm32h7xx_it.o
    0x080025c8   0x080025c8   0x00000010   Code   RO          629    i.FDCAN2_IT1_IRQHandler  stm32h7xx_it.o
    0x080025d8   0x080025d8   0x00000010   Code   RO          630    i.FDCAN3_IT0_IRQHandler  stm32h7xx_it.o
    0x080025e8   0x080025e8   0x00000010   Code   RO          631    i.FDCAN3_IT1_IRQHandler  stm32h7xx_it.o
    0x080025f8   0x080025f8   0x00000018   Code   RO          632    i.FDCAN_CAL_IRQHandler  stm32h7xx_it.o
    0x08002610   0x08002610   0x00000220   Code   RO         5453    i.FDCAN_CalcultateRamBlockAddresses  stm32h7xx_hal_fdcan.o
    0x08002830   0x08002830   0x000000d0   Code   RO         5454    i.FDCAN_CopyMessageToRAM  stm32h7xx_hal_fdcan.o
    0x08002900   0x08002900   0x00000030   Code   RO        11567    i.GQ_Motor_send_current  gq_motor.o
    0x08002930   0x08002930   0x00000034   Code   RO          909    i.Get_SerialNum     usbd_desc.o
    0x08002964   0x08002964   0x000004dc   Code   RO         3659    i.HAL_DMA_Abort     stm32h7xx_hal_dma.o
    0x08002e40   0x08002e40   0x00000398   Code   RO         3660    i.HAL_DMA_Abort_IT  stm32h7xx_hal_dma.o
    0x080031d8   0x080031d8   0x00000006   Code   RO         3662    i.HAL_DMA_GetError  stm32h7xx_hal_dma.o
    0x080031de   0x080031de   0x00000002   PAD
    0x080031e0   0x080031e0   0x00000af8   Code   RO         3664    i.HAL_DMA_IRQHandler  stm32h7xx_hal_dma.o
    0x08003cd8   0x08003cd8   0x00000514   Code   RO         3665    i.HAL_DMA_Init      stm32h7xx_hal_dma.o
    0x080041ec   0x080041ec   0x000003e0   Code   RO         3669    i.HAL_DMA_Start_IT  stm32h7xx_hal_dma.o
    0x080045cc   0x080045cc   0x00000028   Code   RO         4514    i.HAL_Delay         stm32h7xx_hal.o
    0x080045f4   0x080045f4   0x000000a8   Code   RO         5456    i.HAL_FDCAN_ActivateNotification  stm32h7xx_hal_fdcan.o
    0x0800469c   0x0800469c   0x00000090   Code   RO         5458    i.HAL_FDCAN_AddMessageToTxFifoQ  stm32h7xx_hal_fdcan.o
    0x0800472c   0x0800472c   0x00000002   Code   RO         5459    i.HAL_FDCAN_ClockCalibrationCallback  stm32h7xx_hal_fdcan.o
    0x0800472e   0x0800472e   0x0000006c   Code   RO         5462    i.HAL_FDCAN_ConfigFifoWatermark  stm32h7xx_hal_fdcan.o
    0x0800479a   0x0800479a   0x000000a8   Code   RO         5463    i.HAL_FDCAN_ConfigFilter  stm32h7xx_hal_fdcan.o
    0x08004842   0x08004842   0x00000034   Code   RO         5464    i.HAL_FDCAN_ConfigGlobalFilter  stm32h7xx_hal_fdcan.o
    0x08004876   0x08004876   0x00000002   Code   RO         5485    i.HAL_FDCAN_ErrorCallback  stm32h7xx_hal_fdcan.o
    0x08004878   0x08004878   0x00000002   Code   RO         5486    i.HAL_FDCAN_ErrorStatusCallback  stm32h7xx_hal_fdcan.o
    0x0800487a   0x0800487a   0x00000002   PAD
    0x0800487c   0x0800487c   0x000001f4   Code   RO         5497    i.HAL_FDCAN_GetRxMessage  stm32h7xx_hal_fdcan.o
    0x08004a70   0x08004a70   0x00000002   Code   RO         5503    i.HAL_FDCAN_HighPriorityMessageCallback  stm32h7xx_hal_fdcan.o
    0x08004a72   0x08004a72   0x00000002   PAD
    0x08004a74   0x08004a74   0x000003d4   Code   RO         5504    i.HAL_FDCAN_IRQHandler  stm32h7xx_hal_fdcan.o
    0x08004e48   0x08004e48   0x000002e0   Code   RO         5505    i.HAL_FDCAN_Init    stm32h7xx_hal_fdcan.o
    0x08005128   0x08005128   0x0000025c   Code   RO          399    i.HAL_FDCAN_MspInit  fdcan.o
    0x08005384   0x08005384   0x00000002   Code   RO         5514    i.HAL_FDCAN_RxBufferNewMessageCallback  stm32h7xx_hal_fdcan.o
    0x08005386   0x08005386   0x00000002   PAD
    0x08005388   0x08005388   0x00000514   Code   RO        11052    i.HAL_FDCAN_RxFifo0Callback  can_receive.o
    0x0800589c   0x0800589c   0x00000002   Code   RO         5516    i.HAL_FDCAN_RxFifo1Callback  stm32h7xx_hal_fdcan.o
    0x0800589e   0x0800589e   0x00000034   Code   RO         5517    i.HAL_FDCAN_Start   stm32h7xx_hal_fdcan.o
    0x080058d2   0x080058d2   0x00000002   Code   RO         5539    i.HAL_FDCAN_TT_GlobalTimeCallback  stm32h7xx_hal_fdcan.o
    0x080058d4   0x080058d4   0x00000002   Code   RO         5540    i.HAL_FDCAN_TT_ScheduleSyncCallback  stm32h7xx_hal_fdcan.o
    0x080058d6   0x080058d6   0x00000002   Code   RO         5545    i.HAL_FDCAN_TT_StopWatchCallback  stm32h7xx_hal_fdcan.o
    0x080058d8   0x080058d8   0x00000002   Code   RO         5546    i.HAL_FDCAN_TT_TimeMarkCallback  stm32h7xx_hal_fdcan.o
    0x080058da   0x080058da   0x00000002   Code   RO         5547    i.HAL_FDCAN_TimeoutOccurredCallback  stm32h7xx_hal_fdcan.o
    0x080058dc   0x080058dc   0x00000002   Code   RO         5548    i.HAL_FDCAN_TimestampWraparoundCallback  stm32h7xx_hal_fdcan.o
    0x080058de   0x080058de   0x00000002   Code   RO         5549    i.HAL_FDCAN_TxBufferAbortCallback  stm32h7xx_hal_fdcan.o
    0x080058e0   0x080058e0   0x00000002   Code   RO         5550    i.HAL_FDCAN_TxBufferCompleteCallback  stm32h7xx_hal_fdcan.o
    0x080058e2   0x080058e2   0x00000002   Code   RO         5551    i.HAL_FDCAN_TxEventFifoCallback  stm32h7xx_hal_fdcan.o
    0x080058e4   0x080058e4   0x00000002   Code   RO         5552    i.HAL_FDCAN_TxFifoEmptyCallback  stm32h7xx_hal_fdcan.o
    0x080058e6   0x080058e6   0x00000002   PAD
    0x080058e8   0x080058e8   0x000001f0   Code   RO         3507    i.HAL_GPIO_Init     stm32h7xx_hal_gpio.o
    0x08005ad8   0x08005ad8   0x00000010   Code   RO         3509    i.HAL_GPIO_ReadPin  stm32h7xx_hal_gpio.o
    0x08005ae8   0x08005ae8   0x0000000c   Code   RO         3511    i.HAL_GPIO_WritePin  stm32h7xx_hal_gpio.o
    0x08005af4   0x08005af4   0x0000000c   Code   RO         4530    i.HAL_GetTick       stm32h7xx_hal.o
    0x08005b00   0x08005b00   0x00000018   Code   RO         4536    i.HAL_IncTick       stm32h7xx_hal.o
    0x08005b18   0x08005b18   0x00000060   Code   RO         4537    i.HAL_Init          stm32h7xx_hal.o
    0x08005b78   0x08005b78   0x00000094   Code   RO          835    i.HAL_InitTick      stm32h7xx_hal_timebase_tim.o
    0x08005c0c   0x08005c0c   0x00000030   Code   RO          811    i.HAL_MspInit       stm32h7xx_hal_msp.o
    0x08005c3c   0x08005c3c   0x00000028   Code   RO         4357    i.HAL_NVIC_EnableIRQ  stm32h7xx_hal_cortex.o
    0x08005c64   0x08005c64   0x0000007a   Code   RO         4363    i.HAL_NVIC_SetPriority  stm32h7xx_hal_cortex.o
    0x08005cde   0x08005cde   0x00000002   PAD
    0x08005ce0   0x08005ce0   0x00000028   Code   RO         4364    i.HAL_NVIC_SetPriorityGrouping  stm32h7xx_hal_cortex.o
    0x08005d08   0x08005d08   0x00000028   Code   RO         2552    i.HAL_PCDEx_ActivateLPM  stm32h7xx_hal_pcd_ex.o
    0x08005d30   0x08005d30   0x00000002   Code   RO         2557    i.HAL_PCDEx_LPM_Callback  stm32h7xx_hal_pcd_ex.o
    0x08005d32   0x08005d32   0x0000000a   Code   RO         2558    i.HAL_PCDEx_SetRxFiFo  stm32h7xx_hal_pcd_ex.o
    0x08005d3c   0x08005d3c   0x0000004e   Code   RO         2559    i.HAL_PCDEx_SetTxFiFo  stm32h7xx_hal_pcd_ex.o
    0x08005d8a   0x08005d8a   0x0000000e   Code   RO         1073    i.HAL_PCD_ConnectCallback  usbd_conf.o
    0x08005d98   0x08005d98   0x00000020   Code   RO         1074    i.HAL_PCD_DataInStageCallback  usbd_conf.o
    0x08005db8   0x08005db8   0x00000020   Code   RO         1075    i.HAL_PCD_DataOutStageCallback  usbd_conf.o
    0x08005dd8   0x08005dd8   0x0000000e   Code   RO         1076    i.HAL_PCD_DisconnectCallback  usbd_conf.o
    0x08005de6   0x08005de6   0x00000042   Code   RO         2323    i.HAL_PCD_EP_Abort  stm32h7xx_hal_pcd.o
    0x08005e28   0x08005e28   0x0000006a   Code   RO         2324    i.HAL_PCD_EP_Close  stm32h7xx_hal_pcd.o
    0x08005e92   0x08005e92   0x0000007c   Code   RO         2325    i.HAL_PCD_EP_ClrStall  stm32h7xx_hal_pcd.o
    0x08005f0e   0x08005f0e   0x00000016   Code   RO         2327    i.HAL_PCD_EP_GetRxCount  stm32h7xx_hal_pcd.o
    0x08005f24   0x08005f24   0x0000008e   Code   RO         2328    i.HAL_PCD_EP_Open   stm32h7xx_hal_pcd.o
    0x08005fb2   0x08005fb2   0x00000046   Code   RO         2329    i.HAL_PCD_EP_Receive  stm32h7xx_hal_pcd.o
    0x08005ff8   0x08005ff8   0x0000008a   Code   RO         2330    i.HAL_PCD_EP_SetStall  stm32h7xx_hal_pcd.o
    0x08006082   0x08006082   0x00000048   Code   RO         2331    i.HAL_PCD_EP_Transmit  stm32h7xx_hal_pcd.o
    0x080060ca   0x080060ca   0x0000070e   Code   RO         2333    i.HAL_PCD_IRQHandler  stm32h7xx_hal_pcd.o
    0x080067d8   0x080067d8   0x00000012   Code   RO         1077    i.HAL_PCD_ISOINIncompleteCallback  usbd_conf.o
    0x080067ea   0x080067ea   0x00000012   Code   RO         1078    i.HAL_PCD_ISOOUTIncompleteCallback  usbd_conf.o
    0x080067fc   0x080067fc   0x0000015e   Code   RO         2336    i.HAL_PCD_Init      stm32h7xx_hal_pcd.o
    0x0800695a   0x0800695a   0x00000002   PAD
    0x0800695c   0x0800695c   0x000000bc   Code   RO         1080    i.HAL_PCD_MspInit   usbd_conf.o
    0x08006a18   0x08006a18   0x00000030   Code   RO         1081    i.HAL_PCD_ResetCallback  usbd_conf.o
    0x08006a48   0x08006a48   0x0000000e   Code   RO         1082    i.HAL_PCD_ResumeCallback  usbd_conf.o
    0x08006a56   0x08006a56   0x0000000e   Code   RO         1083    i.HAL_PCD_SOFCallback  usbd_conf.o
    0x08006a64   0x08006a64   0x00000034   Code   RO         2342    i.HAL_PCD_SetAddress  stm32h7xx_hal_pcd.o
    0x08006a98   0x08006a98   0x00000012   Code   RO         1084    i.HAL_PCD_SetupStageCallback  usbd_conf.o
    0x08006aaa   0x08006aaa   0x0000004c   Code   RO         2345    i.HAL_PCD_Start     stm32h7xx_hal_pcd.o
    0x08006af6   0x08006af6   0x00000002   PAD
    0x08006af8   0x08006af8   0x00000034   Code   RO         1085    i.HAL_PCD_SuspendCallback  usbd_conf.o
    0x08006b2c   0x08006b2c   0x00000060   Code   RO         4108    i.HAL_PWREx_ConfigSupply  stm32h7xx_hal_pwr_ex.o
    0x08006b8c   0x08006b8c   0x00000014   Code   RO         4125    i.HAL_PWREx_EnableUSBVoltageDetector  stm32h7xx_hal_pwr_ex.o
    0x08006ba0   0x08006ba0   0x00000024   Code   RO         3050    i.HAL_RCCEx_GetD3PCLK1Freq  stm32h7xx_hal_rcc_ex.o
    0x08006bc4   0x08006bc4   0x00000230   Code   RO         3052    i.HAL_RCCEx_GetPLL2ClockFreq  stm32h7xx_hal_rcc_ex.o
    0x08006df4   0x08006df4   0x00000230   Code   RO         3053    i.HAL_RCCEx_GetPLL3ClockFreq  stm32h7xx_hal_rcc_ex.o
    0x08007024   0x08007024   0x00000cc8   Code   RO         3059    i.HAL_RCCEx_PeriphCLKConfig  stm32h7xx_hal_rcc_ex.o
    0x08007cec   0x08007cec   0x00000320   Code   RO         2935    i.HAL_RCC_ClockConfig  stm32h7xx_hal_rcc.o
    0x0800800c   0x0800800c   0x0000006c   Code   RO         2939    i.HAL_RCC_GetClockConfig  stm32h7xx_hal_rcc.o
    0x08008078   0x08008078   0x0000004c   Code   RO         2940    i.HAL_RCC_GetHCLKFreq  stm32h7xx_hal_rcc.o
    0x080080c4   0x080080c4   0x00000024   Code   RO         2942    i.HAL_RCC_GetPCLK1Freq  stm32h7xx_hal_rcc.o
    0x080080e8   0x080080e8   0x00000024   Code   RO         2943    i.HAL_RCC_GetPCLK2Freq  stm32h7xx_hal_rcc.o
    0x0800810c   0x0800810c   0x0000022c   Code   RO         2944    i.HAL_RCC_GetSysClockFreq  stm32h7xx_hal_rcc.o
    0x08008338   0x08008338   0x0000075c   Code   RO         2947    i.HAL_RCC_OscConfig  stm32h7xx_hal_rcc.o
    0x08008a94   0x08008a94   0x00000002   Code   RO         6078    i.HAL_SPI_ErrorCallback  stm32h7xx_hal_spi.o
    0x08008a96   0x08008a96   0x00000002   PAD
    0x08008a98   0x08008a98   0x00000294   Code   RO         6081    i.HAL_SPI_IRQHandler  stm32h7xx_hal_spi.o
    0x08008d2c   0x08008d2c   0x000001b0   Code   RO         6082    i.HAL_SPI_Init      stm32h7xx_hal_spi.o
    0x08008edc   0x08008edc   0x00000200   Code   RO          454    i.HAL_SPI_MspInit   spi.o
    0x080090dc   0x080090dc   0x00000002   Code   RO         6088    i.HAL_SPI_RxCpltCallback  stm32h7xx_hal_spi.o
    0x080090de   0x080090de   0x00000002   Code   RO         6090    i.HAL_SPI_SuspendCallback  stm32h7xx_hal_spi.o
    0x080090e0   0x080090e0   0x000002b4   Code   RO         6091    i.HAL_SPI_Transmit  stm32h7xx_hal_spi.o
    0x08009394   0x08009394   0x00000454   Code   RO         6092    i.HAL_SPI_TransmitReceive  stm32h7xx_hal_spi.o
    0x080097e8   0x080097e8   0x00000002   Code   RO         6097    i.HAL_SPI_TxCpltCallback  stm32h7xx_hal_spi.o
    0x080097ea   0x080097ea   0x00000002   Code   RO         6099    i.HAL_SPI_TxRxCpltCallback  stm32h7xx_hal_spi.o
    0x080097ec   0x080097ec   0x00000014   Code   RO         4544    i.HAL_SYSCFG_AnalogSwitchConfig  stm32h7xx_hal.o
    0x08009800   0x08009800   0x00000002   Code   RO         2011    i.HAL_TIMEx_Break2Callback  stm32h7xx_hal_tim_ex.o
    0x08009802   0x08009802   0x00000002   Code   RO         2012    i.HAL_TIMEx_BreakCallback  stm32h7xx_hal_tim_ex.o
    0x08009804   0x08009804   0x00000002   Code   RO         2013    i.HAL_TIMEx_CommutCallback  stm32h7xx_hal_tim_ex.o
    0x08009806   0x08009806   0x00000002   PAD
    0x08009808   0x08009808   0x000000e4   Code   RO         2034    i.HAL_TIMEx_MasterConfigSynchronization  stm32h7xx_hal_tim_ex.o
    0x080098ec   0x080098ec   0x0000006e   Code   RO         1286    i.HAL_TIM_Base_Init  stm32h7xx_hal_tim.o
    0x0800995a   0x0800995a   0x00000002   Code   RO         1288    i.HAL_TIM_Base_MspInit  stm32h7xx_hal_tim.o
    0x0800995c   0x0800995c   0x000000cc   Code   RO         1291    i.HAL_TIM_Base_Start_IT  stm32h7xx_hal_tim.o
    0x08009a28   0x08009a28   0x00000002   Code   RO         1320    i.HAL_TIM_IC_CaptureCallback  stm32h7xx_hal_tim.o
    0x08009a2a   0x08009a2a   0x00000198   Code   RO         1334    i.HAL_TIM_IRQHandler  stm32h7xx_hal_tim.o
    0x08009bc2   0x08009bc2   0x00000002   PAD
    0x08009bc4   0x08009bc4   0x000000a0   Code   RO          501    i.HAL_TIM_MspPostInit  tim.o
    0x08009c64   0x08009c64   0x00000002   Code   RO         1337    i.HAL_TIM_OC_DelayElapsedCallback  stm32h7xx_hal_tim.o
    0x08009c66   0x08009c66   0x00000170   Code   RO         1358    i.HAL_TIM_PWM_ConfigChannel  stm32h7xx_hal_tim.o
    0x08009dd6   0x08009dd6   0x0000006e   Code   RO         1361    i.HAL_TIM_PWM_Init  stm32h7xx_hal_tim.o
    0x08009e44   0x08009e44   0x00000058   Code   RO          503    i.HAL_TIM_PWM_MspInit  tim.o
    0x08009e9c   0x08009e9c   0x00000002   Code   RO         1364    i.HAL_TIM_PWM_PulseFinishedCallback  stm32h7xx_hal_tim.o
    0x08009e9e   0x08009e9e   0x00000002   PAD
    0x08009ea0   0x08009ea0   0x0000017c   Code   RO         1366    i.HAL_TIM_PWM_Start  stm32h7xx_hal_tim.o
    0x0800a01c   0x0800a01c   0x00000018   Code   RO           14    i.HAL_TIM_PeriodElapsedCallback  main.o
    0x0800a034   0x0800a034   0x00000002   Code   RO         1377    i.HAL_TIM_TriggerCallback  stm32h7xx_hal_tim.o
    0x0800a036   0x0800a036   0x0000004e   Code   RO         6830    i.HAL_UARTEx_DisableFifoMode  stm32h7xx_hal_uart_ex.o
    0x0800a084   0x0800a084   0x00000062   Code   RO         6836    i.HAL_UARTEx_ReceiveToIdle_DMA  stm32h7xx_hal_uart_ex.o
    0x0800a0e6   0x0800a0e6   0x00000002   PAD
    0x0800a0e8   0x0800a0e8   0x000001e0   Code   RO        10071    i.HAL_UARTEx_RxEventCallback  bsp_usart.o
    0x0800a2c8   0x0800a2c8   0x00000002   Code   RO         6838    i.HAL_UARTEx_RxFifoFullCallback  stm32h7xx_hal_uart_ex.o
    0x0800a2ca   0x0800a2ca   0x0000005e   Code   RO         6839    i.HAL_UARTEx_SetRxFifoThreshold  stm32h7xx_hal_uart_ex.o
    0x0800a328   0x0800a328   0x0000005e   Code   RO         6840    i.HAL_UARTEx_SetTxFifoThreshold  stm32h7xx_hal_uart_ex.o
    0x0800a386   0x0800a386   0x00000002   Code   RO         6842    i.HAL_UARTEx_TxFifoEmptyCallback  stm32h7xx_hal_uart_ex.o
    0x0800a388   0x0800a388   0x00000002   Code   RO         6843    i.HAL_UARTEx_WakeupCallback  stm32h7xx_hal_uart_ex.o
    0x0800a38a   0x0800a38a   0x00000002   PAD
    0x0800a38c   0x0800a38c   0x000000e0   Code   RO         6417    i.HAL_UART_AbortReceive  stm32h7xx_hal_uart.o
    0x0800a46c   0x0800a46c   0x00000090   Code   RO        10072    i.HAL_UART_ErrorCallback  bsp_usart.o
    0x0800a4fc   0x0800a4fc   0x000004b6   Code   RO         6433    i.HAL_UART_IRQHandler  stm32h7xx_hal_uart.o
    0x0800a9b2   0x0800a9b2   0x00000078   Code   RO         6434    i.HAL_UART_Init     stm32h7xx_hal_uart.o
    0x0800aa2a   0x0800aa2a   0x00000002   PAD
    0x0800aa2c   0x0800aa2c   0x0000047c   Code   RO          556    i.HAL_UART_MspInit  usart.o
    0x0800aea8   0x0800aea8   0x00000002   Code   RO         6441    i.HAL_UART_RxCpltCallback  stm32h7xx_hal_uart.o
    0x0800aeaa   0x0800aeaa   0x00000002   Code   RO         6442    i.HAL_UART_RxHalfCpltCallback  stm32h7xx_hal_uart.o
    0x0800aeac   0x0800aeac   0x000000a0   Code   RO         6444    i.HAL_UART_Transmit_DMA  stm32h7xx_hal_uart.o
    0x0800af4c   0x0800af4c   0x00000048   Code   RO        10073    i.HAL_UART_TxCpltCallback  bsp_usart.o
    0x0800af94   0x0800af94   0x00000002   Code   RO         6447    i.HAL_UART_TxHalfCpltCallback  stm32h7xx_hal_uart.o
    0x0800af96   0x0800af96   0x00000002   PAD
    0x0800af98   0x0800af98   0x00000130   Code   RO        10896    i.H_K_R_Adjustment  kalman_filter.o
    0x0800b0c8   0x0800b0c8   0x00000004   Code   RO          633    i.HardFault_Handler  stm32h7xx_it.o
    0x0800b0cc   0x0800b0cc   0x00000380   Code   RO         9676    i.IMU_Param_Correction  ins_task.o
    0x0800b44c   0x0800b44c   0x00000238   Code   RO        10979    i.IMU_QuaternionEKF_F_Linearization_P_Fading  quaternionekf.o
    0x0800b684   0x0800b684   0x00000130   Code   RO        10980    i.IMU_QuaternionEKF_Init  quaternionekf.o
    0x0800b7b4   0x0800b7b4   0x00000034   Code   RO        10981    i.IMU_QuaternionEKF_Observe  quaternionekf.o
    0x0800b7e8   0x0800b7e8   0x00000128   Code   RO        10982    i.IMU_QuaternionEKF_SetH  quaternionekf.o
    0x0800b910   0x0800b910   0x0000062c   Code   RO        10983    i.IMU_QuaternionEKF_Update  quaternionekf.o
    0x0800bf3c   0x0800bf3c   0x00000508   Code   RO        10984    i.IMU_QuaternionEKF_xhatUpdate  quaternionekf.o
    0x0800c444   0x0800c444   0x00000074   Code   RO         9677    i.IMU_Temperature_Ctrl  ins_task.o
    0x0800c4b8   0x0800c4b8   0x000000e0   Code   RO         9678    i.INS_Init          ins_task.o
    0x0800c598   0x0800c598   0x0000054c   Code   RO         9679    i.INS_Task          ins_task.o
    0x0800cae4   0x0800cae4   0x000000d4   Code   RO         9680    i.INS_task          ins_task.o
    0x0800cbb8   0x0800cbb8   0x0000003e   Code   RO          910    i.IntToUnicode      usbd_desc.o
    0x0800cbf6   0x0800cbf6   0x00000002   PAD
    0x0800cbf8   0x0800cbf8   0x0000070c   Code   RO        10897    i.Kalman_Filter_Init  kalman_filter.o
    0x0800d304   0x0800d304   0x00000050   Code   RO        10898    i.Kalman_Filter_Measure  kalman_filter.o
    0x0800d354   0x0800d354   0x00000068   Code   RO        10899    i.Kalman_Filter_P_Update  kalman_filter.o
    0x0800d3bc   0x0800d3bc   0x00000068   Code   RO        10900    i.Kalman_Filter_PminusUpdate  kalman_filter.o
    0x0800d424   0x0800d424   0x000000d2   Code   RO        10901    i.Kalman_Filter_SetK  kalman_filter.o
    0x0800d4f6   0x0800d4f6   0x00000002   PAD
    0x0800d4f8   0x0800d4f8   0x00000128   Code   RO        10902    i.Kalman_Filter_Update  kalman_filter.o
    0x0800d620   0x0800d620   0x0000007c   Code   RO        10903    i.Kalman_Filter_xhatMinusUpdate  kalman_filter.o
    0x0800d69c   0x0800d69c   0x00000086   Code   RO        10904    i.Kalman_Filter_xhatUpdate  kalman_filter.o
    0x0800d722   0x0800d722   0x0000000e   Code   RO        10263    i.LED_Normal        bsp_led.o
    0x0800d730   0x0800d730   0x0000000e   Code   RO        10264    i.LED_RC_Disconnected  bsp_led.o
    0x0800d73e   0x0800d73e   0x00000002   PAD
    0x0800d740   0x0800d740   0x000000d0   Code   RO          374    i.MX_DMA_Init       dma.o
    0x0800d810   0x0800d810   0x00000084   Code   RO          400    i.MX_FDCAN1_Init    fdcan.o
    0x0800d894   0x0800d894   0x00000088   Code   RO          401    i.MX_FDCAN2_Init    fdcan.o
    0x0800d91c   0x0800d91c   0x00000088   Code   RO          402    i.MX_FDCAN3_Init    fdcan.o
    0x0800d9a4   0x0800d9a4   0x000000bc   Code   RO          325    i.MX_FREERTOS_Init  freertos.o
    0x0800da60   0x0800da60   0x00000118   Code   RO          300    i.MX_GPIO_Init      gpio.o
    0x0800db78   0x0800db78   0x00000064   Code   RO          455    i.MX_SPI2_Init      spi.o
    0x0800dbdc   0x0800dbdc   0x00000064   Code   RO          456    i.MX_SPI6_Init      spi.o
    0x0800dc40   0x0800dc40   0x00000080   Code   RO          504    i.MX_TIM12_Init     tim.o
    0x0800dcc0   0x0800dcc0   0x00000080   Code   RO          505    i.MX_TIM3_Init      tim.o
    0x0800dd40   0x0800dd40   0x00000074   Code   RO          557    i.MX_UART5_Init     usart.o
    0x0800ddb4   0x0800ddb4   0x0000006c   Code   RO          558    i.MX_UART7_Init     usart.o
    0x0800de20   0x0800de20   0x0000006c   Code   RO          559    i.MX_USART10_UART_Init  usart.o
    0x0800de8c   0x0800de8c   0x0000006c   Code   RO          560    i.MX_USART2_UART_Init  usart.o
    0x0800def8   0x0800def8   0x00000050   Code   RO          874    i.MX_USB_DEVICE_Init  usb_device.o
    0x0800df48   0x0800df48   0x00000004   Code   RO          634    i.MemManage_Handler  stm32h7xx_it.o
    0x0800df4c   0x0800df4c   0x00000004   Code   RO          635    i.NMI_Handler       stm32h7xx_it.o
    0x0800df50   0x0800df50   0x00000248   Code   RO        10550    i.OLS_Derivative    user_lib.o
    0x0800e198   0x0800e198   0x00000058   Code   RO        10551    i.OLS_Init          user_lib.o
    0x0800e1f0   0x0800e1f0   0x00000010   Code   RO          636    i.OTG_HS_IRQHandler  stm32h7xx_it.o
    0x0800e200   0x0800e200   0x00000064   Code   RO         2348    i.PCD_EP_OutSetupPacket_int  stm32h7xx_hal_pcd.o
    0x0800e264   0x0800e264   0x00000144   Code   RO         2349    i.PCD_EP_OutXfrComplete_int  stm32h7xx_hal_pcd.o
    0x0800e3a8   0x0800e3a8   0x000000b6   Code   RO         2350    i.PCD_WriteEmptyTxFifo  stm32h7xx_hal_pcd.o
    0x0800e45e   0x0800e45e   0x000002cc   Code   RO        10771    i.PID_Calculate     controller.o
    0x0800e72a   0x0800e72a   0x00000002   PAD
    0x0800e72c   0x0800e72c   0x000000a8   Code   RO        10772    i.PID_Init1         controller.o
    0x0800e7d4   0x0800e7d4   0x00000120   Code   RO        10678    i.PID_calc          pid.o
    0x0800e8f4   0x0800e8f4   0x00000140   Code   RO        10679    i.PID_calc_chassis  pid.o
    0x0800ea34   0x0800ea34   0x0000004c   Code   RO        10680    i.PID_clear         pid.o
    0x0800ea80   0x0800ea80   0x00000050   Code   RO        10682    i.PID_init          pid.o
    0x0800ead0   0x0800ead0   0x00000164   Code   RO         3062    i.RCCEx_PLL2_Config  stm32h7xx_hal_rcc_ex.o
    0x0800ec34   0x0800ec34   0x00000164   Code   RO         3063    i.RCCEx_PLL3_Config  stm32h7xx_hal_rcc_ex.o
    0x0800ed98   0x0800ed98   0x00000010   Code   RO          637    i.SPI2_IRQHandler   stm32h7xx_it.o
    0x0800eda8   0x0800eda8   0x000000d6   Code   RO         6102    i.SPI_CloseTransfer  stm32h7xx_hal_spi.o
    0x0800ee7e   0x0800ee7e   0x0000001c   Code   RO         6103    i.SPI_DMAAbortOnError  stm32h7xx_hal_spi.o
    0x0800ee9a   0x0800ee9a   0x0000001a   Code   RO         6113    i.SPI_GetPacketSize  stm32h7xx_hal_spi.o
    0x0800eeb4   0x0800eeb4   0x00000042   Code   RO         6120    i.SPI_WaitOnFlagUntilTimeout  stm32h7xx_hal_spi.o
    0x0800eef6   0x0800eef6   0x00000012   Code   RO         8994    i.SWAPBYTE          usbd_ctlreq.o
    0x0800ef08   0x0800ef08   0x0000000e   Code   RO          326    i.StartDefaultTask  freertos.o
    0x0800ef16   0x0800ef16   0x00000016   Code   RO         8163    i.SysTick_Handler   cmsis_os2.o
    0x0800ef2c   0x0800ef2c   0x000000bc   Code   RO           15    i.SystemClock_Config  main.o
    0x0800efe8   0x0800efe8   0x0000010c   Code   RO         6955    i.SystemInit        system_stm32h7xx.o
    0x0800f0f4   0x0800f0f4   0x00000010   Code   RO          638    i.TIM23_IRQHandler  stm32h7xx_it.o
    0x0800f104   0x0800f104   0x000000e8   Code   RO         1379    i.TIM_Base_SetConfig  stm32h7xx_hal_tim.o
    0x0800f1ec   0x0800f1ec   0x00000022   Code   RO         1380    i.TIM_CCxChannelCmd  stm32h7xx_hal_tim.o
    0x0800f20e   0x0800f20e   0x00000002   PAD
    0x0800f210   0x0800f210   0x000000ac   Code   RO         1392    i.TIM_OC1_SetConfig  stm32h7xx_hal_tim.o
    0x0800f2bc   0x0800f2bc   0x000000b4   Code   RO         1393    i.TIM_OC2_SetConfig  stm32h7xx_hal_tim.o
    0x0800f370   0x0800f370   0x000000b4   Code   RO         1394    i.TIM_OC3_SetConfig  stm32h7xx_hal_tim.o
    0x0800f424   0x0800f424   0x00000074   Code   RO         1395    i.TIM_OC4_SetConfig  stm32h7xx_hal_tim.o
    0x0800f498   0x0800f498   0x00000070   Code   RO         1396    i.TIM_OC5_SetConfig  stm32h7xx_hal_tim.o
    0x0800f508   0x0800f508   0x00000070   Code   RO         1397    i.TIM_OC6_SetConfig  stm32h7xx_hal_tim.o
    0x0800f578   0x0800f578   0x0000003a   Code   RO        10236    i.TIM_Set_PWM       bsp_pwm.o
    0x0800f5b2   0x0800f5b2   0x00000002   PAD
    0x0800f5b4   0x0800f5b4   0x00000010   Code   RO          639    i.UART5_IRQHandler  stm32h7xx_it.o
    0x0800f5c4   0x0800f5c4   0x00000010   Code   RO          640    i.UART7_IRQHandler  stm32h7xx_it.o
    0x0800f5d4   0x0800f5d4   0x00000058   Code   RO         6844    i.UARTEx_SetNbDataToProcess  stm32h7xx_hal_uart_ex.o
    0x0800f62c   0x0800f62c   0x000000f8   Code   RO         6448    i.UART_AdvFeatureConfig  stm32h7xx_hal_uart.o
    0x0800f724   0x0800f724   0x000000ea   Code   RO         6449    i.UART_CheckIdleState  stm32h7xx_hal_uart.o
    0x0800f80e   0x0800f80e   0x00000014   Code   RO         6450    i.UART_DMAAbortOnError  stm32h7xx_hal_uart.o
    0x0800f822   0x0800f822   0x0000005e   Code   RO         6451    i.UART_DMAError     stm32h7xx_hal_uart.o
    0x0800f880   0x0800f880   0x000000ae   Code   RO         6452    i.UART_DMAReceiveCplt  stm32h7xx_hal_uart.o
    0x0800f92e   0x0800f92e   0x00000026   Code   RO         6454    i.UART_DMARxHalfCplt  stm32h7xx_hal_uart.o
    0x0800f954   0x0800f954   0x00000054   Code   RO         6456    i.UART_DMATransmitCplt  stm32h7xx_hal_uart.o
    0x0800f9a8   0x0800f9a8   0x0000000e   Code   RO         6458    i.UART_DMATxHalfCplt  stm32h7xx_hal_uart.o
    0x0800f9b6   0x0800f9b6   0x00000002   PAD
    0x0800f9b8   0x0800f9b8   0x0000006c   Code   RO         6460    i.UART_EndRxTransfer  stm32h7xx_hal_uart.o
    0x0800fa24   0x0800fa24   0x00000030   Code   RO         6461    i.UART_EndTransmit_IT  stm32h7xx_hal_uart.o
    0x0800fa54   0x0800fa54   0x00000040   Code   RO         6462    i.UART_EndTxTransfer  stm32h7xx_hal_uart.o
    0x0800fa94   0x0800fa94   0x00000628   Code   RO         6467    i.UART_SetConfig    stm32h7xx_hal_uart.o
    0x080100bc   0x080100bc   0x000000c8   Code   RO         6468    i.UART_Start_Receive_DMA  stm32h7xx_hal_uart.o
    0x08010184   0x08010184   0x000000ac   Code   RO         6474    i.UART_WaitOnFlagUntilTimeout  stm32h7xx_hal_uart.o
    0x08010230   0x08010230   0x00000010   Code   RO          641    i.USART10_IRQHandler  stm32h7xx_it.o
    0x08010240   0x08010240   0x00000010   Code   RO          642    i.USART2_IRQHandler  stm32h7xx_it.o
    0x08010250   0x08010250   0x000000c4   Code   RO         9165    i.USBD_CDC_DataIn   usbd_cdc.o
    0x08010314   0x08010314   0x00000048   Code   RO         9166    i.USBD_CDC_DataOut  usbd_cdc.o
    0x0801035c   0x0801035c   0x000000d4   Code   RO         9167    i.USBD_CDC_DeInit   usbd_cdc.o
    0x08010430   0x08010430   0x00000050   Code   RO         9168    i.USBD_CDC_EP0_RxReady  usbd_cdc.o
    0x08010480   0x08010480   0x00000010   Code   RO         9169    i.USBD_CDC_GetDeviceQualifierDescriptor  usbd_cdc.o
    0x08010490   0x08010490   0x00000044   Code   RO         9170    i.USBD_CDC_GetFSCfgDesc  usbd_cdc.o
    0x080104d4   0x080104d4   0x00000048   Code   RO         9171    i.USBD_CDC_GetHSCfgDesc  usbd_cdc.o
    0x0801051c   0x0801051c   0x00000044   Code   RO         9172    i.USBD_CDC_GetOtherSpeedCfgDesc  usbd_cdc.o
    0x08010560   0x08010560   0x000001a0   Code   RO         9173    i.USBD_CDC_Init     usbd_cdc.o
    0x08010700   0x08010700   0x00000050   Code   RO         9174    i.USBD_CDC_ReceivePacket  usbd_cdc.o
    0x08010750   0x08010750   0x00000018   Code   RO         9175    i.USBD_CDC_RegisterInterface  usbd_cdc.o
    0x08010768   0x08010768   0x0000001e   Code   RO         9176    i.USBD_CDC_SetRxBuffer  usbd_cdc.o
    0x08010786   0x08010786   0x00000024   Code   RO         9177    i.USBD_CDC_SetTxBuffer  usbd_cdc.o
    0x080107aa   0x080107aa   0x00000140   Code   RO         9178    i.USBD_CDC_Setup    usbd_cdc.o
    0x080108ea   0x080108ea   0x00000002   PAD
    0x080108ec   0x080108ec   0x0000005c   Code   RO         9179    i.USBD_CDC_TransmitPacket  usbd_cdc.o
    0x08010948   0x08010948   0x0000001c   Code   RO         8828    i.USBD_ClrClassConfig  usbd_core.o
    0x08010964   0x08010964   0x0000003e   Code   RO         8995    i.USBD_ClrFeature   usbd_ctlreq.o
    0x080109a2   0x080109a2   0x00000006   Code   RO         8829    i.USBD_CoreFindEP   usbd_core.o
    0x080109a8   0x080109a8   0x00000006   Code   RO         8830    i.USBD_CoreFindIF   usbd_core.o
    0x080109ae   0x080109ae   0x00000018   Code   RO         9101    i.USBD_CtlContinueRx  usbd_ioreq.o
    0x080109c6   0x080109c6   0x00000018   Code   RO         9102    i.USBD_CtlContinueSendData  usbd_ioreq.o
    0x080109de   0x080109de   0x00000018   Code   RO         8996    i.USBD_CtlError     usbd_ctlreq.o
    0x080109f6   0x080109f6   0x00000028   Code   RO         9103    i.USBD_CtlPrepareRx  usbd_ioreq.o
    0x08010a1e   0x08010a1e   0x0000001a   Code   RO         9104    i.USBD_CtlReceiveStatus  usbd_ioreq.o
    0x08010a38   0x08010a38   0x00000022   Code   RO         9105    i.USBD_CtlSendData  usbd_ioreq.o
    0x08010a5a   0x08010a5a   0x0000001a   Code   RO         9106    i.USBD_CtlSendStatus  usbd_ioreq.o
    0x08010a74   0x08010a74   0x00000056   Code   RO         8997    i.USBD_GetConfig    usbd_ctlreq.o
    0x08010aca   0x08010aca   0x00000232   Code   RO         8998    i.USBD_GetDescriptor  usbd_ctlreq.o
    0x08010cfc   0x08010cfc   0x00000050   Code   RO         8832    i.USBD_GetEpDesc    usbd_core.o
    0x08010d4c   0x08010d4c   0x00000016   Code   RO         8999    i.USBD_GetLen       usbd_ctlreq.o
    0x08010d62   0x08010d62   0x00000014   Code   RO         8833    i.USBD_GetNextDesc  usbd_core.o
    0x08010d76   0x08010d76   0x0000005a   Code   RO         9000    i.USBD_GetStatus    usbd_ctlreq.o
    0x08010dd0   0x08010dd0   0x00000068   Code   RO         9001    i.USBD_GetString    usbd_ctlreq.o
    0x08010e38   0x08010e38   0x0000002c   Code   RO         1086    i.USBD_Get_USB_Status  usbd_conf.o
    0x08010e64   0x08010e64   0x00000034   Code   RO          911    i.USBD_HS_ConfigStrDescriptor  usbd_desc.o
    0x08010e98   0x08010e98   0x00000010   Code   RO          912    i.USBD_HS_DeviceDescriptor  usbd_desc.o
    0x08010ea8   0x08010ea8   0x00000038   Code   RO          913    i.USBD_HS_InterfaceStrDescriptor  usbd_desc.o
    0x08010ee0   0x08010ee0   0x00000010   Code   RO          914    i.USBD_HS_LangIDStrDescriptor  usbd_desc.o
    0x08010ef0   0x08010ef0   0x0000002c   Code   RO          915    i.USBD_HS_ManufacturerStrDescriptor  usbd_desc.o
    0x08010f1c   0x08010f1c   0x00000040   Code   RO          916    i.USBD_HS_ProductStrDescriptor  usbd_desc.o
    0x08010f5c   0x08010f5c   0x00000018   Code   RO          917    i.USBD_HS_SerialStrDescriptor  usbd_desc.o
    0x08010f74   0x08010f74   0x0000003a   Code   RO         8834    i.USBD_Init         usbd_core.o
    0x08010fae   0x08010fae   0x00000026   Code   RO         1087    i.USBD_LL_ClearStallEP  usbd_conf.o
    0x08010fd4   0x08010fd4   0x00000026   Code   RO         1088    i.USBD_LL_CloseEP   usbd_conf.o
    0x08010ffa   0x08010ffa   0x00000108   Code   RO         8835    i.USBD_LL_DataInStage  usbd_core.o
    0x08011102   0x08011102   0x00000102   Code   RO         8836    i.USBD_LL_DataOutStage  usbd_core.o
    0x08011204   0x08011204   0x00000006   Code   RO         8837    i.USBD_LL_DevConnected  usbd_core.o
    0x0801120a   0x0801120a   0x00000026   Code   RO         8838    i.USBD_LL_DevDisconnected  usbd_core.o
    0x08011230   0x08011230   0x00000012   Code   RO         1092    i.USBD_LL_GetRxDataSize  usbd_conf.o
    0x08011242   0x08011242   0x00000002   PAD
    0x08011244   0x08011244   0x00000070   Code   RO         1093    i.USBD_LL_Init      usbd_conf.o
    0x080112b4   0x080112b4   0x00000038   Code   RO         1094    i.USBD_LL_IsStallEP  usbd_conf.o
    0x080112ec   0x080112ec   0x00000048   Code   RO         8839    i.USBD_LL_IsoINIncomplete  usbd_core.o
    0x08011334   0x08011334   0x00000048   Code   RO         8840    i.USBD_LL_IsoOUTIncomplete  usbd_core.o
    0x0801137c   0x0801137c   0x00000030   Code   RO         1095    i.USBD_LL_OpenEP    usbd_conf.o
    0x080113ac   0x080113ac   0x00000030   Code   RO         1096    i.USBD_LL_PrepareReceive  usbd_conf.o
    0x080113dc   0x080113dc   0x0000006c   Code   RO         8841    i.USBD_LL_Reset     usbd_core.o
    0x08011448   0x08011448   0x00000016   Code   RO         8842    i.USBD_LL_Resume    usbd_core.o
    0x0801145e   0x0801145e   0x00000028   Code   RO         8843    i.USBD_LL_SOF       usbd_core.o
    0x08011486   0x08011486   0x00000008   Code   RO         8844    i.USBD_LL_SetSpeed  usbd_core.o
    0x0801148e   0x0801148e   0x00000026   Code   RO         1097    i.USBD_LL_SetUSBAddress  usbd_conf.o
    0x080114b4   0x080114b4   0x00000076   Code   RO         8845    i.USBD_LL_SetupStage  usbd_core.o
    0x0801152a   0x0801152a   0x00000026   Code   RO         1098    i.USBD_LL_StallEP   usbd_conf.o
    0x08011550   0x08011550   0x0000001e   Code   RO         1099    i.USBD_LL_Start     usbd_conf.o
    0x0801156e   0x0801156e   0x0000001c   Code   RO         8846    i.USBD_LL_Suspend   usbd_core.o
    0x0801158a   0x0801158a   0x00000030   Code   RO         1101    i.USBD_LL_Transmit  usbd_conf.o
    0x080115ba   0x080115ba   0x00000036   Code   RO         9002    i.USBD_ParseSetupRequest  usbd_ctlreq.o
    0x080115f0   0x080115f0   0x00000048   Code   RO         8847    i.USBD_RegisterClass  usbd_core.o
    0x08011638   0x08011638   0x00000006   Code   RO         8848    i.USBD_RunTestMode  usbd_core.o
    0x0801163e   0x0801163e   0x0000005a   Code   RO         9003    i.USBD_SetAddress   usbd_ctlreq.o
    0x08011698   0x08011698   0x00000020   Code   RO         8849    i.USBD_SetClassConfig  usbd_core.o
    0x080116b8   0x080116b8   0x00000104   Code   RO         9004    i.USBD_SetConfig    usbd_ctlreq.o
    0x080117bc   0x080117bc   0x00000038   Code   RO         9005    i.USBD_SetFeature   usbd_ctlreq.o
    0x080117f4   0x080117f4   0x0000000c   Code   RO         8850    i.USBD_Start        usbd_core.o
    0x08011800   0x08011800   0x000000ae   Code   RO         9006    i.USBD_StdDevReq    usbd_ctlreq.o
    0x080118ae   0x080118ae   0x00000280   Code   RO         9007    i.USBD_StdEPReq     usbd_ctlreq.o
    0x08011b2e   0x08011b2e   0x000000ae   Code   RO         9008    i.USBD_StdItfReq    usbd_ctlreq.o
    0x08011bdc   0x08011bdc   0x00000002   Code   RO         1102    i.USBD_static_free  usbd_conf.o
    0x08011bde   0x08011bde   0x00000002   PAD
    0x08011be0   0x08011be0   0x0000000c   Code   RO         1103    i.USBD_static_malloc  usbd_conf.o
    0x08011bec   0x08011bec   0x000000d0   Code   RO         2624    i.USB_ActivateEndpoint  stm32h7xx_ll_usb.o
    0x08011cbc   0x08011cbc   0x00000028   Code   RO         2626    i.USB_ActivateSetup  stm32h7xx_ll_usb.o
    0x08011ce4   0x08011ce4   0x000000a0   Code   RO         2628    i.USB_CoreInit      stm32h7xx_ll_usb.o
    0x08011d84   0x08011d84   0x00000054   Code   RO         2629    i.USB_CoreReset     stm32h7xx_ll_usb.o
    0x08011dd8   0x08011dd8   0x0000014c   Code   RO         2632    i.USB_DeactivateEndpoint  stm32h7xx_ll_usb.o
    0x08011f24   0x08011f24   0x00000024   Code   RO         2633    i.USB_DevConnect    stm32h7xx_ll_usb.o
    0x08011f48   0x08011f48   0x00000024   Code   RO         2634    i.USB_DevDisconnect  stm32h7xx_ll_usb.o
    0x08011f6c   0x08011f6c   0x000001e0   Code   RO         2635    i.USB_DevInit       stm32h7xx_ll_usb.o
    0x0801214c   0x0801214c   0x0000000e   Code   RO         2636    i.USB_DisableGlobalInt  stm32h7xx_ll_usb.o
    0x0801215a   0x0801215a   0x00000002   PAD
    0x0801215c   0x0801215c   0x00000070   Code   RO         2639    i.USB_EP0_OutStart  stm32h7xx_ll_usb.o
    0x080121cc   0x080121cc   0x0000008e   Code   RO         2640    i.USB_EPClearStall  stm32h7xx_ll_usb.o
    0x0801225a   0x0801225a   0x0000009a   Code   RO         2641    i.USB_EPSetStall    stm32h7xx_ll_usb.o
    0x080122f4   0x080122f4   0x000003c0   Code   RO         2642    i.USB_EPStartXfer   stm32h7xx_ll_usb.o
    0x080126b4   0x080126b4   0x000000ec   Code   RO         2643    i.USB_EPStopXfer    stm32h7xx_ll_usb.o
    0x080127a0   0x080127a0   0x0000000e   Code   RO         2644    i.USB_EnableGlobalInt  stm32h7xx_ll_usb.o
    0x080127ae   0x080127ae   0x00000050   Code   RO         2645    i.USB_FlushRxFifo   stm32h7xx_ll_usb.o
    0x080127fe   0x080127fe   0x00000054   Code   RO         2646    i.USB_FlushTxFifo   stm32h7xx_ll_usb.o
    0x08012852   0x08012852   0x00000026   Code   RO         2648    i.USB_GetDevSpeed   stm32h7xx_ll_usb.o
    0x08012878   0x08012878   0x0000000a   Code   RO         2650    i.USB_GetMode       stm32h7xx_ll_usb.o
    0x08012882   0x08012882   0x00000014   Code   RO         2658    i.USB_ReadDevAllInEpInterrupt  stm32h7xx_ll_usb.o
    0x08012896   0x08012896   0x00000014   Code   RO         2659    i.USB_ReadDevAllOutEpInterrupt  stm32h7xx_ll_usb.o
    0x080128aa   0x080128aa   0x00000032   Code   RO         2660    i.USB_ReadDevInEPInterrupt  stm32h7xx_ll_usb.o
    0x080128dc   0x080128dc   0x0000001a   Code   RO         2661    i.USB_ReadDevOutEPInterrupt  stm32h7xx_ll_usb.o
    0x080128f6   0x080128f6   0x0000000a   Code   RO         2662    i.USB_ReadInterrupts  stm32h7xx_ll_usb.o
    0x08012900   0x08012900   0x00000060   Code   RO         2663    i.USB_ReadPacket    stm32h7xx_ll_usb.o
    0x08012960   0x08012960   0x00000068   Code   RO         2665    i.USB_SetCurrentMode  stm32h7xx_ll_usb.o
    0x080129c8   0x080129c8   0x0000002a   Code   RO         2666    i.USB_SetDevAddress  stm32h7xx_ll_usb.o
    0x080129f2   0x080129f2   0x00000012   Code   RO         2667    i.USB_SetDevSpeed   stm32h7xx_ll_usb.o
    0x08012a04   0x08012a04   0x000000e8   Code   RO         2668    i.USB_SetTurnaroundTime  stm32h7xx_ll_usb.o
    0x08012aec   0x08012aec   0x00000044   Code   RO         2671    i.USB_WritePacket   stm32h7xx_ll_usb.o
    0x08012b30   0x08012b30   0x00000024   Code   RO        10074    i.Upper_Computer_Init  bsp_usart.o
    0x08012b54   0x08012b54   0x00000004   Code   RO          643    i.UsageFault_Handler  stm32h7xx_it.o
    0x08012b58   0x08012b58   0x000000b0   Code   RO        10266    i.WS2812_Ctrl       bsp_led.o
    0x08012c08   0x08012c08   0x00000030   Code   RO        12418    i.__ARM_fpclassify  m_wv.l(fpclassify.o)
    0x08012c38   0x08012c38   0x00000026   Code   RO        12313    i.__ARM_fpclassifyf  m_wv.l(fpclassifyf.o)
    0x08012c5e   0x08012c5e   0x00000002   PAD
    0x08012c60   0x08012c60   0x00000010   Code   RO         4370    i.__NVIC_GetPriorityGrouping  stm32h7xx_hal_cortex.o
    0x08012c70   0x08012c70   0x00000028   Code   RO         4371    i.__NVIC_SetPriority  stm32h7xx_hal_cortex.o
    0x08012c98   0x08012c98   0x00000006   Code   RO         8165    i.__get_IPSR        cmsis_os2.o
    0x08012c9e   0x08012c9e   0x00000002   PAD
    0x08012ca0   0x08012ca0   0x00000124   Code   RO        12009    i.__hardfp_acosf    m_wv.l(acosf.o)
    0x08012dc4   0x08012dc4   0x00000138   Code   RO        12021    i.__hardfp_asinf    m_wv.l(asinf.o)
    0x08012efc   0x08012efc   0x000002b4   Code   RO        12033    i.__hardfp_atan2f   m_wv.l(atan2f.o)
    0x080131b0   0x080131b0   0x000000b0   Code   RO        12045    i.__hardfp_cos      m_wv.l(cos.o)
    0x08013260   0x08013260   0x000000b0   Code   RO        12057    i.__hardfp_fmodf    m_wv.l(fmodf.o)
    0x08013310   0x08013310   0x000000b0   Code   RO        12069    i.__hardfp_sin      m_wv.l(sin.o)
    0x080133c0   0x080133c0   0x0000003a   Code   RO        12087    i.__hardfp_sqrtf    m_wv.l(sqrtf_full.o)
    0x080133fa   0x080133fa   0x00000006   PAD
    0x08013400   0x08013400   0x00000310   Code   RO        12329    i.__ieee754_rem_pio2  m_wv.l(rred.o)
    0x08013710   0x08013710   0x000000e0   Code   RO        12296    i.__kernel_cos      m_wv.l(cos_i.o)
    0x080137f0   0x080137f0   0x00000070   Code   RO        12420    i.__kernel_poly     m_wv.l(poly.o)
    0x08013860   0x08013860   0x000000a8   Code   RO        12334    i.__kernel_sin      m_wv.l(sin_i.o)
    0x08013908   0x08013908   0x00000018   Code   RO        12302    i.__mathlib_dbl_invalid  m_wv.l(dunder.o)
    0x08013920   0x08013920   0x00000018   Code   RO        12305    i.__mathlib_dbl_underflow  m_wv.l(dunder.o)
    0x08013938   0x08013938   0x00000006   Code   RO        12316    i.__mathlib_flt_infnan  m_wv.l(funder.o)
    0x0801393e   0x0801393e   0x00000006   Code   RO        12317    i.__mathlib_flt_infnan2  m_wv.l(funder.o)
    0x08013944   0x08013944   0x00000010   Code   RO        12318    i.__mathlib_flt_invalid  m_wv.l(funder.o)
    0x08013954   0x08013954   0x00000010   Code   RO        12321    i.__mathlib_flt_underflow  m_wv.l(funder.o)
    0x08013964   0x08013964   0x00000030   Code   RO        10552    i.abs_limit         user_lib.o
    0x08013994   0x08013994   0x0000013c   Code   RO        10351    i.bmi088_accel_init  bmi088driver.o
    0x08013ad0   0x08013ad0   0x0000030c   Code   RO        10352    i.bmi088_accel_self_test  bmi088driver.o
    0x08013ddc   0x08013ddc   0x000000fc   Code   RO        10353    i.bmi088_gyro_init  bmi088driver.o
    0x08013ed8   0x08013ed8   0x000000d0   Code   RO        10354    i.bmi088_gyro_self_test  bmi088driver.o
    0x08013fa8   0x08013fa8   0x00000044   Code   RO         9936    i.bsp_can_init      bsp_can.o
    0x08013fec   0x08013fec   0x0000000c   Code   RO        10075    i.bsp_usart5_set_callback  bsp_usart.o
    0x08013ff8   0x08013ff8   0x0000007c   Code   RO         9937    i.can_filter_init   bsp_can.o
    0x08014074   0x08014074   0x0000005a   Code   RO        11328    i.chassis_behaviour_control_set  chassis_behaviour.o
    0x080140ce   0x080140ce   0x00000002   PAD
    0x080140d0   0x080140d0   0x00000100   Code   RO        11329    i.chassis_behaviour_mode_set  chassis_behaviour.o
    0x080141d0   0x080141d0   0x000001b8   Code   RO         9274    i.chassis_control_loop  chassis_task.o
    0x08014388   0x08014388   0x000000fc   Code   RO         9275    i.chassis_feedback_update  chassis_task.o
    0x08014484   0x08014484   0x000001c8   Code   RO        11330    i.chassis_follow_gimbal_yaw_control  chassis_behaviour.o
    0x0801464c   0x0801464c   0x00000078   Code   RO        11331    i.chassis_no_follow_yaw_control  chassis_behaviour.o
    0x080146c4   0x080146c4   0x00000024   Code   RO        11332    i.chassis_no_move_control  chassis_behaviour.o
    0x080146e8   0x080146e8   0x00000058   Code   RO        11333    i.chassis_open_set_control  chassis_behaviour.o
    0x08014740   0x08014740   0x00000158   Code   RO        11334    i.chassis_rc_to_control_vector  chassis_behaviour.o
    0x08014898   0x08014898   0x00000010   Code   RO         9277    i.chassis_set_contorl  chassis_task.o
    0x080148a8   0x080148a8   0x00000010   Code   RO         9278    i.chassis_set_mode  chassis_task.o
    0x080148b8   0x080148b8   0x000000ec   Code   RO         9279    i.chassis_task      chassis_task.o
    0x080149a4   0x080149a4   0x000001e0   Code   RO        11335    i.chassis_top_control  chassis_behaviour.o
    0x08014b84   0x08014b84   0x00000050   Code   RO         9280    i.chassis_vector_to_mecanum_wheel_speed  chassis_task.o
    0x08014bd4   0x08014bd4   0x00000024   Code   RO        11336    i.chassis_zero_force_control  chassis_behaviour.o
    0x08014bf8   0x08014bf8   0x00000124   Code   RO         9497    i.detect_hook       detect_task.o
    0x08014d1c   0x08014d1c   0x00000168   Code   RO         9498    i.detect_init       detect_task.o
    0x08014e84   0x08014e84   0x00000288   Code   RO         9499    i.detect_task       detect_task.o
    0x0801510c   0x0801510c   0x000000f0   Code   RO        10775    i.f_Changing_Integration_Rate  controller.o
    0x080151fc   0x080151fc   0x00000056   Code   RO        10776    i.f_Derivative_Filter  controller.o
    0x08015252   0x08015252   0x000000f4   Code   RO        10777    i.f_Derivative_On_Measurement  controller.o
    0x08015346   0x08015346   0x00000002   PAD
    0x08015348   0x08015348   0x000000ec   Code   RO        10778    i.f_Integral_Limit  controller.o
    0x08015434   0x08015434   0x00000056   Code   RO        10779    i.f_Output_Filter   controller.o
    0x0801548a   0x0801548a   0x00000046   Code   RO        10780    i.f_Output_Limit    controller.o
    0x080154d0   0x080154d0   0x000000b4   Code   RO        10781    i.f_PID_ErrorHandle  controller.o
    0x08015584   0x08015584   0x00000046   Code   RO        10782    i.f_Proportion_Limit  controller.o
    0x080155ca   0x080155ca   0x00000080   Code   RO        10783    i.f_Trapezoid_Intergral  controller.o
    0x0801564a   0x0801564a   0x00000018   Code   RO        12414    i.fabs              m_wv.l(fabs.o)
    0x08015662   0x08015662   0x0000000a   Code   RO         9681    i.fabsf             ins_task.o
    0x0801566c   0x0801566c   0x00000054   Code   RO        10553    i.first_order_filter_cali  user_lib.o
    0x080156c0   0x080156c0   0x0000002a   Code   RO        10555    i.float_constrain   user_lib.o
    0x080156ea   0x080156ea   0x00000002   PAD
    0x080156ec   0x080156ec   0x00000048   Code   RO        10556    i.float_rounding    user_lib.o
    0x08015734   0x08015734   0x00000058   Code   RO        11568    i.get_GQ_motor_measure  gq_motor.o
    0x0801578c   0x0801578c   0x00000080   Code   RO        11569    i.get_fdcan_dlc     gq_motor.o
    0x0801580c   0x0801580c   0x00000008   Code   RO        11054    i.get_left_friction_motor_measure_point  can_receive.o
    0x08015814   0x08015814   0x00000008   Code   RO        11055    i.get_pitch_gimbal_motor_measure_point  can_receive.o
    0x0801581c   0x0801581c   0x00000008   Code   RO        11056    i.get_right_friction_motor_measure_point  can_receive.o
    0x08015824   0x08015824   0x00000008   Code   RO        11057    i.get_trigger_motor_measure_point  can_receive.o
    0x0801582c   0x0801582c   0x00000008   Code   RO        11058    i.get_yaw_gimbal_motor_measure_point  can_receive.o
    0x08015834   0x08015834   0x000000b8   Code   RO         9552    i.gimbal_PID_calc   gimbal_task.o
    0x080158ec   0x080158ec   0x00000030   Code   RO         9553    i.gimbal_PID_clear  gimbal_task.o
    0x0801591c   0x0801591c   0x00000030   Code   RO         9554    i.gimbal_PID_init   gimbal_task.o
    0x0801594c   0x0801594c   0x00000068   Code   RO        11435    i.gimbal_behaviour_mode_set  gimbal_behaviour.o
    0x080159b4   0x080159b4   0x00000104   Code   RO        11436    i.gimbal_behavour_set  gimbal_behaviour.o
    0x08015ab8   0x08015ab8   0x0000001c   Code   RO        11437    i.gimbal_cmd_to_chassis_stop  gimbal_behaviour.o
    0x08015ad4   0x08015ad4   0x0000001c   Code   RO        11438    i.gimbal_cmd_to_shoot_stop  gimbal_behaviour.o
    0x08015af0   0x08015af0   0x000000d8   Code   RO         9556    i.gimbal_control_loop  gimbal_task.o
    0x08015bc8   0x08015bc8   0x000000bc   Code   RO         9557    i.gimbal_feedback_update  gimbal_task.o
    0x08015c84   0x08015c84   0x00000170   Code   RO         9558    i.gimbal_init       gimbal_task.o
    0x08015df4   0x08015df4   0x0000005c   Code   RO         9559    i.gimbal_motor_absolute_angle_control  gimbal_task.o
    0x08015e50   0x08015e50   0x00000038   Code   RO         9562    i.gimbal_set_control  gimbal_task.o
    0x08015e88   0x08015e88   0x00000010   Code   RO         9563    i.gimbal_set_mode   gimbal_task.o
    0x08015e98   0x08015e98   0x000000d0   Code   RO         9564    i.gimbal_task       gimbal_task.o
    0x08015f68   0x08015f68   0x00000044   Code   RO         9871    i.hoisting_behavour_set  hoisting_task.o
    0x08015fac   0x08015fac   0x000000dc   Code   RO         9872    i.hoisting_control_loop  hoisting_task.o
    0x08016088   0x08016088   0x00000070   Code   RO         9873    i.hoisting_feedback_update  hoisting_task.o
    0x080160f8   0x080160f8   0x00000140   Code   RO         9874    i.hoisting_init     hoisting_task.o
    0x08016238   0x08016238   0x000000c0   Code   RO         9875    i.hoisting_rc_to_speed  hoisting_task.o
    0x080162f8   0x080162f8   0x00000074   Code   RO         9876    i.hoisting_set_control  hoisting_task.o
    0x0801636c   0x0801636c   0x0000007c   Code   RO         9877    i.hoisting_task     hoisting_task.o
    0x080163e8   0x080163e8   0x0000003c   Code   RO        10985    i.invSqrt           quaternionekf.o
    0x08016424   0x08016424   0x00000052   Code   RO        10561    i.loop_fp32_constrain  user_lib.o
    0x08016476   0x08016476   0x00000002   PAD
    0x08016478   0x08016478   0x000000a4   Code   RO           16    i.main              main.o
    0x0801651c   0x0801651c   0x0000004c   Code   RO        11570    i.motor_control_current  gq_motor.o
    0x08016568   0x08016568   0x00000034   Code   RO         9565    i.motor_ecd_to_angle_change  gimbal_task.o
    0x0801659c   0x0801659c   0x0000001e   Code   RO         8166    i.osDelay           cmsis_os2.o
    0x080165ba   0x080165ba   0x00000002   PAD
    0x080165bc   0x080165bc   0x0000002c   Code   RO         8180    i.osKernelInitialize  cmsis_os2.o
    0x080165e8   0x080165e8   0x00000060   Code   RO         8183    i.osKernelStart     cmsis_os2.o
    0x08016648   0x08016648   0x000000b8   Code   RO         8225    i.osThreadNew       cmsis_os2.o
    0x08016700   0x08016700   0x00000088   Code   RO         7577    i.prvAddCurrentTaskToDelayedList  tasks.o
    0x08016788   0x08016788   0x000000b8   Code   RO         7578    i.prvAddNewTaskToReadyList  tasks.o
    0x08016840   0x08016840   0x00000074   Code   RO         7976    i.prvCheckForValidListAndQueue  timers.o
    0x080168b4   0x080168b4   0x00000048   Code   RO         7579    i.prvCheckTasksWaitingTermination  tasks.o
    0x080168fc   0x080168fc   0x0000002a   Code   RO         7164    i.prvCopyDataFromQueue  queue.o
    0x08016926   0x08016926   0x0000007e   Code   RO         7165    i.prvCopyDataToQueue  queue.o
    0x080169a4   0x080169a4   0x00000050   Code   RO         7580    i.prvDeleteTCB      tasks.o
    0x080169f4   0x080169f4   0x00000028   Code   RO         7977    i.prvGetNextExpireTime  timers.o
    0x08016a1c   0x08016a1c   0x0000007c   Code   RO         8693    i.prvHeapInit       heap_4.o
    0x08016a98   0x08016a98   0x00000028   Code   RO         7581    i.prvIdleTask       tasks.o
    0x08016ac0   0x08016ac0   0x0000002a   Code   RO         7168    i.prvInitialiseNewQueue  queue.o
    0x08016aea   0x08016aea   0x000000c2   Code   RO         7582    i.prvInitialiseNewTask  tasks.o
    0x08016bac   0x08016bac   0x00000068   Code   RO         7583    i.prvInitialiseTaskLists  tasks.o
    0x08016c14   0x08016c14   0x00000068   Code   RO         8694    i.prvInsertBlockIntoFreeList  heap_4.o
    0x08016c7c   0x08016c7c   0x00000058   Code   RO         7979    i.prvInsertTimerInActiveList  timers.o
    0x08016cd4   0x08016cd4   0x0000001a   Code   RO         7169    i.prvIsQueueEmpty   queue.o
    0x08016cee   0x08016cee   0x0000001e   Code   RO         7170    i.prvIsQueueFull    queue.o
    0x08016d0c   0x08016d0c   0x00000074   Code   RO         7980    i.prvProcessExpiredTimer  timers.o
    0x08016d80   0x08016d80   0x00000164   Code   RO         7981    i.prvProcessReceivedCommands  timers.o
    0x08016ee4   0x08016ee4   0x00000074   Code   RO         7982    i.prvProcessTimerOrBlockTask  timers.o
    0x08016f58   0x08016f58   0x00000034   Code   RO         7585    i.prvResetNextTaskUnblockTime  tasks.o
    0x08016f8c   0x08016f8c   0x0000002c   Code   RO         7983    i.prvSampleTimeNow  timers.o
    0x08016fb8   0x08016fb8   0x000000a4   Code   RO         7984    i.prvSwitchTimerLists  timers.o
    0x0801705c   0x0801705c   0x00000016   Code   RO         7587    i.prvTaskCheckFreeStackSpace  tasks.o
    0x08017072   0x08017072   0x00000002   PAD
    0x08017074   0x08017074   0x00000040   Code   RO         8749    i.prvTaskExitError  port.o
    0x080170b4   0x080170b4   0x0000001a   Code   RO         7985    i.prvTimerTask      timers.o
    0x080170ce   0x080170ce   0x0000007e   Code   RO         7171    i.prvUnlockQueue    queue.o
    0x0801714c   0x0801714c   0x0000014c   Code   RO         8695    i.pvPortMalloc      heap_4.o
    0x08017298   0x08017298   0x0000002c   Code   RO         8750    i.pxPortInitialiseStack  port.o
    0x080172c4   0x080172c4   0x00000010   Code   RO        11293    i.remote_control_init  remote_control.o
    0x080172d4   0x080172d4   0x000000f4   Code   RO        11294    i.sbus_to_rc        remote_control.o
    0x080173c8   0x080173c8   0x000000bc   Code   RO        11515    i.send_vision_data  usart_receive.o
    0x08017484   0x08017484   0x00000034   Code   RO         9796    i.shoot_bullet_control  shoot_task.o
    0x080174b8   0x080174b8   0x00000224   Code   RO         9797    i.shoot_control_loop  shoot_task.o
    0x080176dc   0x080176dc   0x00000100   Code   RO         9798    i.shoot_feedback_update  shoot_task.o
    0x080177dc   0x080177dc   0x00000108   Code   RO         9799    i.shoot_init        shoot_task.o
    0x080178e4   0x080178e4   0x0000033c   Code   RO         9800    i.shoot_set_mode    shoot_task.o
    0x08017c20   0x08017c20   0x00000188   Code   RO         9801    i.shoot_task        shoot_task.o
    0x08017da8   0x08017da8   0x0000003e   Code   RO        12089    i.sqrtf             m_wv.l(sqrtf_full.o)
    0x08017de6   0x08017de6   0x00000002   PAD
    0x08017de8   0x08017de8   0x00000050   Code   RO        11571    i.timed_return_motor_status  gq_motor.o
    0x08017e38   0x08017e38   0x00000018   Code   RO         9501    i.toe_is_error      detect_task.o
    0x08017e50   0x08017e50   0x00000098   Code   RO         9802    i.trigger_motor_turn_back  shoot_task.o
    0x08017ee8   0x08017ee8   0x00000014   Code   RO        10076    i.usart_rx_data_process  bsp_usart.o
    0x08017efc   0x08017efc   0x00000134   Code   RO        10077    i.usart_rx_dma_start  bsp_usart.o
    0x08018030   0x08018030   0x00000070   Code   RO        10078    i.usart_tx_dma_send  bsp_usart.o
    0x080180a0   0x080180a0   0x000000ac   Code   RO        10080    i.usart_vofa_send   bsp_usart.o
    0x0801814c   0x0801814c   0x00000042   Code   RO        11516    i.user_data_solve   usart_receive.o
    0x0801818e   0x0801818e   0x0000000c   Code   RO        10905    i.user_malloc       kalman_filter.o
    0x0801819a   0x0801819a   0x00000028   Code   RO         7124    i.uxListRemove      list.o
    0x080181c2   0x080181c2   0x00000002   PAD
    0x080181c4   0x080181c4   0x00000028   Code   RO         7593    i.uxTaskGetStackHighWaterMark  tasks.o
    0x080181ec   0x080181ec   0x00000018   Code   RO         8237    i.vApplicationGetIdleTaskMemory  cmsis_os2.o
    0x08018204   0x08018204   0x00000018   Code   RO         8238    i.vApplicationGetTimerTaskMemory  cmsis_os2.o
    0x0801821c   0x0801821c   0x0000001a   Code   RO         7125    i.vListInitialise   list.o
    0x08018236   0x08018236   0x00000006   Code   RO         7126    i.vListInitialiseItem  list.o
    0x0801823c   0x0801823c   0x00000034   Code   RO         7127    i.vListInsert       list.o
    0x08018270   0x08018270   0x00000018   Code   RO         7128    i.vListInsertEnd    list.o
    0x08018288   0x08018288   0x00000054   Code   RO         8752    i.vPortEnterCritical  port.o
    0x080182dc   0x080182dc   0x0000003c   Code   RO         8753    i.vPortExitCritical  port.o
    0x08018318   0x08018318   0x000000a4   Code   RO         8696    i.vPortFree         heap_4.o
    0x080183bc   0x080183bc   0x00000028   Code   RO         8754    i.vPortSetupTimerInterrupt  port.o
    0x080183e4   0x080183e4   0x00000078   Code   RO         8755    i.vPortValidateInterruptPriority  port.o
    0x0801845c   0x0801845c   0x0000002c   Code   RO         7177    i.vQueueAddToRegistry  queue.o
    0x08018488   0x08018488   0x0000004a   Code   RO         7181    i.vQueueWaitForMessageRestricted  queue.o
    0x080184d2   0x080184d2   0x00000002   PAD
    0x080184d4   0x080184d4   0x0000005c   Code   RO         7600    i.vTaskDelay        tasks.o
    0x08018530   0x08018530   0x00000018   Code   RO         7605    i.vTaskInternalSetTimeOutState  tasks.o
    0x08018548   0x08018548   0x0000000c   Code   RO         7606    i.vTaskMissedYield  tasks.o
    0x08018554   0x08018554   0x00000038   Code   RO         7608    i.vTaskPlaceOnEventList  tasks.o
    0x0801858c   0x0801858c   0x00000040   Code   RO         7609    i.vTaskPlaceOnEventListRestricted  tasks.o
    0x080185cc   0x080185cc   0x000000b8   Code   RO         7617    i.vTaskStartScheduler  tasks.o
    0x08018684   0x08018684   0x00000010   Code   RO         7619    i.vTaskSuspendAll   tasks.o
    0x08018694   0x08018694   0x00000090   Code   RO         7620    i.vTaskSwitchContext  tasks.o
    0x08018724   0x08018724   0x00000168   Code   RO         8756    i.xPortStartScheduler  port.o
    0x0801888c   0x0801888c   0x00000034   Code   RO         8757    i.xPortSysTickHandler  port.o
    0x080188c0   0x080188c0   0x000000e0   Code   RO         7187    i.xQueueGenericCreateStatic  queue.o
    0x080189a0   0x080189a0   0x00000098   Code   RO         7188    i.xQueueGenericReset  queue.o
    0x08018a38   0x08018a38   0x000001a8   Code   RO         7189    i.xQueueGenericSend  queue.o
    0x08018be0   0x08018be0   0x000000fc   Code   RO         7190    i.xQueueGenericSendFromISR  queue.o
    0x08018cdc   0x08018cdc   0x00000168   Code   RO         7199    i.xQueueReceive     queue.o
    0x08018e44   0x08018e44   0x000000a8   Code   RO         7623    i.xTaskCheckForTimeOut  tasks.o
    0x08018eec   0x08018eec   0x00000064   Code   RO         7624    i.xTaskCreate       tasks.o
    0x08018f50   0x08018f50   0x000000ba   Code   RO         7625    i.xTaskCreateStatic  tasks.o
    0x0801900a   0x0801900a   0x00000002   PAD
    0x0801900c   0x0801900c   0x00000020   Code   RO         7630    i.xTaskGetSchedulerState  tasks.o
    0x0801902c   0x0801902c   0x0000000c   Code   RO         7631    i.xTaskGetTickCount  tasks.o
    0x08019038   0x08019038   0x00000144   Code   RO         7633    i.xTaskIncrementTick  tasks.o
    0x0801917c   0x0801917c   0x000000a4   Code   RO         7636    i.xTaskPriorityDisinherit  tasks.o
    0x08019220   0x08019220   0x00000098   Code   RO         7638    i.xTaskRemoveFromEventList  tasks.o
    0x080192b8   0x080192b8   0x00000104   Code   RO         7639    i.xTaskResumeAll    tasks.o
    0x080193bc   0x080193bc   0x00000078   Code   RO         7994    i.xTimerCreateTimerTask  timers.o
    0x08019434   0x08019434   0x00000084   Code   RO         7995    i.xTimerGenericCommand  timers.o
    0x080194b8   0x080194b8   0x000001ec   Code   RO        12402    x$fpl$exception     g_wv.l(except.o)
    0x080196a4   0x080196a4   0x000000f2   Code   RO        12404    x$fpl$fnaninf       g_wv.l(fnaninf.o)
    0x08019796   0x08019796   0x0000004a   Code   RO        12406    x$fpl$fnorm2        g_wv.l(fnorm2_clz.o)
    0x080197e0   0x080197e0   0x0000000a   Code   RO        12408    x$fpl$fpinit        g_wv.l(fpinit.o)
    0x080197ea   0x080197ea   0x00000002   PAD
    0x080197ec   0x080197ec   0x00000116   Code   RO        12285    x$fpl$frem          g_wv.l(frem_clz.o)
    0x08019902   0x08019902   0x0000013c   Code   RO        12410    x$fpl$funder        g_wv.l(funder_clz.o)
    0x08019a3e   0x08019a3e   0x000000b2   Code   RO        12490    x$fpl$retnan        g_wv.l(retnan.o)
    0x08019af0   0x08019af0   0x0000007e   Code   RO        12492    x$fpl$trapveneer    g_wv.l(trapv.o)
    0x08019b6e   0x08019b6e   0x00000000   Code   RO        12295    x$fpl$usenofp       g_wv.l(usenofp.o)
    0x08019b6e   0x08019b6e   0x00000002   PAD
    0x08019b70   0x08019b70   0x000000fc   Data   RO          328    .constdata          freertos.o
    0x08019c6c   0x08019c6c   0x00000008   Data   RO         3671    .constdata          stm32h7xx_hal_dma.o
    0x08019c74   0x08019c74   0x0000005c   Data   RO         5553    .constdata          stm32h7xx_hal_fdcan.o
    0x08019cd0   0x08019cd0   0x00000018   Data   RO         6475    .constdata          stm32h7xx_hal_uart.o
    0x08019ce8   0x08019ce8   0x00000010   Data   RO         6846    .constdata          stm32h7xx_hal_uart_ex.o
    0x08019cf8   0x08019cf8   0x00000010   Data   RO         6956    .constdata          system_stm32h7xx.o
    0x08019d08   0x08019d08   0x00000066   Data   RO         9503    .constdata          detect_task.o
    0x08019d6e   0x08019d6e   0x00000002   PAD
    0x08019d70   0x08019d70   0x00000030   Data   RO         9683    .constdata          ins_task.o
    0x08019da0   0x08019da0   0x00000012   Data   RO        10359    .constdata          bmi088driver.o
    0x08019db2   0x08019db2   0x00000002   PAD
    0x08019db4   0x08019db4   0x00000090   Data   RO        10987    .constdata          quaternionekf.o
    0x08019e44   0x08019e44   0x00000804   Data   RO        11906    .constdata          arm_cortexM4lf_math.lib(arm_common_tables.o)
    0x0801a648   0x0801a648   0x00000030   Data   RO        12297    .constdata          m_wv.l(cos_i.o)
    0x0801a678   0x0801a678   0x000000c8   Data   RO        12331    .constdata          m_wv.l(rred.o)
    0x0801a740   0x0801a740   0x00000028   Data   RO        12335    .constdata          m_wv.l(sin_i.o)
    0x0801a768   0x0801a768   0x0000003a   Data   RO          329    .conststring        freertos.o
    0x0801a7a2   0x0801a7a2   0x00000002   PAD
    0x0801a7a4   0x0801a7a4   0x00000020   Data   RO        12561    Region$$Table       anon$$obj.o


    Execution Region RW_IRAM1 (Exec base: 0x20000000, Load base: 0x0801a7c4, Size: 0x00000000, Max: 0x00020000, ABSOLUTE)

    **** No section assigned to this execution region ****


    Execution Region RW_IRAM2 (Exec base: 0x24000000, Load base: 0x0801a7c4, Size: 0x000109c8, Max: 0x00050000, ABSOLUTE, COMPRESSED[0x000001ac])

    Exec Addr    Load Addr    Size         Type   Attr      Idx    E Section Name        Object

    0x24000000   COMPRESSED   0x0000001c   Data   RW          330    .data               freertos.o
    0x2400001c   COMPRESSED   0x00000004   Data   RW          404    .data               fdcan.o
    0x24000020   COMPRESSED   0x0000005e   Data   RW          920    .data               usbd_desc.o
    0x2400007e   COMPRESSED   0x00000002   PAD
    0x24000080   COMPRESSED   0x00000014   Data   RW         1012    .data               usbd_cdc_if.o
    0x24000094   COMPRESSED   0x00000009   Data   RW         4561    .data               stm32h7xx_hal.o
    0x2400009d   COMPRESSED   0x00000003   PAD
    0x240000a0   COMPRESSED   0x00000008   Data   RW         6957    .data               system_stm32h7xx.o
    0x240000a8   COMPRESSED   0x0000003c   Data   RW         7642    .data               tasks.o
    0x240000e4   COMPRESSED   0x00000014   Data   RW         8003    .data               timers.o
    0x240000f8   COMPRESSED   0x00000004   Data   RW         8240    .data               cmsis_os2.o
    0x240000fc   COMPRESSED   0x00000020   Data   RW         8702    .data               heap_4.o
    0x2400011c   COMPRESSED   0x0000000c   Data   RW         8758    .data               port.o
    0x24000128   COMPRESSED   0x00000001   Data   RW         9009    .data               usbd_ctlreq.o
    0x24000129   COMPRESSED   0x00000003   PAD
    0x2400012c   COMPRESSED   0x0000008a   Data   RW         9180    .data               usbd_cdc.o
    0x240001b6   COMPRESSED   0x00000002   PAD
    0x240001b8   COMPRESSED   0x00000010   Data   RW         9283    .data               chassis_task.o
    0x240001c8   COMPRESSED   0x00000009   Data   RW         9504    .data               detect_task.o
    0x240001d1   COMPRESSED   0x00000003   PAD
    0x240001d4   COMPRESSED   0x0000000c   Data   RW         9567    .data               gimbal_task.o
    0x240001e0   COMPRESSED   0x00000054   Data   RW         9684    .data               ins_task.o
    0x24000234   COMPRESSED   0x000000f0   Data   RW         9804    .data               shoot_task.o
    0x24000324   COMPRESSED   0x0000000c   Data   RW         9879    .data               hoisting_task.o
    0x24000330   COMPRESSED   0x00000011   Data   RW        10082    .data               bsp_usart.o
    0x24000341   COMPRESSED   0x00000007   PAD
    0x24000348   COMPRESSED   0x00000048   Data   RW        10169    .data               bsp_dwt.o
    0x24000390   COMPRESSED   0x0000002d   Data   RW        10360    .data               bmi088driver.o
    0x240003bd   COMPRESSED   0x00000003   PAD
    0x240003c0   COMPRESSED   0x0000000c   Data   RW        10566    .data               user_lib.o
    0x240003cc   COMPRESSED   0x00000270   Data   RW        10784    .data               controller.o
    0x2400063c   COMPRESSED   0x00000004   Data   RW        10906    .data               kalman_filter.o
    0x24000640   COMPRESSED   0x000000d4   Data   RW        10988    .data               quaternionekf.o
    0x24000714   COMPRESSED   0x00000028   Data   RW        11060    .data               can_receive.o
    0x2400073c   COMPRESSED   0x0000000e   Data   RW        11337    .data               chassis_behaviour.o
    0x2400074a   COMPRESSED   0x00000002   PAD
    0x2400074c   COMPRESSED   0x0000001a   Data   RW        11443    .data               gimbal_behaviour.o
    0x24000766   COMPRESSED   0x0000000c   Data   RW        11573    .data               gq_motor.o
    0x24000772   COMPRESSED   0x00000002   PAD
    0x24000774        -       0x00003a28   Zero   RW          327    .bss                freertos.o
    0x2400419c        -       0x000001e0   Zero   RW          403    .bss                fdcan.o
    0x2400437c        -       0x00000200   Zero   RW          457    .bss                spi.o
    0x2400457c        -       0x00000098   Zero   RW          506    .bss                tim.o
    0x24004614        -       0x00000598   Zero   RW          561    .bss                usart.o
    0x24004bac        -       0x0000004c   Zero   RW          838    .bss                stm32h7xx_hal_timebase_tim.o
    0x24004bf8        -       0x000002dc   Zero   RW          875    .bss                usb_device.o
    0x24004ed4        -       0x00000200   Zero   RW          919    .bss                usbd_desc.o
    0x240050d4        -       0x00001000   Zero   RW         1011    .bss                usbd_cdc_if.o
    0x240060d4        -       0x00000704   Zero   RW         1104    .bss                usbd_conf.o
    0x240067d8        -       0x00000040   Zero   RW         7203    .bss                queue.o
    0x24006818        -       0x000004c4   Zero   RW         7641    .bss                tasks.o
    0x24006cdc        -       0x00000118   Zero   RW         8002    .bss                timers.o
    0x24006df4        -       0x000006b8   Zero   RW         8239    .bss                cmsis_os2.o
    0x240074ac        -       0x00007530   Zero   RW         8701    .bss                heap_4.o
    0x2400e9dc        -       0x0000021c   Zero   RW         9281    .bss                chassis_task.o
    0x2400ebf8        -       0x00000288   Zero   RW         9502    .bss                detect_task.o
    0x2400ee80        -       0x00000210   Zero   RW         9566    .bss                gimbal_task.o
    0x2400f090        -       0x0000019c   Zero   RW         9682    .bss                ins_task.o
    0x2400f22c        -       0x0000017c   Zero   RW         9803    .bss                shoot_task.o
    0x2400f3a8        -       0x000002c0   Zero   RW         9878    .bss                hoisting_task.o
    0x2400f668        -       0x00000882   Zero   RW        10081    .bss                bsp_usart.o
    0x2400feea   COMPRESSED   0x00000006   PAD
    0x2400fef0        -       0x00000270   Zero   RW        10986    .bss                quaternionekf.o
    0x24010160        -       0x00000158   Zero   RW        11059    .bss                can_receive.o
    0x240102b8        -       0x0000002c   Zero   RW        11295    .bss                remote_control.o
    0x240102e4        -       0x00000020   Zero   RW        11517    .bss                usart_receive.o
    0x24010304        -       0x00000064   Zero   RW        11572    .bss                gq_motor.o
    0x24010368        -       0x00000060   Zero   RW        12343    .bss                c_w.l(libspace.o)
    0x240103c8        -       0x00000200   Zero   RW            2    HEAP                startup_stm32h723xx.o
    0x240105c8        -       0x00000400   Zero   RW            1    STACK               startup_stm32h723xx.o


==============================================================================

Image component sizes


      Code (inc. data)   RO Data    RW Data    ZI Data      Debug   Object Name

      2130         34         18         45          0       9431   bmi088driver.o
       216         28          0          0          0       5508   bmi088middleware.o
       192         26          0          0          0       1161   bsp_can.o
       264         56          0         72          0       3839   bsp_dwt.o
       204          6          0          0          0       1965   bsp_led.o
        58          0          0          0          0       1078   bsp_pwm.o
      1356        184          0         17       2178       9495   bsp_usart.o
      1924        172          0         40        344     939667   can_receive.o
      1906        150          0         14          0      15186   chassis_behaviour.o
      1040         94          0         16        540      15031   chassis_task.o
       430         38          0          4       1720      71607   cmsis_os2.o
      2224         36          0        624          0      13175   controller.o
      1324         40        102          9        648       3642   detect_task.o
       208          6          0          0          0       1078   dma.o
         0          0          0          0          0      19492   event_groups.o
      1008         58          0          4        480       3857   fdcan.o
       202         86        310         28      14888       3311   freertos.o
       420         46          0         26          0       7253   gimbal_behaviour.o
      1476        174          0         12        528      14371   gimbal_task.o
       280         12          0          0          0       1283   gpio.o
       420         38          0         12        100       4918   gq_motor.o
       724         74          0         32      30000       5255   heap_4.o
      1152        104          0         12        704       6782   hoisting_task.o
      3506        258         48         84        412      36016   ins_task.o
      3172         26          0          4          0      10361   kalman_filter.o
       148          0          0          0          0       3966   list.o
       382         38          0          0          0    1270475   main.o
       764         24          0          0          0       4395   pid.o
      1014         92          0         12          0      12373   port.o
      4148        234        144        212        624      11147   quaternionekf.o
      1922         20          0          0         64      18248   queue.o
       260         12          0          0         44       3811   remote_control.o
      2492        228          0        240        380       9356   shoot_task.o
       712         58          0          0        512       3040   spi.o
        72         30        716          0       1536        896   startup_stm32h723xx.o
       192         40          0          9          0      24054   stm32h7xx_hal.o
       258         22          0          0          0      39550   stm32h7xx_hal_cortex.o
      8656        164          8          0          0      14597   stm32h7xx_hal_dma.o
      3692         54         92          0          0      25480   stm32h7xx_hal_fdcan.o
       524         50          0          0          0       3099   stm32h7xx_hal_gpio.o
        48          6          0          0          0       1030   stm32h7xx_hal_msp.o
      3630         16          0          0          0      14636   stm32h7xx_hal_pcd.o
       130          4          0          0          0       3445   stm32h7xx_hal_pcd_ex.o
       116         12          0          0          0       1438   stm32h7xx_hal_pwr_ex.o
      3496        120          0          0          0       7985   stm32h7xx_hal_rcc.o
      5140        112          0          0          0       7673   stm32h7xx_hal_rcc_ex.o
      3236         32          0          0          0      12500   stm32h7xx_hal_spi.o
      2728        284          0          0          0      15457   stm32h7xx_hal_tim.o
       234         38          0          0          0       3536   stm32h7xx_hal_tim_ex.o
       148         20          0          0         76       1744   stm32h7xx_hal_timebase_tim.o
      4790        182         24          0          0      38667   stm32h7xx_hal_uart.o
       458         10         16          0          0       6897   stm32h7xx_hal_uart_ex.o
       398        140          0          0          0      15722   stm32h7xx_it.o
      3906         90          0          0          0      24396   stm32h7xx_ll_usb.o
         0          0          0          0          0        384   stream_buffer.o
       304         38         16          8          0       2073   system_stm32h7xx.o
      2914        358          0         60       1220      30308   tasks.o
       504         46          0          0        152       3494   tim.o
      1318        124          0         20        280      33707   timers.o
      1588        118          0          0       1432       5127   usart.o
       254         10          0          0         32       3070   usart_receive.o
        80         16          0          0        732        876   usb_device.o
      1782         54          0        138          0      15229   usbd_cdc.o
       216         26          0         20       4096       4804   usbd_cdc_if.o
      1032         32          0          0       1796      19104   usbd_conf.o
      1354          0          0          0          0      17729   usbd_core.o
      2416         22          0          1          0      18896   usbd_ctlreq.o
       386        122          0         94        512       7581   usbd_desc.o
       174          0          0          0          0       5164   usbd_ioreq.o
      1000         26          0         12          0       6987   user_lib.o

    ----------------------------------------------------------------------
     94940       4870       1532       1908      66036    2978908   Object Totals
         0          0         32          0          0          0   (incl. Generated)
        88          0          6         27          6          0   (incl. Padding)

    ----------------------------------------------------------------------

      Code (inc. data)   RO Data    RW Data    ZI Data      Debug   Library Member Name

         0          0       2052          0          0       4636   arm_common_tables.o
       120         12          0          0          0      16970   arm_cos_f32.o
       264          0          0          0          0       1482   arm_mat_add_f32.o
         8          0          0          0          0        843   arm_mat_init_f32.o
      1328          4          0          0          0       2718   arm_mat_inverse_f32.o
       316          4          0          0          0       1627   arm_mat_mult_f32.o
       264          0          0          0          0       1482   arm_mat_sub_f32.o
       276          0          0          0          0       1516   arm_mat_trans_f32.o
       116         12          0          0          0        658   arm_sin_f32.o
        90          0          0          0          0          0   __dczerorl2.o
         8          0          0          0          0         68   __main.o
         0          0          0          0          0          0   __rtentry.o
        12          0          0          0          0          0   __rtentry2.o
         6          0          0          0          0          0   __rtentry4.o
        52          8          0          0          0          0   __scatter.o
        28          0          0          0          0          0   __scatter_zi.o
        48          4          0          0          0         84   _fptrap.o
        22          0          0          0          0        100   _rserrno.o
        16          0          0          0          0         68   aeabi_memset.o
        10          0          0          0          0         68   defsig_exit.o
       172        110          0          0          0         76   defsig_fpe_inner.o
        14          0          0          0          0         80   defsig_fpe_outer.o
        50          0          0          0          0         88   defsig_general.o
        80         58          0          0          0         76   defsig_rtmem_inner.o
        14          0          0          0          0         80   defsig_rtmem_outer.o
        18          0          0          0          0         80   exit.o
        94          0          0          0          0         80   h1_alloc.o
        52          0          0          0          0         68   h1_extend.o
        78          0          0          0          0         80   h1_free.o
        14          0          0          0          0         84   h1_init.o
         6          0          0          0          0        152   heapauxi.o
         4          0          0          0          0        136   hguard.o
         0          0          0          0          0          0   indicate_semi.o
       138          0          0          0          0        168   init_alloc.o
         2          0          0          0          0          0   libinit.o
        14          0          0          0          0          0   libinit2.o
         2          0          0          0          0          0   libshutdown.o
         2          0          0          0          0          0   libshutdown2.o
         8          4          0          0         96         68   libspace.o
       238          0          0          0          0        100   lludivv7m.o
         0          0          0          0          0          0   maybetermalloc1.o
         8          4          0          0          0         68   rt_errno_addr_intlibspace.o
         8          4          0          0          0         68   rt_heap_descriptor_intlibspace.o
        68          0          0          0          0         68   rt_memclr.o
        78          0          0          0          0         80   rt_memclr_w.o
       138          0          0          0          0         68   rt_memcpy_v6.o
       100          0          0          0          0         80   rt_memcpy_w.o
         2          0          0          0          0          0   rtexit.o
        10          0          0          0          0          0   rtexit2.o
        12          4          0          0          0         68   sys_exit.o
        74          0          0          0          0         80   sys_stackheap_outer.o
        14          0          0          0          0         76   sys_wrch.o
         2          0          0          0          0         68   use_no_semi.o
       492         36          0          0          0        148   except.o
       242          4          0          0          0        144   fnaninf.o
        74          0          0          0          0        132   fnorm2_clz.o
        10          0          0          0          0        116   fpinit.o
       278          8          0          0          0        132   frem_clz.o
       316          0          0          0          0        132   funder_clz.o
       178          0          0          0          0        116   retnan.o
       126          0          0          0          0        148   trapv.o
         0          0          0          0          0          0   usenofp.o
       292         58          0          0          0        176   acosf.o
       312         54          0          0          0        176   asinf.o
       692         98          0          0          0        208   atan2f.o
       176         18          0          0          0        156   cos.o
       224         42         48          0          0        184   cos_i.o
        48         28          0          0          0        232   dunder.o
        24          0          0          0          0        124   fabs.o
       176          0          0          0          0        168   fmodf.o
        48          0          0          0          0        124   fpclassify.o
        38          0          0          0          0        116   fpclassifyf.o
        44         12          0          0          0        464   funder.o
       112          0          0          0          0        116   poly.o
       784        138        200          0          0        172   rred.o
       176         18          0          0          0        160   sin.o
       168         24         40          0          0        196   sin_i.o
       120          0          0          0          0        272   sqrtf_full.o

    ----------------------------------------------------------------------
      9672        766       2340          0         96      38572   Library Totals
        24          0          0          0          0          0   (incl. Padding)

    ----------------------------------------------------------------------

      Code (inc. data)   RO Data    RW Data    ZI Data      Debug   Library Name

      2692         32       2052          0          0      31932   arm_cortexM4lf_math.lib
      1806        196          0          0         96       2528   c_w.l
      1716         48          0          0          0       1068   g_wv.l
      3434        490        288          0          0       3044   m_wv.l

    ----------------------------------------------------------------------
      9672        766       2340          0         96      38572   Library Totals

    ----------------------------------------------------------------------

==============================================================================


      Code (inc. data)   RO Data    RW Data    ZI Data      Debug   

    104612       5636       3872       1908      66132    2957876   Grand Totals
    104612       5636       3872        428      66132    2957876   ELF Image Totals (compressed)
    104612       5636       3872        428          0          0   ROM Totals

==============================================================================

    Total RO  Size (Code + RO Data)               108484 ( 105.94kB)
    Total RW  Size (RW Data + ZI Data)             68040 (  66.45kB)
    Total ROM Size (Code + RO Data + RW Data)     108912 ( 106.36kB)

==============================================================================

