Component: ARM Compiler 5.06 update 7 (build 960) Tool: armlink [4d3601]

==============================================================================

Section Cross References

    startup_stm32f407xx.o(STACK) refers (Special) to heapauxi.o(.text) for __use_two_region_memory
    startup_stm32f407xx.o(HEAP) refers (Special) to heapauxi.o(.text) for __use_two_region_memory
    startup_stm32f407xx.o(RESET) refers (Special) to heapauxi.o(.text) for __use_two_region_memory
    startup_stm32f407xx.o(RESET) refers to startup_stm32f407xx.o(STACK) for __initial_sp
    startup_stm32f407xx.o(RESET) refers to startup_stm32f407xx.o(.text) for Reset_Handler
    startup_stm32f407xx.o(RESET) refers to stm32f4xx_it.o(i.NMI_Handler) for NMI_Handler
    startup_stm32f407xx.o(RESET) refers to stm32f4xx_it.o(i.HardFault_Handler) for HardFault_Handler
    startup_stm32f407xx.o(RESET) refers to stm32f4xx_it.o(i.MemManage_Handler) for MemManage_Handler
    startup_stm32f407xx.o(RESET) refers to stm32f4xx_it.o(i.BusFault_Handler) for BusFault_Handler
    startup_stm32f407xx.o(RESET) refers to stm32f4xx_it.o(i.UsageFault_Handler) for UsageFault_Handler
    startup_stm32f407xx.o(RESET) refers to port.o(.emb_text) for SVC_Handler
    startup_stm32f407xx.o(RESET) refers to stm32f4xx_it.o(i.DebugMon_Handler) for DebugMon_Handler
    startup_stm32f407xx.o(RESET) refers to stm32f4xx_it.o(i.SysTick_Handler) for SysTick_Handler
    startup_stm32f407xx.o(RESET) refers to tripodctrltask.o(i.EXTI0_IRQHandler) for EXTI0_IRQHandler
    startup_stm32f407xx.o(RESET) refers to stm32f4xx_it.o(i.EXTI4_IRQHandler) for EXTI4_IRQHandler
    startup_stm32f407xx.o(RESET) refers to stm32f4xx_it.o(i.CAN1_TX_IRQHandler) for CAN1_TX_IRQHandler
    startup_stm32f407xx.o(RESET) refers to stm32f4xx_it.o(i.CAN1_RX0_IRQHandler) for CAN1_RX0_IRQHandler
    startup_stm32f407xx.o(RESET) refers to stm32f4xx_it.o(i.CAN1_RX1_IRQHandler) for CAN1_RX1_IRQHandler
    startup_stm32f407xx.o(RESET) refers to stm32f4xx_it.o(i.CAN1_SCE_IRQHandler) for CAN1_SCE_IRQHandler
    startup_stm32f407xx.o(RESET) refers to stm32f4xx_it.o(i.EXTI9_5_IRQHandler) for EXTI9_5_IRQHandler
    startup_stm32f407xx.o(RESET) refers to stm32f4xx_it.o(i.USART1_IRQHandler) for USART1_IRQHandler
    startup_stm32f407xx.o(RESET) refers to stm32f4xx_it.o(i.TIM8_UP_TIM13_IRQHandler) for TIM8_UP_TIM13_IRQHandler
    startup_stm32f407xx.o(RESET) refers to imu_task.o(i.DMA2_Stream2_IRQHandler) for DMA2_Stream2_IRQHandler
    startup_stm32f407xx.o(RESET) refers to stm32f4xx_it.o(i.DMA2_Stream3_IRQHandler) for DMA2_Stream3_IRQHandler
    startup_stm32f407xx.o(RESET) refers to usart_user.o(i.USART6_IRQHandler) for USART6_IRQHandler
    startup_stm32f407xx.o(.text) refers (Special) to heapauxi.o(.text) for __use_two_region_memory
    startup_stm32f407xx.o(.text) refers to system_stm32f4xx.o(i.SystemInit) for SystemInit
    startup_stm32f407xx.o(.text) refers to __main.o(!!!main) for __main
    startup_stm32f407xx.o(.text) refers to startup_stm32f407xx.o(HEAP) for Heap_Mem
    startup_stm32f407xx.o(.text) refers to startup_stm32f407xx.o(STACK) for Stack_Mem
    main.o(i.SystemClock_Config) refers to rt_memclr_w.o(.text) for __aeabi_memclr4
    main.o(i.SystemClock_Config) refers to stm32f4xx_hal_rcc.o(i.HAL_RCC_OscConfig) for HAL_RCC_OscConfig
    main.o(i.SystemClock_Config) refers to stm32f4xx_hal_rcc.o(i.HAL_RCC_ClockConfig) for HAL_RCC_ClockConfig
    main.o(i.main) refers to stm32f4xx_hal.o(i.HAL_Init) for HAL_Init
    main.o(i.main) refers to main.o(i.SystemClock_Config) for SystemClock_Config
    main.o(i.main) refers to gpio.o(i.MX_GPIO_Init) for MX_GPIO_Init
    main.o(i.main) refers to dma.o(i.MX_DMA_Init) for MX_DMA_Init
    main.o(i.main) refers to can.o(i.MX_CAN1_Init) for MX_CAN1_Init
    main.o(i.main) refers to spi.o(i.MX_SPI1_Init) for MX_SPI1_Init
    main.o(i.main) refers to tim.o(i.MX_TIM10_Init) for MX_TIM10_Init
    main.o(i.main) refers to tim.o(i.MX_TIM13_Init) for MX_TIM13_Init
    main.o(i.main) refers to usart.o(i.MX_USART6_UART_Init) for MX_USART6_UART_Init
    main.o(i.main) refers to usart.o(i.MX_USART1_UART_Init) for MX_USART1_UART_Init
    main.o(i.main) refers to tim.o(i.MX_TIM5_Init) for MX_TIM5_Init
    main.o(i.main) refers to argb.o(i.aRGB_init) for aRGB_init
    main.o(i.main) refers to cmsis_os2.o(i.osKernelInitialize) for osKernelInitialize
    main.o(i.main) refers to freertos.o(i.MX_FREERTOS_Init) for MX_FREERTOS_Init
    main.o(i.main) refers to cmsis_os2.o(i.osKernelStart) for osKernelStart
    gpio.o(i.MX_GPIO_Init) refers to rt_memclr_w.o(.text) for __aeabi_memclr4
    gpio.o(i.MX_GPIO_Init) refers to stm32f4xx_hal_gpio.o(i.HAL_GPIO_WritePin) for HAL_GPIO_WritePin
    gpio.o(i.MX_GPIO_Init) refers to stm32f4xx_hal_gpio.o(i.HAL_GPIO_Init) for HAL_GPIO_Init
    gpio.o(i.MX_GPIO_Init) refers to stm32f4xx_hal_cortex.o(i.HAL_NVIC_SetPriority) for HAL_NVIC_SetPriority
[...]
    __rt_lib_init                            0x080001fd   Thumb Code     0  libinit.o(.ARM.Collect$$libinit$$00000000)
    __rt_lib_init_fp_1                       0x080001ff   Thumb Code     0  libinit2.o(.ARM.Collect$$libinit$$00000001)
    __rt_lib_init_alloca_1                   0x08000203   Thumb Code     0  libinit2.o(.ARM.Collect$$libinit$$0000002E)
    __rt_lib_init_argv_1                     0x08000203   Thumb Code     0  libinit2.o(.ARM.Collect$$libinit$$0000002C)
    __rt_lib_init_atexit_1                   0x08000203   Thumb Code     0  libinit2.o(.ARM.Collect$$libinit$$0000001B)
    __rt_lib_init_clock_1                    0x08000203   Thumb Code     0  libinit2.o(.ARM.Collect$$libinit$$00000021)
    __rt_lib_init_cpp_1                      0x08000203   Thumb Code     0  libinit2.o(.ARM.Collect$$libinit$$00000032)
    __rt_lib_init_exceptions_1               0x08000203   Thumb Code     0  libinit2.o(.ARM.Collect$$libinit$$00000030)
    __rt_lib_init_fp_trap_1                  0x08000203   Thumb Code     0  libinit2.o(.ARM.Collect$$libinit$$0000001F)
    __rt_lib_init_getenv_1                   0x08000203   Thumb Code     0  libinit2.o(.ARM.Collect$$libinit$$00000023)
    __rt_lib_init_heap_1                     0x08000203   Thumb Code     0  libinit2.o(.ARM.Collect$$libinit$$0000000A)
    __rt_lib_init_lc_collate_1               0x08000203   Thumb Code     0  libinit2.o(.ARM.Collect$$libinit$$00000011)
    __rt_lib_init_lc_ctype_1                 0x08000203   Thumb Code     0  libinit2.o(.ARM.Collect$$libinit$$00000013)
    __rt_lib_init_lc_monetary_1              0x08000203   Thumb Code     0  libinit2.o(.ARM.Collect$$libinit$$00000015)
    __rt_lib_init_lc_numeric_1               0x08000203   Thumb Code     0  libinit2.o(.ARM.Collect$$libinit$$00000017)
    __rt_lib_init_lc_time_1                  0x08000203   Thumb Code     0  libinit2.o(.ARM.Collect$$libinit$$00000019)
    __rt_lib_init_preinit_1                  0x08000203   Thumb Code     0  libinit2.o(.ARM.Collect$$libinit$$00000004)
    __rt_lib_init_rand_1                     0x08000203   Thumb Code     0  libinit2.o(.ARM.Collect$$libinit$$0000000E)
    __rt_lib_init_return                     0x08000203   Thumb Code     0  libinit2.o(.ARM.Collect$$libinit$$00000033)
    __rt_lib_init_signal_1                   0x08000203   Thumb Code     0  libinit2.o(.ARM.Collect$$libinit$$0000001D)
    __rt_lib_init_stdio_1                    0x08000203   Thumb Code     0  libinit2.o(.ARM.Collect$$libinit$$00000025)
    __rt_lib_init_user_alloc_1               0x08000203   Thumb Code     0  libinit2.o(.ARM.Collect$$libinit$$0000000C)
    __rt_lib_shutdown                        0x08000205   Thumb Code     0  libshutdown.o(.ARM.Collect$$libshutdown$$00000000)
    __rt_lib_shutdown_cpp_1                  0x08000207   Thumb Code     0  libshutdown2.o(.ARM.Collect$$libshutdown$$00000004)
    __rt_lib_shutdown_fini_1                 0x08000207   Thumb Code     0  libshutdown2.o(.ARM.Collect$$libshutdown$$00000002)
    __rt_lib_shutdown_fp_trap_1              0x08000207   Thumb Code     0  libshutdown2.o(.ARM.Collect$$libshutdown$$00000009)
    __rt_lib_shutdown_heap_1                 0x08000207   Thumb Code     0  libshutdown2.o(.ARM.Collect$$libshutdown$$00000011)
    __rt_lib_shutdown_return                 0x08000207   Thumb Code     0  libshutdown2.o(.ARM.Collect$$libshutdown$$00000012)
    __rt_lib_shutdown_signal_1               0x08000207   Thumb Code     0  libshutdown2.o(.ARM.Collect$$libshutdown$$0000000C)
    __rt_lib_shutdown_stdio_1                0x08000207   Thumb Code     0  libshutdown2.o(.ARM.Collect$$libshutdown$$00000006)
    __rt_lib_shutdown_user_alloc_1           0x08000207   Thumb Code     0  libshutdown2.o(.ARM.Collect$$libshutdown$$0000000E)
    __rt_entry                               0x08000209   Thumb Code     0  __rtentry.o(.ARM.Collect$$rtentry$$00000000)
    __rt_entry_presh_1                       0x08000209   Thumb Code     0  __rtentry2.o(.ARM.Collect$$rtentry$$00000002)
    __rt_entry_sh                            0x08000209   Thumb Code     0  __rtentry4.o(.ARM.Collect$$rtentry$$00000004)
    __rt_entry_li                            0x0800020f   Thumb Code     0  __rtentry2.o(.ARM.Collect$$rtentry$$0000000A)
    __rt_entry_postsh_1                      0x0800020f   Thumb Code     0  __rtentry2.o(.ARM.Collect$$rtentry$$00000009)
    __rt_entry_main                          0x08000213   Thumb Code     0  __rtentry2.o(.ARM.Collect$$rtentry$$0000000D)
    __rt_entry_postli_1                      0x08000213   Thumb Code     0  __rtentry2.o(.ARM.Collect$$rtentry$$0000000C)
    __rt_exit                                0x0800021b   Thumb Code     0  rtexit.o(.ARM.Collect$$rtexit$$00000000)
    __rt_exit_ls                             0x0800021d   Thumb Code     0  rtexit2.o(.ARM.Collect$$rtexit$$00000003)
    __rt_exit_prels_1                        0x0800021d   Thumb Code     0  rtexit2.o(.ARM.Collect$$rtexit$$00000002)
    __rt_exit_exit                           0x08000221   Thumb Code     0  rtexit2.o(.ARM.Collect$$rtexit$$00000004)
    SVC_Handler                              0x08000229   Thumb Code    28  port.o(.emb_text)
    __asm___6_port_c_39a90d8d__prvStartFirstTask 0x08000249   Thumb Code    36  port.o(.emb_text)
    __asm___6_port_c_39a90d8d__prvEnableVFP  0x08000271   Thumb Code    16  port.o(.emb_text)
    PendSV_Handler                           0x08000285   Thumb Code    88  port.o(.emb_text)
    vPortGetIPSR                             0x080002e1   Thumb Code     6  port.o(.emb_text)
    Reset_Handler                            0x080002e9   Thumb Code     8  startup_stm32f407xx.o(.text)
    ADC_IRQHandler                           0x08000303   Thumb Code     0  startup_stm32f407xx.o(.text)
    CAN2_RX0_IRQHandler                      0x08000303   Thumb Code     0  startup_stm32f407xx.o(.text)
    CAN2_RX1_IRQHandler                      0x08000303   Thumb Code     0  startup_stm32f407xx.o(.text)
    CAN2_SCE_IRQHandler                      0x08000303   Thumb Code     0  startup_stm32f407xx.o(.text)
    CAN2_TX_IRQHandler                       0x08000303   Thumb Code     0  startup_stm32f407xx.o(.text)
    DCMI_IRQHandler                          0x08000303   Thumb Code     0  startup_stm32f407xx.o(.text)
    DMA1_Stream0_IRQHandler                  0x08000303   Thumb Code     0  startup_stm32f407xx.o(.text)
    DMA1_Stream1_IRQHandler                  0x08000303   Thumb Code     0  startup_stm32f407xx.o(.text)
    DMA1_Stream2_IRQHandler                  0x08000303   Thumb Code     0  startup_stm32f407xx.o(.text)
    DMA1_Stream3_IRQHandler                  0x08000303   Thumb Code     0  startup_stm32f407xx.o(.text)
    DMA1_Stream4_IRQHandler                  0x08000303   Thumb Code     0  startup_stm32f407xx.o(.text)
    DMA1_Stream5_IRQHandler                  0x08000303   Thumb Code     0  startup_stm32f407xx.o(.text)
    DMA1_Stream6_IRQHandler                  0x08000303   Thumb Code     0  startup_stm32f407xx.o(.text)
    DMA1_Stream7_IRQHandler                  0x08000303   Thumb Code     0  startup_stm32f407xx.o(.text)
    DMA2_Stream0_IRQHandler                  0x08000303   Thumb Code     0  startup_stm32f407xx.o(.text)
    DMA2_Stream1_IRQHandler                  0x08000303   Thumb Code     0  startup_stm32f407xx.o(.text)
    DMA2_Stream4_IRQHandler                  0x08000303   Thumb Code     0  startup_stm32f407xx.o(.text)
    DMA2_Stream5_IRQHandler                  0x08000303   Thumb Code     0  startup_stm32f407xx.o(.text)
    DMA2_Stream6_IRQHandler                  0x08000303   Thumb Code     0  startup_stm32f407xx.o(.text)
    DMA2_Stream7_IRQHandler                  0x08000303   Thumb Code     0  startup_stm32f407xx.o(.text)
    ETH_IRQHandler                           0x08000303   Thumb Code     0  startup_stm32f407xx.o(.text)
    ETH_WKUP_IRQHandler                      0x08000303   Thumb Code     0  startup_stm32f407xx.o(.text)
    EXTI15_10_IRQHandler                     0x08000303   Thumb Code     0  startup_stm32f407xx.o(.text)
    EXTI1_IRQHandler                         0x08000303   Thumb Code     0  startup_stm32f407xx.o(.text)
    EXTI2_IRQHandler                         0x08000303   Thumb Code     0  startup_stm32f407xx.o(.text)
    EXTI3_IRQHandler                         0x08000303   Thumb Code     0  startup_stm32f407xx.o(.text)
    FLASH_IRQHandler                         0x08000303   Thumb Code     0  startup_stm32f407xx.o(.text)
    FMC_IRQHandler                           0x08000303   Thumb Code     0  startup_stm32f407xx.o(.text)
    FPU_IRQHandler                           0x08000303   Thumb Code     0  startup_stm32f407xx.o(.text)
    HASH_RNG_IRQHandler                      0x08000303   Thumb Code     0  startup_stm32f407xx.o(.text)
    I2C1_ER_IRQHandler                       0x08000303   Thumb Code     0  startup_stm32f407xx.o(.text)
    I2C1_EV_IRQHandler                       0x08000303   Thumb Code     0  startup_stm32f407xx.o(.text)
    I2C2_ER_IRQHandler                       0x08000303   Thumb Code     0  startup_stm32f407xx.o(.text)
    I2C2_EV_IRQHandler                       0x08000303   Thumb Code     0  startup_stm32f407xx.o(.text)
    I2C3_ER_IRQHandler                       0x08000303   Thumb Code     0  startup_stm32f407xx.o(.text)
    I2C3_EV_IRQHandler                       0x08000303   Thumb Code     0  startup_stm32f407xx.o(.text)
    OTG_FS_IRQHandler                        0x08000303   Thumb Code     0  startup_stm32f407xx.o(.text)
    OTG_FS_WKUP_IRQHandler                   0x08000303   Thumb Code     0  startup_stm32f407xx.o(.text)
    OTG_HS_EP1_IN_IRQHandler                 0x08000303   Thumb Code     0  startup_stm32f407xx.o(.text)
    OTG_HS_EP1_OUT_IRQHandler                0x08000303   Thumb Code     0  startup_stm32f407xx.o(.text)
    OTG_HS_IRQHandler                        0x08000303   Thumb Code     0  startup_stm32f407xx.o(.text)
    OTG_HS_WKUP_IRQHandler                   0x08000303   Thumb Code     0  startup_stm32f407xx.o(.text)
    PVD_IRQHandler                           0x08000303   Thumb Code     0  startup_stm32f407xx.o(.text)
    RCC_IRQHandler                           0x08000303   Thumb Code     0  startup_stm32f407xx.o(.text)
    RTC_Alarm_IRQHandler                     0x08000303   Thumb Code     0  startup_stm32f407xx.o(.text)
    RTC_WKUP_IRQHandler                      0x08000303   Thumb Code     0  startup_stm32f407xx.o(.text)
    SDIO_IRQHandler                          0x08000303   Thumb Code     0  startup_stm32f407xx.o(.text)
    SPI1_IRQHandler                          0x08000303   Thumb Code     0  startup_stm32f407xx.o(.text)
    SPI2_IRQHandler                          0x08000303   Thumb Code     0  startup_stm32f407xx.o(.text)
    SPI3_IRQHandler                          0x08000303   Thumb Code     0  startup_stm32f407xx.o(.text)
    TAMP_STAMP_IRQHandler                    0x08000303   Thumb Code     0  startup_stm32f407xx.o(.text)
    TIM1_BRK_TIM9_IRQHandler                 0x08000303   Thumb Code     0  startup_stm32f407xx.o(.text)
    TIM1_CC_IRQHandler                       0x08000303   Thumb Code     0  startup_stm32f407xx.o(.text)
    TIM1_TRG_COM_TIM11_IRQHandler            0x08000303   Thumb Code     0  startup_stm32f407xx.o(.text)
    TIM1_UP_TIM10_IRQHandler                 0x08000303   Thumb Code     0  startup_stm32f407xx.o(.text)
    TIM2_IRQHandler                          0x08000303   Thumb Code     0  startup_stm32f407xx.o(.text)
    TIM3_IRQHandler                          0x08000303   Thumb Code     0  startup_stm32f407xx.o(.text)
    TIM4_IRQHandler                          0x08000303   Thumb Code     0  startup_stm32f407xx.o(.text)
    TIM5_IRQHandler                          0x08000303   Thumb Code     0  startup_stm32f407xx.o(.text)
    TIM6_DAC_IRQHandler                      0x08000303   Thumb Code     0  startup_stm32f407xx.o(.text)
    TIM7_IRQHandler                          0x08000303   Thumb Code     0  startup_stm32f407xx.o(.text)
    TIM8_BRK_TIM12_IRQHandler                0x08000303   Thumb Code     0  startup_stm32f407xx.o(.text)
    TIM8_CC_IRQHandler                       0x08000303   Thumb Code     0  startup_stm32f407xx.o(.text)
    TIM8_TRG_COM_TIM14_IRQHandler            0x08000303   Thumb Code     0  startup_stm32f407xx.o(.text)
    UART4_IRQHandler                         0x08000303   Thumb Code     0  startup_stm32f407xx.o(.text)
    UART5_IRQHandler                         0x08000303   Thumb Code     0  startup_stm32f407xx.o(.text)
    USART2_IRQHandler                        0x08000303   Thumb Code     0  startup_stm32f407xx.o(.text)
    USART3_IRQHandler                        0x08000303   Thumb Code     0  startup_stm32f407xx.o(.text)
    WWDG_IRQHandler                          0x08000303   Thumb Code     0  startup_stm32f407xx.o(.text)
    __user_initial_stackheap                 0x08000305   Thumb Code     0  startup_stm32f407xx.o(.text)
    __aeabi_uldivmod                         0x08000329   Thumb Code     0  lludivv7m.o(.text)
    _ll_udiv                                 0x08000329   Thumb Code   238  lludivv7m.o(.text)
    __aeabi_memcpy                           0x08000417   Thumb Code     0  rt_memcpy_v6.o(.text)
    __rt_memcpy                              0x08000417   Thumb Code   138  rt_memcpy_v6.o(.text)
    _memcpy_lastbytes                        0x0800047d   Thumb Code     0  rt_memcpy_v6.o(.text)
    __aeabi_memset                           0x080004a1   Thumb Code    16  aeabi_memset.o(.text)
    __aeabi_memclr4                          0x080004b1   Thumb Code     0  rt_memclr_w.o(.text)
    __aeabi_memclr8                          0x080004b1   Thumb Code     0  rt_memclr_w.o(.text)
    __rt_memclr_w                            0x080004b1   Thumb Code    78  rt_memclr_w.o(.text)
    _memset_w                                0x080004b5   Thumb Code     0  rt_memclr_w.o(.text)
    __use_two_region_memory                  0x080004ff   Thumb Code     2  heapauxi.o(.text)
    __rt_heap_escrow$2region                 0x08000501   Thumb Code     2  heapauxi.o(.text)
    __rt_heap_expand$2region                 0x08000503   Thumb Code     2  heapauxi.o(.text)
    __read_errno                             0x08000505   Thumb Code    10  _rserrno.o(.text)
    __set_errno                              0x0800050f   Thumb Code    12  _rserrno.o(.text)
    __aeabi_memcpy4                          0x0800051b   Thumb Code     0  rt_memcpy_w.o(.text)
    __aeabi_memcpy8                          0x0800051b   Thumb Code     0  rt_memcpy_w.o(.text)
    __rt_memcpy_w                            0x0800051b   Thumb Code   100  rt_memcpy_w.o(.text)
    _memcpy_lastbytes_aligned                0x08000563   Thumb Code     0  rt_memcpy_w.o(.text)
    __aeabi_memclr                           0x0800057f   Thumb Code     0  rt_memclr.o(.text)
    __rt_memclr                              0x0800057f   Thumb Code    68  rt_memclr.o(.text)
    _memset                                  0x08000583   Thumb Code     0  rt_memclr.o(.text)
    __aeabi_errno_addr                       0x080005c5   Thumb Code     8  rt_errno_addr_intlibspace.o(.text)
    __errno$intlibspace                      0x080005c5   Thumb Code     0  rt_errno_addr_intlibspace.o(.text)
    __rt_errno_addr$intlibspace              0x080005c5   Thumb Code     0  rt_errno_addr_intlibspace.o(.text)
    __user_libspace                          0x080005cd   Thumb Code     8  libspace.o(.text)
    __user_perproc_libspace                  0x080005cd   Thumb Code     0  libspace.o(.text)
    __user_perthread_libspace                0x080005cd   Thumb Code     0  libspace.o(.text)
    __user_setup_stackheap                   0x080005d5   Thumb Code    74  sys_stackheap_outer.o(.text)
    exit                                     0x0800061f   Thumb Code    18  exit.o(.text)
    _sys_exit                                0x08000631   Thumb Code     8  sys_exit.o(.text)
    __I$use$semihosting                      0x0800063d   Thumb Code     0  use_no_semi.o(.text)
    __use_no_semihosting_swi                 0x0800063d   Thumb Code     2  use_no_semi.o(.text)
    __semihosting_library_function           0x0800063f   Thumb Code     0  indicate_semi.o(.text)
    BMI088_ACCEL_NS_H                        0x08000641   Thumb Code    10  bmi088middleware.o(i.BMI088_ACCEL_NS_H)
    BMI088_ACCEL_NS_L                        0x08000651   Thumb Code    10  bmi088middleware.o(i.BMI088_ACCEL_NS_L)
    BMI088_GPIO_init                         0x08000661   Thumb Code     2  bmi088middleware.o(i.BMI088_GPIO_init)
    BMI088_GYRO_NS_H                         0x08000665   Thumb Code    10  bmi088middleware.o(i.BMI088_GYRO_NS_H)
    BMI088_GYRO_NS_L                         0x08000675   Thumb Code    10  bmi088middleware.o(i.BMI088_GYRO_NS_L)
    BMI088_accel_read_over                   0x08000685   Thumb Code   126  bmi088driver.o(i.BMI088_accel_read_over)
    BMI088_com_init                          0x0800070d   Thumb Code     2  bmi088middleware.o(i.BMI088_com_init)
    BMI088_delay_ms                          0x0800070f   Thumb Code     4  bmi088middleware.o(i.BMI088_delay_ms)
    BMI088_delay_us                          0x08000713   Thumb Code     6  bmi088middleware.o(i.BMI088_delay_us)
    BMI088_gyro_read_over                    0x08000719   Thumb Code    92  bmi088driver.o(i.BMI088_gyro_read_over)
    BMI088_init                              0x08000779   Thumb Code    46  bmi088driver.o(i.BMI088_init)
    BMI088_read_write_byte                   0x080007e1   Thumb Code    28  bmi088middleware.o(i.BMI088_read_write_byte)
    BMI088_temperature_read_over             0x08000801   Thumb Code    46  bmi088driver.o(i.BMI088_temperature_read_over)
    BusFault_Handler                         0x08000841   Thumb Code     2  stm32f4xx_it.o(i.BusFault_Handler)
    CAN1_RX0_IRQHandler                      0x08000845   Thumb Code     6  stm32f4xx_it.o(i.CAN1_RX0_IRQHandler)
    CAN1_RX1_IRQHandler                      0x08000851   Thumb Code     6  stm32f4xx_it.o(i.CAN1_RX1_IRQHandler)
    CAN1_SCE_IRQHandler                      0x0800085d   Thumb Code     6  stm32f4xx_it.o(i.CAN1_SCE_IRQHandler)
    CAN1_TX_IRQHandler                       0x08000869   Thumb Code     6  stm32f4xx_it.o(i.CAN1_TX_IRQHandler)
    CAN_InterfaceInit                        0x08000875   Thumb Code    76  tripodctrltask.o(i.CAN_InterfaceInit)
    CAN_cmd_gimbal                           0x080008c5   Thumb Code    24  gq_motor.o(i.CAN_cmd_gimbal)
    DMA2_Stream2_IRQHandler                  0x080008e1   Thumb Code   706  imu_task.o(i.DMA2_Stream2_IRQHandler)
    DMA2_Stream3_IRQHandler                  0x08000bc9   Thumb Code     6  stm32f4xx_it.o(i.DMA2_Stream3_IRQHandler)
    DebugMon_Handler                         0x08000c51   Thumb Code     2  stm32f4xx_it.o(i.DebugMon_Handler)
    DebugTask                                0x08000c53   Thumb Code    10  freertos.o(i.DebugTask)
    EXTI0_IRQHandler                         0x08000c5d   Thumb Code    44  tripodctrltask.o(i.EXTI0_IRQHandler)
    EXTI4_IRQHandler                         0x08000c8d   Thumb Code     6  stm32f4xx_it.o(i.EXTI4_IRQHandler)
    EXTI9_5_IRQHandler                       0x08000c93   Thumb Code     6  stm32f4xx_it.o(i.EXTI9_5_IRQHandler)
    Error_Handler                            0x08000c99   Thumb Code     4  main.o(i.Error_Handler)
    HAL_CAN_ActivateNotification             0x08000c9d   Thumb Code    36  stm32f4xx_hal_can.o(i.HAL_CAN_ActivateNotification)
    HAL_CAN_AddTxMessage                     0x08000cc1   Thumb Code   208  stm32f4xx_hal_can.o(i.HAL_CAN_AddTxMessage)
    HAL_CAN_ConfigFilter                     0x08000d91   Thumb Code   262  stm32f4xx_hal_can.o(i.HAL_CAN_ConfigFilter)
    HAL_CAN_ErrorCallback                    0x08000e9d   Thumb Code     2  stm32f4xx_hal_can.o(i.HAL_CAN_ErrorCallback)
    HAL_CAN_GetRxMessage                     0x08000e9f   Thumb Code   244  stm32f4xx_hal_can.o(i.HAL_CAN_GetRxMessage)
    HAL_CAN_IRQHandler                       0x08000f93   Thumb Code   508  stm32f4xx_hal_can.o(i.HAL_CAN_IRQHandler)
    HAL_CAN_Init                             0x0800118f   Thumb Code   282  stm32f4xx_hal_can.o(i.HAL_CAN_Init)
    HAL_CAN_MspInit                          0x080012a9   Thumb Code   154  can.o(i.HAL_CAN_MspInit)
    HAL_CAN_RxFifo0FullCallback              0x08001351   Thumb Code     2  stm32f4xx_hal_can.o(i.HAL_CAN_RxFifo0FullCallback)
    HAL_CAN_RxFifo0MsgPendingCallback        0x08001355   Thumb Code    64  tripodctrltask.o(i.HAL_CAN_RxFifo0MsgPendingCallback)
    HAL_CAN_RxFifo1FullCallback              0x080013a5   Thumb Code     2  stm32f4xx_hal_can.o(i.HAL_CAN_RxFifo1FullCallback)
    HAL_CAN_RxFifo1MsgPendingCallback        0x080013a7   Thumb Code     2  stm32f4xx_hal_can.o(i.HAL_CAN_RxFifo1MsgPendingCallback)
    HAL_CAN_SleepCallback                    0x080013a9   Thumb Code     2  stm32f4xx_hal_can.o(i.HAL_CAN_SleepCallback)
    HAL_CAN_Start                            0x080013ad   Thumb Code    88  stm32f4xx_hal_can.o(i.HAL_CAN_Start)
    HAL_CAN_TxMailbox0AbortCallback          0x08001405   Thumb Code     2  stm32f4xx_hal_can.o(i.HAL_CAN_TxMailbox0AbortCallback)
    HAL_CAN_TxMailbox0CompleteCallback       0x08001407   Thumb Code     2  stm32f4xx_hal_can.o(i.HAL_CAN_TxMailbox0CompleteCallback)
    HAL_CAN_TxMailbox1AbortCallback          0x08001409   Thumb Code     2  stm32f4xx_hal_can.o(i.HAL_CAN_TxMailbox1AbortCallback)
    HAL_CAN_TxMailbox1CompleteCallback       0x0800140b   Thumb Code     2  stm32f4xx_hal_can.o(i.HAL_CAN_TxMailbox1CompleteCallback)
    HAL_CAN_TxMailbox2AbortCallback          0x0800140d   Thumb Code     2  stm32f4xx_hal_can.o(i.HAL_CAN_TxMailbox2AbortCallback)
    HAL_CAN_TxMailbox2CompleteCallback       0x0800140f   Thumb Code     2  stm32f4xx_hal_can.o(i.HAL_CAN_TxMailbox2CompleteCallback)
    HAL_CAN_WakeUpFromRxMsgCallback          0x08001411   Thumb Code     2  stm32f4xx_hal_can.o(i.HAL_CAN_WakeUpFromRxMsgCallback)
    HAL_DMA_Abort                            0x08001413   Thumb Code   146  stm32f4xx_hal_dma.o(i.HAL_DMA_Abort)
    HAL_DMA_Abort_IT                         0x080014a5   Thumb Code    36  stm32f4xx_hal_dma.o(i.HAL_DMA_Abort_IT)
    HAL_DMA_IRQHandler                       0x080014c9   Thumb Code   412  stm32f4xx_hal_dma.o(i.HAL_DMA_IRQHandler)
    HAL_DMA_Init                             0x08001669   Thumb Code   206  stm32f4xx_hal_dma.o(i.HAL_DMA_Init)
    HAL_Delay                                0x0800173d   Thumb Code    32  stm32f4xx_hal.o(i.HAL_Delay)
    HAL_GPIO_EXTI_Callback                   0x08001761   Thumb Code    48  imu_task.o(i.HAL_GPIO_EXTI_Callback)
    HAL_GPIO_EXTI_IRQHandler                 0x08001795   Thumb Code    18  stm32f4xx_hal_gpio.o(i.HAL_GPIO_EXTI_IRQHandler)
    HAL_GPIO_Init                            0x080017ad   Thumb Code   450  stm32f4xx_hal_gpio.o(i.HAL_GPIO_Init)
    HAL_GPIO_WritePin                        0x0800199d   Thumb Code    10  stm32f4xx_hal_gpio.o(i.HAL_GPIO_WritePin)
    HAL_GetTick                              0x080019a9   Thumb Code     6  stm32f4xx_hal.o(i.HAL_GetTick)
    HAL_IncTick                              0x080019b5   Thumb Code    12  stm32f4xx_hal.o(i.HAL_IncTick)
    HAL_Init                                 0x080019c5   Thumb Code    48  stm32f4xx_hal.o(i.HAL_Init)
    HAL_InitTick                             0x080019f9   Thumb Code    54  stm32f4xx_hal.o(i.HAL_InitTick)
    HAL_MspInit                              0x08001a39   Thumb Code    52  stm32f4xx_hal_msp.o(i.HAL_MspInit)
    HAL_NVIC_EnableIRQ                       0x08001a71   Thumb Code    26  stm32f4xx_hal_cortex.o(i.HAL_NVIC_EnableIRQ)
    HAL_NVIC_SetPriority                     0x08001a8d   Thumb Code    60  stm32f4xx_hal_cortex.o(i.HAL_NVIC_SetPriority)
    HAL_NVIC_SetPriorityGrouping             0x08001acd   Thumb Code    26  stm32f4xx_hal_cortex.o(i.HAL_NVIC_SetPriorityGrouping)
    HAL_RCC_ClockConfig                      0x08001af1   Thumb Code   288  stm32f4xx_hal_rcc.o(i.HAL_RCC_ClockConfig)
    HAL_RCC_GetPCLK1Freq                     0x08001c25   Thumb Code    20  stm32f4xx_hal_rcc.o(i.HAL_RCC_GetPCLK1Freq)
    HAL_RCC_GetPCLK2Freq                     0x08001c45   Thumb Code    20  stm32f4xx_hal_rcc.o(i.HAL_RCC_GetPCLK2Freq)
    HAL_RCC_GetSysClockFreq                  0x08001c65   Thumb Code    88  stm32f4xx_hal_rcc.o(i.HAL_RCC_GetSysClockFreq)
    HAL_RCC_OscConfig                        0x08001cc9   Thumb Code   856  stm32f4xx_hal_rcc.o(i.HAL_RCC_OscConfig)
    HAL_SPI_Init                             0x08002035   Thumb Code   188  stm32f4xx_hal_spi.o(i.HAL_SPI_Init)
    HAL_SPI_MspInit                          0x080020f1   Thumb Code   228  spi.o(i.HAL_SPI_MspInit)
    HAL_SPI_TransmitReceive                  0x080021ed   Thumb Code   496  stm32f4xx_hal_spi.o(i.HAL_SPI_TransmitReceive)
    HAL_SYSTICK_Config                       0x080023dd   Thumb Code    40  stm32f4xx_hal_cortex.o(i.HAL_SYSTICK_Config)
    HAL_TIMEx_BreakCallback                  0x08002405   Thumb Code     2  stm32f4xx_hal_tim_ex.o(i.HAL_TIMEx_BreakCallback)
    HAL_TIMEx_CommutCallback                 0x08002407   Thumb Code     2  stm32f4xx_hal_tim_ex.o(i.HAL_TIMEx_CommutCallback)
    HAL_TIMEx_MasterConfigSynchronization    0x08002409   Thumb Code   116  stm32f4xx_hal_tim_ex.o(i.HAL_TIMEx_MasterConfigSynchronization)
    HAL_TIM_Base_Init                        0x08002499   Thumb Code    90  stm32f4xx_hal_tim.o(i.HAL_TIM_Base_Init)
    HAL_TIM_Base_MspInit                     0x080024f5   Thumb Code    98  tim.o(i.HAL_TIM_Base_MspInit)
    HAL_TIM_Base_Start                       0x08002569   Thumb Code    90  stm32f4xx_hal_tim.o(i.HAL_TIM_Base_Start)
    HAL_TIM_ConfigClockSource                0x080025e1   Thumb Code   220  stm32f4xx_hal_tim.o(i.HAL_TIM_ConfigClockSource)
    HAL_TIM_IC_CaptureCallback               0x080026bd   Thumb Code     2  stm32f4xx_hal_tim.o(i.HAL_TIM_IC_CaptureCallback)
    HAL_TIM_IRQHandler                       0x080026bf   Thumb Code   304  stm32f4xx_hal_tim.o(i.HAL_TIM_IRQHandler)
    HAL_TIM_MspPostInit                      0x080027f1   Thumb Code   112  tim.o(i.HAL_TIM_MspPostInit)
    HAL_TIM_OC_DelayElapsedCallback          0x08002875   Thumb Code     2  stm32f4xx_hal_tim.o(i.HAL_TIM_OC_DelayElapsedCallback)
    HAL_TIM_PWM_ConfigChannel                0x08002877   Thumb Code   204  stm32f4xx_hal_tim.o(i.HAL_TIM_PWM_ConfigChannel)
    HAL_TIM_PWM_Init                         0x08002943   Thumb Code    90  stm32f4xx_hal_tim.o(i.HAL_TIM_PWM_Init)
    HAL_TIM_PWM_MspInit                      0x0800299d   Thumb Code     2  stm32f4xx_hal_tim.o(i.HAL_TIM_PWM_MspInit)
    HAL_TIM_PWM_PulseFinishedCallback        0x0800299f   Thumb Code     2  stm32f4xx_hal_tim.o(i.HAL_TIM_PWM_PulseFinishedCallback)
    HAL_TIM_PWM_Start                        0x080029a1   Thumb Code   172  stm32f4xx_hal_tim.o(i.HAL_TIM_PWM_Start)
    HAL_TIM_PeriodElapsedCallback            0x08002a69   Thumb Code     2  stm32f4xx_hal_tim.o(i.HAL_TIM_PeriodElapsedCallback)
    HAL_TIM_TriggerCallback                  0x08002a6b   Thumb Code     2  stm32f4xx_hal_tim.o(i.HAL_TIM_TriggerCallback)
    HAL_UARTEx_RxEventCallback               0x08002a6d   Thumb Code     2  stm32f4xx_hal_uart.o(i.HAL_UARTEx_RxEventCallback)
    HAL_UART_ErrorCallback                   0x08002a6f   Thumb Code     2  stm32f4xx_hal_uart.o(i.HAL_UART_ErrorCallback)
    HAL_UART_IRQHandler                      0x08002a71   Thumb Code   636  stm32f4xx_hal_uart.o(i.HAL_UART_IRQHandler)
    HAL_UART_Init                            0x08002cf1   Thumb Code   100  stm32f4xx_hal_uart.o(i.HAL_UART_Init)
    HAL_UART_MspInit                         0x08002d55   Thumb Code   180  usart.o(i.HAL_UART_MspInit)
    HAL_UART_Receive_IT                      0x08002e1d   Thumb Code    28  stm32f4xx_hal_uart.o(i.HAL_UART_Receive_IT)
    HAL_UART_RxCpltCallback                  0x08002e39   Thumb Code     2  stm32f4xx_hal_uart.o(i.HAL_UART_RxCpltCallback)
    HAL_UART_TxCpltCallback                  0x08002e3b   Thumb Code     2  stm32f4xx_hal_uart.o(i.HAL_UART_TxCpltCallback)
    HardFault_Handler                        0x08002e3d   Thumb Code     2  stm32f4xx_it.o(i.HardFault_Handler)
    InsTask                                  0x08002e41   Thumb Code   222  imu_task.o(i.InsTask)
    Limit_Min_Max                            0x08002f45   Thumb Code    16  pid.o(i.Limit_Min_Max)
    MX_CAN1_Init                             0x08002f55   Thumb Code    60  can.o(i.MX_CAN1_Init)
    MX_DMA_Init                              0x08002f99   Thumb Code    56  dma.o(i.MX_DMA_Init)
    MX_FREERTOS_Init                         0x08002fd5   Thumb Code    46  freertos.o(i.MX_FREERTOS_Init)
    MX_GPIO_Init                             0x08003019   Thumb Code   338  gpio.o(i.MX_GPIO_Init)
    MX_SPI1_Init                             0x08003181   Thumb Code    64  spi.o(i.MX_SPI1_Init)
    MX_TIM10_Init                            0x080031c9   Thumb Code    96  tim.o(i.MX_TIM10_Init)
    MX_TIM13_Init                            0x08003231   Thumb Code    46  tim.o(i.MX_TIM13_Init)
    MX_TIM5_Init                             0x08003269   Thumb Code   172  tim.o(i.MX_TIM5_Init)
    MX_USART1_UART_Init                      0x0800331d   Thumb Code    48  usart.o(i.MX_USART1_UART_Init)
    MX_USART6_UART_Init                      0x08003355   Thumb Code    48  usart.o(i.MX_USART6_UART_Init)
    MahonyAHRS_init                          0x0800338d   Thumb Code    50  imu_task.o(i.MahonyAHRS_init)
    MahonyAHRS_update                        0x080033c5   Thumb Code   468  imu_task.o(i.MahonyAHRS_update)
    MemManage_Handler                        0x0800359d   Thumb Code     2  stm32f4xx_it.o(i.MemManage_Handler)
    NMI_Handler                              0x0800359f   Thumb Code     2  stm32f4xx_it.o(i.NMI_Handler)
    PID_Calc_Angle                           0x080035a1   Thumb Code   202  pid.o(i.PID_Calc_Angle)
    PID_Calc_Speed                           0x0800366b   Thumb Code   190  pid.o(i.PID_Calc_Speed)
    PID_Protect_Angle                        0x08003729   Thumb Code    52  pid.o(i.PID_Protect_Angle)
    PID_init                                 0x08003761   Thumb Code     6  pid.o(i.PID_init)
    SPI1_DMA_enable                          0x08003769   Thumb Code  4716  bsp_spi.o(i.SPI1_DMA_enable)
    SPI1_DMA_init                            0x080049e9   Thumb Code    46  bsp_spi.o(i.SPI1_DMA_init)
    SysTick_Handler                          0x08004b49   Thumb Code    24  stm32f4xx_it.o(i.SysTick_Handler)
    SystemClock_Config                       0x08004b61   Thumb Code   140  main.o(i.SystemClock_Config)
    SystemInit                               0x08004bf5   Thumb Code    12  system_stm32f4xx.o(i.SystemInit)
    TIM8_UP_TIM13_IRQHandler                 0x08004c05   Thumb Code     6  stm32f4xx_it.o(i.TIM8_UP_TIM13_IRQHandler)
    TIM_Base_SetConfig                       0x08004c11   Thumb Code   164  stm32f4xx_hal_tim.o(i.TIM_Base_SetConfig)
    TIM_CCxChannelCmd                        0x08004ce1   Thumb Code    26  stm32f4xx_hal_tim.o(i.TIM_CCxChannelCmd)
    TIM_ETR_SetConfig                        0x08004cfb   Thumb Code    20  stm32f4xx_hal_tim.o(i.TIM_ETR_SetConfig)
    TIM_OC2_SetConfig                        0x08004d81   Thumb Code    98  stm32f4xx_hal_tim.o(i.TIM_OC2_SetConfig)
    TripodCtrlTask                           0x08004eed   Thumb Code    56  tripodctrltask.o(i.TripodCtrlTask)
    UART_Start_Receive_IT                    0x08005159   Thumb Code    54  stm32f4xx_hal_uart.o(i.UART_Start_Receive_IT)
    USART1_IRQHandler                        0x08005191   Thumb Code     6  stm32f4xx_it.o(i.USART1_IRQHandler)
    USART6_IRQHandler                        0x0800519d   Thumb Code    82  usart_user.o(i.USART6_IRQHandler)
    UsageFault_Handler                       0x080051fd   Thumb Code     2  stm32f4xx_it.o(i.UsageFault_Handler)
    __ARM_fpclassifyf                        0x080051ff   Thumb Code    38  fpclassifyf.o(i.__ARM_fpclassifyf)
    __hardfp_asinf                           0x08005245   Thumb Code   258  asinf.o(i.__hardfp_asinf)
    __hardfp_atan2f                          0x08005371   Thumb Code   594  atan2f.o(i.__hardfp_atan2f)
    __mathlib_flt_infnan                     0x0800561d   Thumb Code     6  funder.o(i.__mathlib_flt_infnan)
    __mathlib_flt_infnan2                    0x08005623   Thumb Code     6  funder.o(i.__mathlib_flt_infnan2)
    __mathlib_flt_invalid                    0x08005629   Thumb Code    10  funder.o(i.__mathlib_flt_invalid)
    __mathlib_flt_underflow                  0x08005639   Thumb Code    10  funder.o(i.__mathlib_flt_underflow)
    aRGB_init                                0x08005649   Thumb Code    36  argb.o(i.aRGB_init)
    bmi088_accel_init                        0x08005671   Thumb Code   294  bmi088driver.o(i.bmi088_accel_init)
    bmi088_accel_self_test                   0x0800579d   Thumb Code   692  bmi088driver.o(i.bmi088_accel_self_test)
    bmi088_gyro_init                         0x08005a55   Thumb Code   216  bmi088driver.o(i.bmi088_gyro_init)
    bmi088_gyro_self_test                    0x08005b31   Thumb Code   202  bmi088driver.o(i.bmi088_gyro_self_test)
    can_send                                 0x08005bfd   Thumb Code    76  gq_motor.o(i.can_send)
    conf_write                               0x08005c4d   Thumb Code    26  gq_motor.o(i.conf_write)
    get_angle                                0x08005c71   Thumb Code   176  imu_task.o(i.get_angle)
    gimbal_PID_Calc                          0x08005d21   Thumb Code    40  gq_motor.o(i.gimbal_PID_Calc)
    gimbal_pitch_init                        0x08005d49   Thumb Code   140  gq_motor.o(i.gimbal_pitch_init)
    gimbal_set_control                       0x08005df5   Thumb Code    40  gq_motor.o(i.gimbal_set_control)
    gimbal_set_control_init                  0x08005e21   Thumb Code    18  gq_motor.o(i.gimbal_set_control_init)
    gimbal_yaw_init                          0x08005e39   Thumb Code   140  gq_motor.o(i.gimbal_yaw_init)
    imu_pwm_set                              0x08005fe9   Thumb Code     8  bsp_imu_pwm.o(i.imu_pwm_set)
    main                                     0x0800609d   Thumb Code    62  main.o(i.main)
    motor_control_vel                        0x080060dd   Thumb Code    34  gq_motor.o(i.motor_control_vel)
    osDelay                                  0x08006109   Thumb Code    26  cmsis_os2.o(i.osDelay)
    osKernelInitialize                       0x08006125   Thumb Code    32  cmsis_os2.o(i.osKernelInitialize)
    osKernelStart                            0x08006149   Thumb Code    48  cmsis_os2.o(i.osKernelStart)
    osThreadNew                              0x08006181   Thumb Code   138  cmsis_os2.o(i.osThreadNew)
    process_received_data                    0x0800620d   Thumb Code    38  usart_user.o(i.process_received_data)
    pvPortMalloc                             0x080069dd   Thumb Code   216  heap_4.o(i.pvPortMalloc)
    pxPortInitialiseStack                    0x08006ab9   Thumb Code    40  port.o(i.pxPortInitialiseStack)
    rezero_pos                               0x08006ae5   Thumb Code    48  gq_motor.o(i.rezero_pos)
    sqrtf                                    0x08006b1d   Thumb Code    62  sqrtf.o(i.sqrtf)
    timed_return_motor_status                0x08006b5d   Thumb Code    30  gq_motor.o(i.timed_return_motor_status)
    ulTaskNotifyTake                         0x08006b85   Thumb Code    96  tasks.o(i.ulTaskNotifyTake)
    update                                   0x08006bed   Thumb Code    98  gq_motor.o(i.update)
    user_usart_init                          0x08006c5d   Thumb Code    34  usart_user.o(i.user_usart_init)
    uxListRemove                             0x08006c89   Thumb Code    38  list.o(i.uxListRemove)
    vApplicationGetIdleTaskMemory            0x08006cb1   Thumb Code    16  cmsis_os2.o(i.vApplicationGetIdleTaskMemory)
    vApplicationGetTimerTaskMemory           0x08006cc5   Thumb Code    18  cmsis_os2.o(i.vApplicationGetTimerTaskMemory)
    vListInitialise                          0x08006cdd   Thumb Code    22  list.o(i.vListInitialise)
    vListInitialiseItem                      0x08006cf3   Thumb Code     6  list.o(i.vListInitialiseItem)
    vListInsert                              0x08006cf9   Thumb Code    48  list.o(i.vListInsert)
    vListInsertEnd                           0x08006d29   Thumb Code    24  list.o(i.vListInsertEnd)
    vPortEnterCritical                       0x08006d41   Thumb Code    54  port.o(i.vPortEnterCritical)
    vPortExitCritical                        0x08006d81   Thumb Code    34  port.o(i.vPortExitCritical)
    vPortFree                                0x08006da9   Thumb Code    94  heap_4.o(i.vPortFree)
    vPortSetupTimerInterrupt                 0x08006e0d   Thumb Code    32  port.o(i.vPortSetupTimerInterrupt)
    vPortValidateInterruptPriority           0x08006e31   Thumb Code    74  port.o(i.vPortValidateInterruptPriority)
    vQueueAddToRegistry                      0x08006e85   Thumb Code    34  queue.o(i.vQueueAddToRegistry)
    vQueueWaitForMessageRestricted           0x08006ead   Thumb Code    68  queue.o(i.vQueueWaitForMessageRestricted)
    vTaskDelay                               0x08006ef1   Thumb Code    66  tasks.o(i.vTaskDelay)
    vTaskInternalSetTimeOutState             0x08006f3d   Thumb Code    12  tasks.o(i.vTaskInternalSetTimeOutState)
    vTaskMissedYield                         0x08006f4d   Thumb Code     8  tasks.o(i.vTaskMissedYield)
    vTaskNotifyGiveFromISR                   0x08006f59   Thumb Code   162  tasks.o(i.vTaskNotifyGiveFromISR)
    vTaskPlaceOnEventList                    0x08007009   Thumb Code    44  tasks.o(i.vTaskPlaceOnEventList)
    vTaskPlaceOnEventListRestricted          0x08007039   Thumb Code    52  tasks.o(i.vTaskPlaceOnEventListRestricted)
    vTaskStartScheduler                      0x08007071   Thumb Code   118  tasks.o(i.vTaskStartScheduler)
    vTaskSuspendAll                          0x080070f9   Thumb Code    10  tasks.o(i.vTaskSuspendAll)
    vTaskSwitchContext                       0x08007109   Thumb Code    90  tasks.o(i.vTaskSwitchContext)
    xPortStartScheduler                      0x0800716d   Thumb Code   222  port.o(i.xPortStartScheduler)
    xPortSysTickHandler                      0x08007261   Thumb Code    38  port.o(i.xPortSysTickHandler)
    xQueueGenericCreateStatic                0x0800728d   Thumb Code   102  queue.o(i.xQueueGenericCreateStatic)
    xQueueGenericReset                       0x080072f5   Thumb Code   132  queue.o(i.xQueueGenericReset)
    xQueueGenericSend                        0x0800737d   Thumb Code   346  queue.o(i.xQueueGenericSend)
    xQueueGenericSendFromISR                 0x080074dd   Thumb Code   190  queue.o(i.xQueueGenericSendFromISR)
    xQueueReceive                            0x0800759d   Thumb Code   308  queue.o(i.xQueueReceive)
    xTaskCheckForTimeOut                     0x080076d5   Thumb Code   132  tasks.o(i.xTaskCheckForTimeOut)
    xTaskCreate                              0x0800775d   Thumb Code    90  tasks.o(i.xTaskCreate)
    xTaskCreateStatic                        0x080077b7   Thumb Code    86  tasks.o(i.xTaskCreateStatic)
    xTaskGenericNotify                       0x0800780d   Thumb Code   210  tasks.o(i.xTaskGenericNotify)
    xTaskGetSchedulerState                   0x080078ed   Thumb Code    22  tasks.o(i.xTaskGetSchedulerState)
    xTaskGetTickCount                        0x08007909   Thumb Code     6  tasks.o(i.xTaskGetTickCount)
    xTaskIncrementTick                       0x08007915   Thumb Code   192  tasks.o(i.xTaskIncrementTick)
    xTaskPriorityDisinherit                  0x080079dd   Thumb Code   118  tasks.o(i.xTaskPriorityDisinherit)
    xTaskRemoveFromEventList                 0x08007a5d   Thumb Code    98  tasks.o(i.xTaskRemoveFromEventList)
    xTaskResumeAll                           0x08007acd   Thumb Code   182  tasks.o(i.xTaskResumeAll)
    xTimerCreateTimerTask                    0x08007b91   Thumb Code    78  timers.o(i.xTimerCreateTimerTask)
    xTimerGenericCommand                     0x08007bf1   Thumb Code    98  timers.o(i.xTimerGenericCommand)
    _fp_init                                 0x08007c59   Thumb Code    10  fpinit.o(x$fpl$fpinit)
    __fplib_config_fpu_vfp                   0x08007c61   Thumb Code     0  fpinit.o(x$fpl$fpinit)
    __fplib_config_pureend_doubles           0x08007c61   Thumb Code     0  fpinit.o(x$fpl$fpinit)
    __I$use$fp                               0x08007c62   Number         0  usenofp.o(x$fpl$usenofp)
    DebugTaskThread_attributes               0x08007c64   Data          36  freertos.o(.constdata)
    Ins_attributes                           0x08007c88   Data          36  freertos.o(.constdata)
    TripodCtrl_attributes                    0x08007cac   Data          36  freertos.o(.constdata)
    AHBPrescTable                            0x08007cd8   Data          16  system_stm32f4xx.o(.constdata)
    APBPrescTable                            0x08007ce8   Data           8  system_stm32f4xx.o(.constdata)
    Region$$Table$$Base                      0x08007d24   Number         0  anon$$obj.o(Region$$Table)
    Region$$Table$$Limit                     0x08007d44   Number         0  anon$$obj.o(Region$$Table)
    DebugTaskThreadHandle                    0x20000000   Data           4  freertos.o(.data)
    InsHandle                                0x20000004   Data           4  freertos.o(.data)
    TripodCtrlHandle                         0x20000008   Data           4  freertos.o(.data)
    uwTickFreq                               0x2000000c   Data           1  stm32f4xx_hal.o(.data)
    uwTickPrio                               0x20000010   Data           4  stm32f4xx_hal.o(.data)
    uwTick                                   0x20000014   Data           4  stm32f4xx_hal.o(.data)
    SystemCoreClock                          0x20000018   Data           4  system_stm32f4xx.o(.data)
    pxCurrentTCB                             0x2000001c   Data           4  tasks.o(.data)
    BMI088_ACCEL_SEN                         0x2000009c   Data           4  bmi088driver.o(.data)
    BMI088_GYRO_SEN                          0x200000a0   Data           4  bmi088driver.o(.data)
    gyro_update_flag                         0x200000c8   Data           1  imu_task.o(.data)
    accel_update_flag                        0x200000c9   Data           1  imu_task.o(.data)
    accel_temp_update_flag                   0x200000ca   Data           1  imu_task.o(.data)
    imu_start_dma_flag                       0x200000cb   Data           1  imu_task.o(.data)
    temp_dma_tx_buf                          0x200000ce   Data           4  imu_task.o(.data)
    temp_dma_rx_buf                          0x200000d8   Data           4  imu_task.o(.data)
    gyro_dma_tx_buf                          0x200000dc   Data           8  imu_task.o(.data)
    gyro_dma_rx_buf                          0x200000e4   Data           8  imu_task.o(.data)
    accel_dma_tx_buf                         0x200000ec   Data           9  imu_task.o(.data)
    rx_len                                   0x200000f6   Data           2  usart_user.o(.data)
    hcan1                                    0x200000fc   Data          40  can.o(.bss)
    hspi1                                    0x20000124   Data          88  spi.o(.bss)
    hdma_spi1_rx                             0x2000017c   Data          96  spi.o(.bss)
    hdma_spi1_tx                             0x200001dc   Data          96  spi.o(.bss)
    htim5                                    0x2000023c   Data          72  tim.o(.bss)
    htim10                                   0x20000284   Data          72  tim.o(.bss)
    htim13                                   0x200002cc   Data          72  tim.o(.bss)
    huart1                                   0x20000314   Data          72  usart.o(.bss)
    huart6                                   0x2000035c   Data          72  usart.o(.bss)
    xQueueRegistry                           0x200003a4   Data          64  queue.o(.bss)
    rx_data                                  0x20004c78   Data          24  tripodctrltask.o(.bss)
    accel_dma_rx_buf                         0x20004c90   Data           9  imu_task.o(.bss)
    bmi088_real_data                         0x20004c9c   Data          36  imu_task.o(.bss)
    imu_temp_pid                             0x20004cc0   Data          52  imu_task.o(.bss)
    INS_angle                                0x20004cf4   Data          12  imu_task.o(.bss)
    tx_header                                0x20004d00   Data          24  gq_motor.o(.bss)
    gimbal_motor_t_yaw                       0x20004d18   Data         224  gq_motor.o(.bss)
    gimbal_motor_t_pitch                     0x20004df8   Data         224  gq_motor.o(.bss)
    received_buffer                          0x20004ed8   Data         256  usart_user.o(.bss)
    __libspace_start                         0x20004fd8   Data          96  libspace.o(.bss)
    __temporary_stack_top$libspace           0x20005038   Data           0  libspace.o(.bss)



==============================================================================

Memory Map of the image

  Image Entry point : 0x08000189

  Load Region LR_IROM1 (Base: 0x08000000, Size: 0x00007e40, Max: 0x00100000, ABSOLUTE)

    Execution Region ER_IROM1 (Exec base: 0x08000000, Load base: 0x08000000, Size: 0x00007d44, Max: 0x00100000, ABSOLUTE)

    Exec Addr    Load Addr    Size         Type   Attr      Idx    E Section Name        Object

    0x08000000   0x08000000   0x00000188   Data   RO            3    RESET               startup_stm32f407xx.o
    0x08000188   0x08000188   0x00000008   Code   RO         6249  * !!!main             c_w.l(__main.o)
    0x08000190   0x08000190   0x00000034   Code   RO         6482    !!!scatter          c_w.l(__scatter.o)
    0x080001c4   0x080001c4   0x0000001a   Code   RO         6484    !!handler_copy      c_w.l(__scatter_copy.o)
    0x080001de   0x080001de   0x00000002   PAD
    0x080001e0   0x080001e0   0x0000001c   Code   RO         6486    !!handler_zi        c_w.l(__scatter_zi.o)
    0x080001fc   0x080001fc   0x00000002   Code   RO         6353    .ARM.Collect$$libinit$$00000000  c_w.l(libinit.o)
    0x080001fe   0x080001fe   0x00000004   Code   RO         6362    .ARM.Collect$$libinit$$00000001  c_w.l(libinit2.o)
    0x08000202   0x08000202   0x00000000   Code   RO         6365    .ARM.Collect$$libinit$$00000004  c_w.l(libinit2.o)
    0x08000202   0x08000202   0x00000000   Code   RO         6368    .ARM.Collect$$libinit$$0000000A  c_w.l(libinit2.o)
    0x08000202   0x08000202   0x00000000   Code   RO         6370    .ARM.Collect$$libinit$$0000000C  c_w.l(libinit2.o)
    0x08000202   0x08000202   0x00000000   Code   RO         6372    .ARM.Collect$$libinit$$0000000E  c_w.l(libinit2.o)
    0x08000202   0x08000202   0x00000000   Code   RO         6375    .ARM.Collect$$libinit$$00000011  c_w.l(libinit2.o)
    0x08000202   0x08000202   0x00000000   Code   RO         6377    .ARM.Collect$$libinit$$00000013  c_w.l(libinit2.o)
    0x08000202   0x08000202   0x00000000   Code   RO         6379    .ARM.Collect$$libinit$$00000015  c_w.l(libinit2.o)
    0x08000202   0x08000202   0x00000000   Code   RO         6381    .ARM.Collect$$libinit$$00000017  c_w.l(libinit2.o)
    0x08000202   0x08000202   0x00000000   Code   RO         6383    .ARM.Collect$$libinit$$00000019  c_w.l(libinit2.o)
    0x08000202   0x08000202   0x00000000   Code   RO         6385    .ARM.Collect$$libinit$$0000001B  c_w.l(libinit2.o)
    0x08000202   0x08000202   0x00000000   Code   RO         6387    .ARM.Collect$$libinit$$0000001D  c_w.l(libinit2.o)
    0x08000202   0x08000202   0x00000000   Code   RO         6389    .ARM.Collect$$libinit$$0000001F  c_w.l(libinit2.o)
    0x08000202   0x08000202   0x00000000   Code   RO         6391    .ARM.Collect$$libinit$$00000021  c_w.l(libinit2.o)
    0x08000202   0x08000202   0x00000000   Code   RO         6393    .ARM.Collect$$libinit$$00000023  c_w.l(libinit2.o)
    0x08000202   0x08000202   0x00000000   Code   RO         6395    .ARM.Collect$$libinit$$00000025  c_w.l(libinit2.o)
    0x08000202   0x08000202   0x00000000   Code   RO         6399    .ARM.Collect$$libinit$$0000002C  c_w.l(libinit2.o)
    0x08000202   0x08000202   0x00000000   Code   RO         6401    .ARM.Collect$$libinit$$0000002E  c_w.l(libinit2.o)
    0x08000202   0x08000202   0x00000000   Code   RO         6403    .ARM.Collect$$libinit$$00000030  c_w.l(libinit2.o)
    0x08000202   0x08000202   0x00000000   Code   RO         6405    .ARM.Collect$$libinit$$00000032  c_w.l(libinit2.o)
    0x08000202   0x08000202   0x00000002   Code   RO         6406    .ARM.Collect$$libinit$$00000033  c_w.l(libinit2.o)
    0x08000204   0x08000204   0x00000002   Code   RO         6437    .ARM.Collect$$libshutdown$$00000000  c_w.l(libshutdown.o)
    0x08000206   0x08000206   0x00000000   Code   RO         6463    .ARM.Collect$$libshutdown$$00000002  c_w.l(libshutdown2.o)
    0x08000206   0x08000206   0x00000000   Code   RO         6465    .ARM.Collect$$libshutdown$$00000004  c_w.l(libshutdown2.o)
    0x08000206   0x08000206   0x00000000   Code   RO         6467    .ARM.Collect$$libshutdown$$00000006  c_w.l(libshutdown2.o)
    0x08000206   0x08000206   0x00000000   Code   RO         6470    .ARM.Collect$$libshutdown$$00000009  c_w.l(libshutdown2.o)
    0x08000206   0x08000206   0x00000000   Code   RO         6473    .ARM.Collect$$libshutdown$$0000000C  c_w.l(libshutdown2.o)
    0x08000206   0x08000206   0x00000000   Code   RO         6475    .ARM.Collect$$libshutdown$$0000000E  c_w.l(libshutdown2.o)
    0x08000206   0x08000206   0x00000000   Code   RO         6478    .ARM.Collect$$libshutdown$$00000011  c_w.l(libshutdown2.o)
    0x08000206   0x08000206   0x00000002   Code   RO         6479    .ARM.Collect$$libshutdown$$00000012  c_w.l(libshutdown2.o)
    0x08000208   0x08000208   0x00000000   Code   RO         6287    .ARM.Collect$$rtentry$$00000000  c_w.l(__rtentry.o)
    0x08000208   0x08000208   0x00000000   Code   RO         6316    .ARM.Collect$$rtentry$$00000002  c_w.l(__rtentry2.o)
    0x08000208   0x08000208   0x00000006   Code   RO         6328    .ARM.Collect$$rtentry$$00000004  c_w.l(__rtentry4.o)
    0x0800020e   0x0800020e   0x00000000   Code   RO         6318    .ARM.Collect$$rtentry$$00000009  c_w.l(__rtentry2.o)
    0x0800020e   0x0800020e   0x00000004   Code   RO         6319    .ARM.Collect$$rtentry$$0000000A  c_w.l(__rtentry2.o)
    0x08000212   0x08000212   0x00000000   Code   RO         6321    .ARM.Collect$$rtentry$$0000000C  c_w.l(__rtentry2.o)
    0x08000212   0x08000212   0x00000008   Code   RO         6322    .ARM.Collect$$rtentry$$0000000D  c_w.l(__rtentry2.o)
    0x0800021a   0x0800021a   0x00000002   Code   RO         6354    .ARM.Collect$$rtexit$$00000000  c_w.l(rtexit.o)
    0x0800021c   0x0800021c   0x00000000   Code   RO         6410    .ARM.Collect$$rtexit$$00000002  c_w.l(rtexit2.o)
    0x0800021c   0x0800021c   0x00000004   Code   RO         6411    .ARM.Collect$$rtexit$$00000003  c_w.l(rtexit2.o)
    0x08000220   0x08000220   0x00000006   Code   RO         6412    .ARM.Collect$$rtexit$$00000004  c_w.l(rtexit2.o)
    0x08000226   0x08000226   0x00000002   PAD
    0x08000228   0x08000228   0x000000be   Code   RO         5416    .emb_text           port.o
    0x080002e6   0x080002e6   0x00000002   PAD
    0x080002e8   0x080002e8   0x00000040   Code   RO            4    .text               startup_stm32f407xx.o
    0x08000328   0x08000328   0x000000ee   Code   RO         6235    .text               c_w.l(lludivv7m.o)
    0x08000416   0x08000416   0x0000008a   Code   RO         6239    .text               c_w.l(rt_memcpy_v6.o)
    0x080004a0   0x080004a0   0x00000010   Code   RO         6243    .text               c_w.l(aeabi_memset.o)
    0x080004b0   0x080004b0   0x0000004e   Code   RO         6245    .text               c_w.l(rt_memclr_w.o)
    0x080004fe   0x080004fe   0x00000006   Code   RO         6247    .text               c_w.l(heapauxi.o)
    0x08000504   0x08000504   0x00000016   Code   RO         6292    .text               c_w.l(_rserrno.o)
    0x0800051a   0x0800051a   0x00000064   Code   RO         6294    .text               c_w.l(rt_memcpy_w.o)
    0x0800057e   0x0800057e   0x00000044   Code   RO         6296    .text               c_w.l(rt_memclr.o)
    0x080005c2   0x080005c2   0x00000002   PAD
    0x080005c4   0x080005c4   0x00000008   Code   RO         6335    .text               c_w.l(rt_errno_addr_intlibspace.o)
    0x080005cc   0x080005cc   0x00000008   Code   RO         6337    .text               c_w.l(libspace.o)
    0x080005d4   0x080005d4   0x0000004a   Code   RO         6340    .text               c_w.l(sys_stackheap_outer.o)
    0x0800061e   0x0800061e   0x00000012   Code   RO         6342    .text               c_w.l(exit.o)
    0x08000630   0x08000630   0x0000000c   Code   RO         6407    .text               c_w.l(sys_exit.o)
    0x0800063c   0x0800063c   0x00000002   Code   RO         6426    .text               c_w.l(use_no_semi.o)
    0x0800063e   0x0800063e   0x00000000   Code   RO         6428    .text               c_w.l(indicate_semi.o)
    0x0800063e   0x0800063e   0x00000002   PAD
    0x08000640   0x08000640   0x00000010   Code   RO         5775    i.BMI088_ACCEL_NS_H  bmi088middleware.o
    0x08000650   0x08000650   0x00000010   Code   RO         5776    i.BMI088_ACCEL_NS_L  bmi088middleware.o
    0x08000660   0x08000660   0x00000002   Code   RO         5777    i.BMI088_GPIO_init  bmi088middleware.o
    0x08000662   0x08000662   0x00000002   PAD
    0x08000664   0x08000664   0x00000010   Code   RO         5778    i.BMI088_GYRO_NS_H  bmi088middleware.o
    0x08000674   0x08000674   0x00000010   Code   RO         5779    i.BMI088_GYRO_NS_L  bmi088middleware.o
    0x08000684   0x08000684   0x00000088   Code   RO         5636    i.BMI088_accel_read_over  bmi088driver.o
    0x0800070c   0x0800070c   0x00000002   Code   RO         5780    i.BMI088_com_init   bmi088middleware.o
    0x0800070e   0x0800070e   0x00000004   Code   RO         5781    i.BMI088_delay_ms   bmi088middleware.o
    0x08000712   0x08000712   0x00000006   Code   RO         5782    i.BMI088_delay_us   bmi088middleware.o
    0x08000718   0x08000718   0x00000060   Code   RO         5637    i.BMI088_gyro_read_over  bmi088driver.o
    0x08000778   0x08000778   0x0000002e   Code   RO         5638    i.BMI088_init       bmi088driver.o
    0x080007a6   0x080007a6   0x00000024   Code   RO         5642    i.BMI088_read_muli_reg  bmi088driver.o
    0x080007ca   0x080007ca   0x00000016   Code   RO         5643    i.BMI088_read_single_reg  bmi088driver.o
    0x080007e0   0x080007e0   0x00000020   Code   RO         5783    i.BMI088_read_write_byte  bmi088middleware.o
    0x08000800   0x08000800   0x0000002e   Code   RO         5644    i.BMI088_temperature_read_over  bmi088driver.o
    0x0800082e   0x0800082e   0x00000012   Code   RO         5645    i.BMI088_write_single_reg  bmi088driver.o
    0x08000840   0x08000840   0x00000002   Code   RO          499    i.BusFault_Handler  stm32f4xx_it.o
    0x08000842   0x08000842   0x00000002   PAD
    0x08000844   0x08000844   0x0000000c   Code   RO          500    i.CAN1_RX0_IRQHandler  stm32f4xx_it.o
    0x08000850   0x08000850   0x0000000c   Code   RO          501    i.CAN1_RX1_IRQHandler  stm32f4xx_it.o
    0x0800085c   0x0800085c   0x0000000c   Code   RO          502    i.CAN1_SCE_IRQHandler  stm32f4xx_it.o
    0x08000868   0x08000868   0x0000000c   Code   RO          503    i.CAN1_TX_IRQHandler  stm32f4xx_it.o
    0x08000874   0x08000874   0x00000050   Code   RO         5496    i.CAN_InterfaceInit  tripodctrltask.o
    0x080008c4   0x080008c4   0x0000001c   Code   RO         6012    i.CAN_cmd_gimbal    gq_motor.o
    0x080008e0   0x080008e0   0x000002e8   Code   RO         5847    i.DMA2_Stream2_IRQHandler  imu_task.o
    0x08000bc8   0x08000bc8   0x0000000c   Code   RO          504    i.DMA2_Stream3_IRQHandler  stm32f4xx_it.o
    0x08000bd4   0x08000bd4   0x00000028   Code   RO         1334    i.DMA_CalcBaseAndBitshift  stm32f4xx_hal_dma.o
    0x08000bfc   0x08000bfc   0x00000054   Code   RO         1335    i.DMA_CheckFifoParam  stm32f4xx_hal_dma.o
    0x08000c50   0x08000c50   0x00000002   Code   RO          505    i.DebugMon_Handler  stm32f4xx_it.o
    0x08000c52   0x08000c52   0x0000000a   Code   RO          234    i.DebugTask         freertos.o
    0x08000c5c   0x08000c5c   0x00000030   Code   RO         5497    i.EXTI0_IRQHandler  tripodctrltask.o
    0x08000c8c   0x08000c8c   0x00000006   Code   RO          506    i.EXTI4_IRQHandler  stm32f4xx_it.o
    0x08000c92   0x08000c92   0x00000006   Code   RO          507    i.EXTI9_5_IRQHandler  stm32f4xx_it.o
    0x08000c98   0x08000c98   0x00000004   Code   RO           13    i.Error_Handler     main.o
    0x08000c9c   0x08000c9c   0x00000024   Code   RO          642    i.HAL_CAN_ActivateNotification  stm32f4xx_hal_can.o
    0x08000cc0   0x08000cc0   0x000000d0   Code   RO          643    i.HAL_CAN_AddTxMessage  stm32f4xx_hal_can.o
    0x08000d90   0x08000d90   0x0000010c   Code   RO          644    i.HAL_CAN_ConfigFilter  stm32f4xx_hal_can.o
    0x08000e9c   0x08000e9c   0x00000002   Code   RO          647    i.HAL_CAN_ErrorCallback  stm32f4xx_hal_can.o
    0x08000e9e   0x08000e9e   0x000000f4   Code   RO          650    i.HAL_CAN_GetRxMessage  stm32f4xx_hal_can.o
    0x08000f92   0x08000f92   0x000001fc   Code   RO          654    i.HAL_CAN_IRQHandler  stm32f4xx_hal_can.o
    0x0800118e   0x0800118e   0x0000011a   Code   RO          655    i.HAL_CAN_Init      stm32f4xx_hal_can.o
    0x080012a8   0x080012a8   0x000000a8   Code   RO          284    i.HAL_CAN_MspInit   can.o
    0x08001350   0x08001350   0x00000002   Code   RO          662    i.HAL_CAN_RxFifo0FullCallback  stm32f4xx_hal_can.o
    0x08001352   0x08001352   0x00000002   PAD
    0x08001354   0x08001354   0x00000050   Code   RO         5498    i.HAL_CAN_RxFifo0MsgPendingCallback  tripodctrltask.o
    0x080013a4   0x080013a4   0x00000002   Code   RO          664    i.HAL_CAN_RxFifo1FullCallback  stm32f4xx_hal_can.o
    0x080013a6   0x080013a6   0x00000002   Code   RO          665    i.HAL_CAN_RxFifo1MsgPendingCallback  stm32f4xx_hal_can.o
    0x080013a8   0x080013a8   0x00000002   Code   RO          666    i.HAL_CAN_SleepCallback  stm32f4xx_hal_can.o
    0x080013aa   0x080013aa   0x00000002   PAD
    0x080013ac   0x080013ac   0x00000058   Code   RO          667    i.HAL_CAN_Start     stm32f4xx_hal_can.o
    0x08001404   0x08001404   0x00000002   Code   RO          669    i.HAL_CAN_TxMailbox0AbortCallback  stm32f4xx_hal_can.o
    0x08001406   0x08001406   0x00000002   Code   RO          670    i.HAL_CAN_TxMailbox0CompleteCallback  stm32f4xx_hal_can.o
    0x08001408   0x08001408   0x00000002   Code   RO          671    i.HAL_CAN_TxMailbox1AbortCallback  stm32f4xx_hal_can.o
    0x0800140a   0x0800140a   0x00000002   Code   RO          672    i.HAL_CAN_TxMailbox1CompleteCallback  stm32f4xx_hal_can.o
    0x0800140c   0x0800140c   0x00000002   Code   RO          673    i.HAL_CAN_TxMailbox2AbortCallback  stm32f4xx_hal_can.o
    0x0800140e   0x0800140e   0x00000002   Code   RO          674    i.HAL_CAN_TxMailbox2CompleteCallback  stm32f4xx_hal_can.o
    0x08001410   0x08001410   0x00000002   Code   RO          676    i.HAL_CAN_WakeUpFromRxMsgCallback  stm32f4xx_hal_can.o
    0x08001412   0x08001412   0x00000092   Code   RO         1337    i.HAL_DMA_Abort     stm32f4xx_hal_dma.o
    0x080014a4   0x080014a4   0x00000024   Code   RO         1338    i.HAL_DMA_Abort_IT  stm32f4xx_hal_dma.o
    0x080014c8   0x080014c8   0x000001a0   Code   RO         1342    i.HAL_DMA_IRQHandler  stm32f4xx_hal_dma.o
    0x08001668   0x08001668   0x000000d4   Code   RO         1343    i.HAL_DMA_Init      stm32f4xx_hal_dma.o
    0x0800173c   0x0800173c   0x00000024   Code   RO         1774    i.HAL_Delay         stm32f4xx_hal.o
    0x08001760   0x08001760   0x00000034   Code   RO         5848    i.HAL_GPIO_EXTI_Callback  imu_task.o
    0x08001794   0x08001794   0x00000018   Code   RO         1229    i.HAL_GPIO_EXTI_IRQHandler  stm32f4xx_hal_gpio.o
    0x080017ac   0x080017ac   0x000001f0   Code   RO         1230    i.HAL_GPIO_Init     stm32f4xx_hal_gpio.o
    0x0800199c   0x0800199c   0x0000000a   Code   RO         1234    i.HAL_GPIO_WritePin  stm32f4xx_hal_gpio.o
    0x080019a6   0x080019a6   0x00000002   PAD
    0x080019a8   0x080019a8   0x0000000c   Code   RO         1780    i.HAL_GetTick       stm32f4xx_hal.o
    0x080019b4   0x080019b4   0x00000010   Code   RO         1786    i.HAL_IncTick       stm32f4xx_hal.o
    0x080019c4   0x080019c4   0x00000034   Code   RO         1787    i.HAL_Init          stm32f4xx_hal.o
    0x080019f8   0x080019f8   0x00000040   Code   RO         1788    i.HAL_InitTick      stm32f4xx_hal.o
    0x08001a38   0x08001a38   0x00000038   Code   RO          617    i.HAL_MspInit       stm32f4xx_hal_msp.o
    0x08001a70   0x08001a70   0x0000001a   Code   RO         1622    i.HAL_NVIC_EnableIRQ  stm32f4xx_hal_cortex.o
    0x08001a8a   0x08001a8a   0x00000002   PAD
    0x08001a8c   0x08001a8c   0x00000040   Code   RO         1628    i.HAL_NVIC_SetPriority  stm32f4xx_hal_cortex.o
    0x08001acc   0x08001acc   0x00000024   Code   RO         1629    i.HAL_NVIC_SetPriorityGrouping  stm32f4xx_hal_cortex.o
    0x08001af0   0x08001af0   0x00000134   Code   RO          876    i.HAL_RCC_ClockConfig  stm32f4xx_hal_rcc.o
    0x08001c24   0x08001c24   0x00000020   Code   RO          883    i.HAL_RCC_GetPCLK1Freq  stm32f4xx_hal_rcc.o
    0x08001c44   0x08001c44   0x00000020   Code   RO          884    i.HAL_RCC_GetPCLK2Freq  stm32f4xx_hal_rcc.o
    0x08001c64   0x08001c64   0x00000064   Code   RO          885    i.HAL_RCC_GetSysClockFreq  stm32f4xx_hal_rcc.o
    0x08001cc8   0x08001cc8   0x0000036c   Code   RO          888    i.HAL_RCC_OscConfig  stm32f4xx_hal_rcc.o
    0x08002034   0x08002034   0x000000bc   Code   RO         2036    i.HAL_SPI_Init      stm32f4xx_hal_spi.o
    0x080020f0   0x080020f0   0x000000fc   Code   RO          350    i.HAL_SPI_MspInit   spi.o
    0x080021ec   0x080021ec   0x000001f0   Code   RO         2045    i.HAL_SPI_TransmitReceive  stm32f4xx_hal_spi.o
    0x080023dc   0x080023dc   0x00000028   Code   RO         1633    i.HAL_SYSTICK_Config  stm32f4xx_hal_cortex.o
    0x08002404   0x08002404   0x00000002   Code   RO         3053    i.HAL_TIMEx_BreakCallback  stm32f4xx_hal_tim_ex.o
    0x08002406   0x08002406   0x00000002   Code   RO         3054    i.HAL_TIMEx_CommutCallback  stm32f4xx_hal_tim_ex.o
    0x08002408   0x08002408   0x00000090   Code   RO         3072    i.HAL_TIMEx_MasterConfigSynchronization  stm32f4xx_hal_tim_ex.o
    0x08002498   0x08002498   0x0000005a   Code   RO         2349    i.HAL_TIM_Base_Init  stm32f4xx_hal_tim.o
    0x080024f2   0x080024f2   0x00000002   PAD
    0x080024f4   0x080024f4   0x00000074   Code   RO          392    i.HAL_TIM_Base_MspInit  tim.o
    0x08002568   0x08002568   0x00000078   Code   RO         2352    i.HAL_TIM_Base_Start  stm32f4xx_hal_tim.o
    0x080025e0   0x080025e0   0x000000dc   Code   RO         2358    i.HAL_TIM_ConfigClockSource  stm32f4xx_hal_tim.o
    0x080026bc   0x080026bc   0x00000002   Code   RO         2383    i.HAL_TIM_IC_CaptureCallback  stm32f4xx_hal_tim.o
    0x080026be   0x080026be   0x00000130   Code   RO         2397    i.HAL_TIM_IRQHandler  stm32f4xx_hal_tim.o
    0x080027ee   0x080027ee   0x00000002   PAD
    0x080027f0   0x080027f0   0x00000084   Code   RO          393    i.HAL_TIM_MspPostInit  tim.o
    0x08002874   0x08002874   0x00000002   Code   RO         2400    i.HAL_TIM_OC_DelayElapsedCallback  stm32f4xx_hal_tim.o
    0x08002876   0x08002876   0x000000cc   Code   RO         2421    i.HAL_TIM_PWM_ConfigChannel  stm32f4xx_hal_tim.o
    0x08002942   0x08002942   0x0000005a   Code   RO         2424    i.HAL_TIM_PWM_Init  stm32f4xx_hal_tim.o
    0x0800299c   0x0800299c   0x00000002   Code   RO         2426    i.HAL_TIM_PWM_MspInit  stm32f4xx_hal_tim.o
    0x0800299e   0x0800299e   0x00000002   Code   RO         2427    i.HAL_TIM_PWM_PulseFinishedCallback  stm32f4xx_hal_tim.o
    0x080029a0   0x080029a0   0x000000c8   Code   RO         2429    i.HAL_TIM_PWM_Start  stm32f4xx_hal_tim.o
    0x08002a68   0x08002a68   0x00000002   Code   RO         2435    i.HAL_TIM_PeriodElapsedCallback  stm32f4xx_hal_tim.o
    0x08002a6a   0x08002a6a   0x00000002   Code   RO         2440    i.HAL_TIM_TriggerCallback  stm32f4xx_hal_tim.o
    0x08002a6c   0x08002a6c   0x00000002   Code   RO         3332    i.HAL_UARTEx_RxEventCallback  stm32f4xx_hal_uart.o
    0x08002a6e   0x08002a6e   0x00000002   Code   RO         3346    i.HAL_UART_ErrorCallback  stm32f4xx_hal_uart.o
    0x08002a70   0x08002a70   0x00000280   Code   RO         3349    i.HAL_UART_IRQHandler  stm32f4xx_hal_uart.o
    0x08002cf0   0x08002cf0   0x00000064   Code   RO         3350    i.HAL_UART_Init     stm32f4xx_hal_uart.o
    0x08002d54   0x08002d54   0x000000c8   Code   RO          452    i.HAL_UART_MspInit  usart.o
    0x08002e1c   0x08002e1c   0x0000001c   Code   RO         3355    i.HAL_UART_Receive_IT  stm32f4xx_hal_uart.o
    0x08002e38   0x08002e38   0x00000002   Code   RO         3356    i.HAL_UART_RxCpltCallback  stm32f4xx_hal_uart.o
    0x08002e3a   0x08002e3a   0x00000002   Code   RO         3361    i.HAL_UART_TxCpltCallback  stm32f4xx_hal_uart.o
    0x08002e3c   0x08002e3c   0x00000002   Code   RO          508    i.HardFault_Handler  stm32f4xx_it.o
    0x08002e3e   0x08002e3e   0x00000002   PAD
    0x08002e40   0x08002e40   0x00000104   Code   RO         5849    i.InsTask           imu_task.o
    0x08002f44   0x08002f44   0x00000010   Code   RO         5949    i.Limit_Min_Max     pid.o
    0x08002f54   0x08002f54   0x00000044   Code   RO          285    i.MX_CAN1_Init      can.o
    0x08002f98   0x08002f98   0x0000003c   Code   RO          325    i.MX_DMA_Init       dma.o
    0x08002fd4   0x08002fd4   0x00000044   Code   RO          236    i.MX_FREERTOS_Init  freertos.o
    0x08003018   0x08003018   0x00000168   Code   RO          210    i.MX_GPIO_Init      gpio.o
    0x08003180   0x08003180   0x00000048   Code   RO          351    i.MX_SPI1_Init      spi.o
    0x080031c8   0x080031c8   0x00000068   Code   RO          394    i.MX_TIM10_Init     tim.o
    0x08003230   0x08003230   0x00000038   Code   RO          395    i.MX_TIM13_Init     tim.o
    0x08003268   0x08003268   0x000000b4   Code   RO          396    i.MX_TIM5_Init      tim.o
    0x0800331c   0x0800331c   0x00000038   Code   RO          453    i.MX_USART1_UART_Init  usart.o
    0x08003354   0x08003354   0x00000038   Code   RO          454    i.MX_USART6_UART_Init  usart.o
    0x0800338c   0x0800338c   0x00000038   Code   RO         5851    i.MahonyAHRS_init   imu_task.o
    0x080033c4   0x080033c4   0x000001d8   Code   RO         5852    i.MahonyAHRS_update  imu_task.o
    0x0800359c   0x0800359c   0x00000002   Code   RO          509    i.MemManage_Handler  stm32f4xx_it.o
    0x0800359e   0x0800359e   0x00000002   Code   RO          510    i.NMI_Handler       stm32f4xx_it.o
    0x080035a0   0x080035a0   0x000000ca   Code   RO         5950    i.PID_Calc_Angle    pid.o
    0x0800366a   0x0800366a   0x000000be   Code   RO         5952    i.PID_Calc_Speed    pid.o
    0x08003728   0x08003728   0x00000038   Code   RO         5953    i.PID_Protect_Angle  pid.o
    0x08003760   0x08003760   0x00000006   Code   RO         5955    i.PID_init          pid.o
    0x08003766   0x08003766   0x00000002   PAD
    0x08003768   0x08003768   0x00001280   Code   RO         5602    i.SPI1_DMA_enable   bsp_spi.o
    0x080049e8   0x080049e8   0x00000038   Code   RO         5603    i.SPI1_DMA_init     bsp_spi.o
    0x08004a20   0x08004a20   0x0000006c   Code   RO         2074    i.SPI_EndRxTxTransaction  stm32f4xx_hal_spi.o
    0x08004a8c   0x08004a8c   0x000000bc   Code   RO         2079    i.SPI_WaitFlagStateUntilTimeout  stm32f4xx_hal_spi.o
    0x08004b48   0x08004b48   0x00000018   Code   RO          511    i.SysTick_Handler   stm32f4xx_it.o
    0x08004b60   0x08004b60   0x00000094   Code   RO           14    i.SystemClock_Config  main.o
    0x08004bf4   0x08004bf4   0x00000010   Code   RO         3684    i.SystemInit        system_stm32f4xx.o
    0x08004c04   0x08004c04   0x0000000c   Code   RO          512    i.TIM8_UP_TIM13_IRQHandler  stm32f4xx_it.o
    0x08004c10   0x08004c10   0x000000d0   Code   RO         2442    i.TIM_Base_SetConfig  stm32f4xx_hal_tim.o
    0x08004ce0   0x08004ce0   0x0000001a   Code   RO         2443    i.TIM_CCxChannelCmd  stm32f4xx_hal_tim.o
    0x08004cfa   0x08004cfa   0x00000014   Code   RO         2453    i.TIM_ETR_SetConfig  stm32f4xx_hal_tim.o
    0x08004d0e   0x08004d0e   0x00000010   Code   RO         2454    i.TIM_ITRx_SetConfig  stm32f4xx_hal_tim.o
    0x08004d1e   0x08004d1e   0x00000002   PAD
    0x08004d20   0x08004d20   0x00000060   Code   RO         2455    i.TIM_OC1_SetConfig  stm32f4xx_hal_tim.o
    0x08004d80   0x08004d80   0x0000006c   Code   RO         2456    i.TIM_OC2_SetConfig  stm32f4xx_hal_tim.o
    0x08004dec   0x08004dec   0x00000068   Code   RO         2457    i.TIM_OC3_SetConfig  stm32f4xx_hal_tim.o
    0x08004e54   0x08004e54   0x00000050   Code   RO         2458    i.TIM_OC4_SetConfig  stm32f4xx_hal_tim.o
    0x08004ea4   0x08004ea4   0x00000022   Code   RO         2460    i.TIM_TI1_ConfigInputStage  stm32f4xx_hal_tim.o
    0x08004ec6   0x08004ec6   0x00000024   Code   RO         2462    i.TIM_TI2_ConfigInputStage  stm32f4xx_hal_tim.o
    0x08004eea   0x08004eea   0x00000002   PAD
    0x08004eec   0x08004eec   0x00000040   Code   RO         5499    i.TripodCtrlTask    tripodctrltask.o
    0x08004f2c   0x08004f2c   0x0000000e   Code   RO         3363    i.UART_DMAAbortOnError  stm32f4xx_hal_uart.o
    0x08004f3a   0x08004f3a   0x0000004e   Code   RO         3373    i.UART_EndRxTransfer  stm32f4xx_hal_uart.o
    0x08004f88   0x08004f88   0x000000c2   Code   RO         3375    i.UART_Receive_IT   stm32f4xx_hal_uart.o
    0x0800504a   0x0800504a   0x00000002   PAD
    0x0800504c   0x0800504c   0x0000010c   Code   RO         3376    i.UART_SetConfig    stm32f4xx_hal_uart.o
    0x08005158   0x08005158   0x00000036   Code   RO         3378    i.UART_Start_Receive_IT  stm32f4xx_hal_uart.o
    0x0800518e   0x0800518e   0x00000002   PAD
    0x08005190   0x08005190   0x0000000c   Code   RO          513    i.USART1_IRQHandler  stm32f4xx_it.o
    0x0800519c   0x0800519c   0x00000060   Code   RO         6113    i.USART6_IRQHandler  usart_user.o
    0x080051fc   0x080051fc   0x00000002   Code   RO          514    i.UsageFault_Handler  stm32f4xx_it.o
    0x080051fe   0x080051fe   0x00000026   Code   RO         6299    i.__ARM_fpclassifyf  m_wm.l(fpclassifyf.o)
    0x08005224   0x08005224   0x00000020   Code   RO         1635    i.__NVIC_SetPriority  stm32f4xx_hal_cortex.o
    0x08005244   0x08005244   0x0000012c   Code   RO         6251    i.__hardfp_asinf    m_wm.l(asinf.o)
    0x08005370   0x08005370   0x000002ac   Code   RO         6263    i.__hardfp_atan2f   m_wm.l(atan2f.o)
    0x0800561c   0x0800561c   0x00000006   Code   RO         6302    i.__mathlib_flt_infnan  m_wm.l(funder.o)
    0x08005622   0x08005622   0x00000006   Code   RO         6303    i.__mathlib_flt_infnan2  m_wm.l(funder.o)
    0x08005628   0x08005628   0x00000010   Code   RO         6304    i.__mathlib_flt_invalid  m_wm.l(funder.o)
    0x08005638   0x08005638   0x00000010   Code   RO         6307    i.__mathlib_flt_underflow  m_wm.l(funder.o)
    0x08005648   0x08005648   0x00000028   Code   RO         6202    i.aRGB_init         argb.o
    0x08005670   0x08005670   0x0000012c   Code   RO         5646    i.bmi088_accel_init  bmi088driver.o
    0x0800579c   0x0800579c   0x000002b8   Code   RO         5647    i.bmi088_accel_self_test  bmi088driver.o
    0x08005a54   0x08005a54   0x000000dc   Code   RO         5648    i.bmi088_gyro_init  bmi088driver.o
    0x08005b30   0x08005b30   0x000000ca   Code   RO         5649    i.bmi088_gyro_self_test  bmi088driver.o
    0x08005bfa   0x08005bfa   0x00000002   PAD
    0x08005bfc   0x08005bfc   0x00000050   Code   RO         6013    i.can_send          gq_motor.o
    0x08005c4c   0x08005c4c   0x00000024   Code   RO         6014    i.conf_write        gq_motor.o
    0x08005c70   0x08005c70   0x000000b0   Code   RO         5854    i.get_angle         imu_task.o
    0x08005d20   0x08005d20   0x00000028   Code   RO         6015    i.gimbal_PID_Calc   gq_motor.o
    0x08005d48   0x08005d48   0x000000ac   Code   RO         6016    i.gimbal_pitch_init  gq_motor.o
    0x08005df4   0x08005df4   0x0000002c   Code   RO         6017    i.gimbal_set_control  gq_motor.o
    0x08005e20   0x08005e20   0x00000018   Code   RO         6018    i.gimbal_set_control_init  gq_motor.o
    0x08005e38   0x08005e38   0x000000b4   Code   RO         6019    i.gimbal_yaw_init   gq_motor.o
    0x08005eec   0x08005eec   0x000000fc   Code   RO         5855    i.imu_cmd_spi_dma   imu_task.o
    0x08005fe8   0x08005fe8   0x0000000c   Code   RO         5574    i.imu_pwm_set       bsp_imu_pwm.o
    0x08005ff4   0x08005ff4   0x0000007c   Code   RO         5856    i.imu_temp_control  imu_task.o
    0x08006070   0x08006070   0x0000002c   Code   RO         5857    i.invSqrt           imu_task.o
    0x0800609c   0x0800609c   0x0000003e   Code   RO           15    i.main              main.o
    0x080060da   0x080060da   0x00000002   PAD
    0x080060dc   0x080060dc   0x0000002c   Code   RO         6020    i.motor_control_vel  gq_motor.o
    0x08006108   0x08006108   0x0000001a   Code   RO         4855    i.osDelay           cmsis_os2.o
    0x08006122   0x08006122   0x00000002   PAD
    0x08006124   0x08006124   0x00000024   Code   RO         4869    i.osKernelInitialize  cmsis_os2.o
    0x08006148   0x08006148   0x00000038   Code   RO         4872    i.osKernelStart     cmsis_os2.o
    0x08006180   0x08006180   0x0000008a   Code   RO         4914    i.osThreadNew       cmsis_os2.o
    0x0800620a   0x0800620a   0x00000002   PAD
    0x0800620c   0x0800620c   0x00000030   Code   RO         6116    i.process_received_data  usart_user.o
    0x0800623c   0x0800623c   0x00000064   Code   RO         4292    i.prvAddCurrentTaskToDelayedList  tasks.o
    0x080062a0   0x080062a0   0x000000d0   Code   RO         4293    i.prvAddNewTaskToReadyList  tasks.o
    0x08006370   0x08006370   0x00000058   Code   RO         4680    i.prvCheckForValidListAndQueue  timers.o
    0x080063c8   0x080063c8   0x00000026   Code   RO         3889    i.prvCopyDataFromQueue  queue.o
    0x080063ee   0x080063ee   0x0000006c   Code   RO         3890    i.prvCopyDataToQueue  queue.o
    0x0800645a   0x0800645a   0x00000034   Code   RO         4294    i.prvDeleteTCB      tasks.o
    0x0800648e   0x0800648e   0x00000002   PAD
    0x08006490   0x08006490   0x0000004c   Code   RO         5361    i.prvHeapInit       heap_4.o
    0x080064dc   0x080064dc   0x00000060   Code   RO         4295    i.prvIdleTask       tasks.o
    0x0800653c   0x0800653c   0x00000022   Code   RO         3892    i.prvInitialiseNewQueue  queue.o
    0x0800655e   0x0800655e   0x00000002   PAD
    0x08006560   0x08006560   0x000000b4   Code   RO         4296    i.prvInitialiseNewTask  tasks.o
    0x08006614   0x08006614   0x0000004c   Code   RO         5362    i.prvInsertBlockIntoFreeList  heap_4.o
    0x08006660   0x08006660   0x00000038   Code   RO         4682    i.prvInsertTimerInActiveList  timers.o
    0x08006698   0x08006698   0x0000001c   Code   RO         3893    i.prvIsQueueEmpty   queue.o
    0x080066b4   0x080066b4   0x000000fc   Code   RO         4683    i.prvProcessReceivedCommands  timers.o
    0x080067b0   0x080067b0   0x000000c0   Code   RO         4684    i.prvProcessTimerOrBlockTask  timers.o
    0x08006870   0x08006870   0x00000020   Code   RO         4298    i.prvResetNextTaskUnblockTime  tasks.o
    0x08006890   0x08006890   0x00000028   Code   RO         4685    i.prvSampleTimeNow  timers.o
    0x080068b8   0x080068b8   0x0000006c   Code   RO         4686    i.prvSwitchTimerLists  timers.o
    0x08006924   0x08006924   0x00000028   Code   RO         5417    i.prvTaskExitError  port.o
    0x0800694c   0x0800694c   0x00000024   Code   RO         4687    i.prvTimerTask      timers.o
    0x08006970   0x08006970   0x0000006a   Code   RO         3894    i.prvUnlockQueue    queue.o
    0x080069da   0x080069da   0x00000002   PAD
    0x080069dc   0x080069dc   0x000000dc   Code   RO         5363    i.pvPortMalloc      heap_4.o
    0x08006ab8   0x08006ab8   0x0000002c   Code   RO         5418    i.pxPortInitialiseStack  port.o
    0x08006ae4   0x08006ae4   0x00000038   Code   RO         6021    i.rezero_pos        gq_motor.o
    0x08006b1c   0x08006b1c   0x0000003e   Code   RO         6277    i.sqrtf             m_wm.l(sqrtf.o)
    0x08006b5a   0x08006b5a   0x00000002   PAD
    0x08006b5c   0x08006b5c   0x00000028   Code   RO         6022    i.timed_return_motor_status  gq_motor.o
    0x08006b84   0x08006b84   0x00000068   Code   RO         4303    i.ulTaskNotifyTake  tasks.o
    0x08006bec   0x08006bec   0x00000070   Code   RO         6023    i.update            gq_motor.o
    0x08006c5c   0x08006c5c   0x0000002c   Code   RO         6117    i.user_usart_init   usart_user.o
    0x08006c88   0x08006c88   0x00000026   Code   RO         3849    i.uxListRemove      list.o
    0x08006cae   0x08006cae   0x00000002   PAD
    0x08006cb0   0x08006cb0   0x00000014   Code   RO         4926    i.vApplicationGetIdleTaskMemory  cmsis_os2.o
    0x08006cc4   0x08006cc4   0x00000018   Code   RO         4927    i.vApplicationGetTimerTaskMemory  cmsis_os2.o
    0x08006cdc   0x08006cdc   0x00000016   Code   RO         3850    i.vListInitialise   list.o
    0x08006cf2   0x08006cf2   0x00000006   Code   RO         3851    i.vListInitialiseItem  list.o
    0x08006cf8   0x08006cf8   0x00000030   Code   RO         3852    i.vListInsert       list.o
    0x08006d28   0x08006d28   0x00000018   Code   RO         3853    i.vListInsertEnd    list.o
    0x08006d40   0x08006d40   0x00000040   Code   RO         5420    i.vPortEnterCritical  port.o
    0x08006d80   0x08006d80   0x00000028   Code   RO         5421    i.vPortExitCritical  port.o
    0x08006da8   0x08006da8   0x00000064   Code   RO         5364    i.vPortFree         heap_4.o
    0x08006e0c   0x08006e0c   0x00000024   Code   RO         5422    i.vPortSetupTimerInterrupt  port.o
    0x08006e30   0x08006e30   0x00000054   Code   RO         5423    i.vPortValidateInterruptPriority  port.o
    0x08006e84   0x08006e84   0x00000028   Code   RO         3900    i.vQueueAddToRegistry  queue.o
    0x08006eac   0x08006eac   0x00000044   Code   RO         3904    i.vQueueWaitForMessageRestricted  queue.o
    0x08006ef0   0x08006ef0   0x0000004c   Code   RO         4313    i.vTaskDelay        tasks.o
    0x08006f3c   0x08006f3c   0x00000010   Code   RO         4318    i.vTaskInternalSetTimeOutState  tasks.o
    0x08006f4c   0x08006f4c   0x0000000c   Code   RO         4319    i.vTaskMissedYield  tasks.o
    0x08006f58   0x08006f58   0x000000b0   Code   RO         4320    i.vTaskNotifyGiveFromISR  tasks.o
    0x08007008   0x08007008   0x00000030   Code   RO         4321    i.vTaskPlaceOnEventList  tasks.o
    0x08007038   0x08007038   0x00000038   Code   RO         4322    i.vTaskPlaceOnEventListRestricted  tasks.o
    0x08007070   0x08007070   0x00000088   Code   RO         4330    i.vTaskStartScheduler  tasks.o
    0x080070f8   0x080070f8   0x00000010   Code   RO         4332    i.vTaskSuspendAll   tasks.o
    0x08007108   0x08007108   0x00000064   Code   RO         4333    i.vTaskSwitchContext  tasks.o
    0x0800716c   0x0800716c   0x000000f4   Code   RO         5424    i.xPortStartScheduler  port.o
    0x08007260   0x08007260   0x0000002c   Code   RO         5425    i.xPortSysTickHandler  port.o
    0x0800728c   0x0800728c   0x00000066   Code   RO         3910    i.xQueueGenericCreateStatic  queue.o
    0x080072f2   0x080072f2   0x00000002   PAD
    0x080072f4   0x080072f4   0x00000088   Code   RO         3911    i.xQueueGenericReset  queue.o
    0x0800737c   0x0800737c   0x00000160   Code   RO         3912    i.xQueueGenericSend  queue.o
    0x080074dc   0x080074dc   0x000000be   Code   RO         3913    i.xQueueGenericSendFromISR  queue.o
    0x0800759a   0x0800759a   0x00000002   PAD
    0x0800759c   0x0800759c   0x00000138   Code   RO         3922    i.xQueueReceive     queue.o
    0x080076d4   0x080076d4   0x00000088   Code   RO         4336    i.xTaskCheckForTimeOut  tasks.o
    0x0800775c   0x0800775c   0x0000005a   Code   RO         4337    i.xTaskCreate       tasks.o
    0x080077b6   0x080077b6   0x00000056   Code   RO         4338    i.xTaskCreateStatic  tasks.o
    0x0800780c   0x0800780c   0x000000e0   Code   RO         4339    i.xTaskGenericNotify  tasks.o
    0x080078ec   0x080078ec   0x0000001c   Code   RO         4343    i.xTaskGetSchedulerState  tasks.o
    0x08007908   0x08007908   0x0000000c   Code   RO         4344    i.xTaskGetTickCount  tasks.o
    0x08007914   0x08007914   0x000000c8   Code   RO         4346    i.xTaskIncrementTick  tasks.o
    0x080079dc   0x080079dc   0x00000080   Code   RO         4349    i.xTaskPriorityDisinherit  tasks.o
    0x08007a5c   0x08007a5c   0x00000070   Code   RO         4351    i.xTaskRemoveFromEventList  tasks.o
    0x08007acc   0x08007acc   0x000000c4   Code   RO         4352    i.xTaskResumeAll    tasks.o
    0x08007b90   0x08007b90   0x00000060   Code   RO         4696    i.xTimerCreateTimerTask  timers.o
    0x08007bf0   0x08007bf0   0x00000068   Code   RO         4697    i.xTimerGenericCommand  timers.o
    0x08007c58   0x08007c58   0x0000000a   Code   RO         6422    x$fpl$fpinit        fz_wm.l(fpinit.o)
    0x08007c62   0x08007c62   0x00000000   Code   RO         6298    x$fpl$usenofp       fz_wm.l(usenofp.o)
    0x08007c62   0x08007c62   0x00000002   PAD
    0x08007c64   0x08007c64   0x0000006c   Data   RO          237    .constdata          freertos.o
    0x08007cd0   0x08007cd0   0x00000008   Data   RO         1349    .constdata          stm32f4xx_hal_dma.o
    0x08007cd8   0x08007cd8   0x00000010   Data   RO         3685    .constdata          system_stm32f4xx.o
    0x08007ce8   0x08007ce8   0x00000008   Data   RO         3686    .constdata          system_stm32f4xx.o
    0x08007cf0   0x08007cf0   0x00000012   Data   RO         5654    .constdata          bmi088driver.o
    0x08007d02   0x08007d02   0x00000002   PAD
    0x08007d04   0x08007d04   0x00000020   Data   RO          238    .conststring        freertos.o
    0x08007d24   0x08007d24   0x00000020   Data   RO         6480    Region$$Table       anon$$obj.o


    Execution Region RW_IRAM1 (Exec base: 0x20000000, Load base: 0x08007d44, Size: 0x00005638, Max: 0x0001c000, ABSOLUTE)

    Exec Addr    Load Addr    Size         Type   Attr      Idx    E Section Name        Object

    0x20000000   0x08007d44   0x0000000c   Data   RW          239    .data               freertos.o
    0x2000000c   0x08007d50   0x0000000c   Data   RW         1794    .data               stm32f4xx_hal.o
    0x20000018   0x08007d5c   0x00000004   Data   RW         3687    .data               system_stm32f4xx.o
    0x2000001c   0x08007d60   0x0000003c   Data   RW         4355    .data               tasks.o
    0x20000058   0x08007d9c   0x00000014   Data   RW         4705    .data               timers.o
    0x2000006c   0x08007db0   0x00000004   Data   RW         4929    .data               cmsis_os2.o
    0x20000070   0x08007db4   0x00000020   Data   RW         5370    .data               heap_4.o
    0x20000090   0x08007dd4   0x0000000c   Data   RW         5426    .data               port.o
    0x2000009c   0x08007de0   0x0000002c   Data   RW         5655    .data               bmi088driver.o
    0x200000c8   0x08007e0c   0x0000002d   Data   RW         5859    .data               imu_task.o
    0x200000f5   0x08007e39   0x00000001   PAD
    0x200000f6   0x08007e3a   0x00000004   Data   RW         6119    .data               usart_user.o
    0x200000fa   0x08007e3e   0x00000002   PAD
    0x200000fc        -       0x00000028   Zero   RW          286    .bss                can.o
    0x20000124        -       0x00000118   Zero   RW          352    .bss                spi.o
    0x2000023c        -       0x000000d8   Zero   RW          397    .bss                tim.o
    0x20000314        -       0x00000090   Zero   RW          455    .bss                usart.o
    0x200003a4        -       0x00000040   Zero   RW         3926    .bss                queue.o
    0x200003e4        -       0x000004c4   Zero   RW         4354    .bss                tasks.o
    0x200008a8        -       0x00000118   Zero   RW         4704    .bss                timers.o
    0x200009c0        -       0x000006b8   Zero   RW         4928    .bss                cmsis_os2.o
    0x20001078        -       0x00003c00   Zero   RW         5369    .bss                heap_4.o
    0x20004c78        -       0x00000018   Zero   RW         5500    .bss                tripodctrltask.o
    0x20004c90        -       0x00000070   Zero   RW         5858    .bss                imu_task.o
    0x20004d00        -       0x000001d8   Zero   RW         6024    .bss                gq_motor.o
    0x20004ed8        -       0x00000100   Zero   RW         6118    .bss                usart_user.o
    0x20004fd8        -       0x00000060   Zero   RW         6338    .bss                c_w.l(libspace.o)
    0x20005038        -       0x00000200   Zero   RW            2    HEAP                startup_stm32f407xx.o
    0x20005238        -       0x00000400   Zero   RW            1    STACK               startup_stm32f407xx.o


    Execution Region RW_IRAM2 (Exec base: 0x2001c000, Load base: 0x08007e40, Size: 0x00000000, Max: 0x00004000, ABSOLUTE)

    **** No section assigned to this execution region ****


==============================================================================

Image component sizes


      Code (inc. data)   RO Data    RW Data    ZI Data      Debug   Object Name

        40          4          0          0          0        500   argb.o
      1818         28         18         44          0      10541   bmi088driver.o
       110         28          0          0          0       5040   bmi088middleware.o
        12          4          0          0          0        534   bsp_imu_pwm.o
      4792         62          0          0          0       2202   bsp_spi.o
       236         22          0          0         40       1797   can.o
       300         22          0          4       1720      64669   cmsis_os2.o
        60          4          0          0          0        822   dma.o
         0          0          0          0          0      19396   event_groups.o
        78         22        140         12          0       2002   freertos.o
       360         22          0          0          0       1215   gpio.o
       856        142          0          0        472      10038   gq_motor.o
       472         24          0         32      15360       4975   heap_4.o
      2180        140          0         45        112      11596   imu_task.o
       138          0          0          0          0       3650   list.o
       214          8          0          0          0     721364   main.o
       470          4          0          0          0       4053   pid.o
       786         82          0         12          0      11729   port.o
      1514         20          0          0         64      17700   queue.o
       324         32          0          0        280       1991   spi.o
        64         26        392          0       1536        864   startup_stm32f407xx.o
       180         28          0         12          0       9561   stm32f4xx_hal.o
      1658          6          0          0          0      14691   stm32f4xx_hal_can.o
       198         14          0          0          0      33927   stm32f4xx_hal_cortex.o
       934         16          8          0          0       5751   stm32f4xx_hal_dma.o
       530         52          0          0          0       2899   stm32f4xx_hal_gpio.o
        56          4          0          0          0        906   stm32f4xx_hal_msp.o
      1348         76          0          0          0       5372   stm32f4xx_hal_rcc.o
       980         16          0          0          0       4997   stm32f4xx_hal_spi.o
      1968        138          0          0          0      18063   stm32f4xx_hal_tim.o
       148         28          0          0          0       2561   stm32f4xx_hal_tim_ex.o
      1384         14          0          0          0      10058   stm32f4xx_hal_uart.o
       132         42          0          0          0       7867   stm32f4xx_it.o
         0          0          0          0          0        384   stream_buffer.o
        16          4         24          4          0       1187   system_stm32f4xx.o
      2620        210          0         60       1220      30949   tasks.o
       588         64          0          0        216       3906   tim.o
       972         80          0         20        280      32307   timers.o
       272         32          0          0         24       3294   tripodctrltask.o
       312         36          0          0        144       2523   usart.o
       188         34          0          4        256       2806   usart_user.o

    ----------------------------------------------------------------------
     29358       1590        616        252      21724    1090687   Object Totals
         0          0         32          0          0          0   (incl. Generated)
        50          0          2          3          0          0   (incl. Padding)

    ----------------------------------------------------------------------

      Code (inc. data)   RO Data    RW Data    ZI Data      Debug   Library Member Name

         8          0          0          0          0         68   __main.o
         0          0          0          0          0          0   __rtentry.o
        12          0          0          0          0          0   __rtentry2.o
         6          0          0          0          0          0   __rtentry4.o
        52          8          0          0          0          0   __scatter.o
        26          0          0          0          0          0   __scatter_copy.o
        28          0          0          0          0          0   __scatter_zi.o
        22          0          0          0          0        100   _rserrno.o
        16          0          0          0          0         68   aeabi_memset.o
        18          0          0          0          0         80   exit.o
         6          0          0          0          0        152   heapauxi.o
         0          0          0          0          0          0   indicate_semi.o
         2          0          0          0          0          0   libinit.o
         6          0          0          0          0          0   libinit2.o
         2          0          0          0          0          0   libshutdown.o
         2          0          0          0          0          0   libshutdown2.o
         8          4          0          0         96         68   libspace.o
       238          0          0          0          0        100   lludivv7m.o
         8          4          0          0          0         68   rt_errno_addr_intlibspace.o
        68          0          0          0          0         68   rt_memclr.o
        78          0          0          0          0         80   rt_memclr_w.o
       138          0          0          0          0         68   rt_memcpy_v6.o
       100          0          0          0          0         80   rt_memcpy_w.o
         2          0          0          0          0          0   rtexit.o
        10          0          0          0          0          0   rtexit2.o
        12          4          0          0          0         68   sys_exit.o
        74          0          0          0          0         80   sys_stackheap_outer.o
         2          0          0          0          0         68   use_no_semi.o
        10          0          0          0          0        116   fpinit.o
         0          0          0          0          0          0   usenofp.o
       300         42          0          0          0        176   asinf.o
       684         90          0          0          0        208   atan2f.o
        38          0          0          0          0        116   fpclassifyf.o
        44         12          0          0          0        464   funder.o
        62          0          0          0          0        136   sqrtf.o

    ----------------------------------------------------------------------
      2094        164          0          0         96       2432   Library Totals
        12          0          0          0          0          0   (incl. Padding)

    ----------------------------------------------------------------------

      Code (inc. data)   RO Data    RW Data    ZI Data      Debug   Library Name

       944         20          0          0         96       1216   c_w.l
        10          0          0          0          0        116   fz_wm.l
      1128        144          0          0          0       1100   m_wm.l

    ----------------------------------------------------------------------
      2094        164          0          0         96       2432   Library Totals

    ----------------------------------------------------------------------

==============================================================================


      Code (inc. data)   RO Data    RW Data    ZI Data      Debug   

     31452       1754        616        252      21820    1068147   Grand Totals
     31452       1754        616        252      21820    1068147   ELF Image Totals
     31452       1754        616        252          0          0   ROM Totals

==============================================================================

    Total RO  Size (Code + RO Data)                32068 (  31.32kB)
    Total RW  Size (RW Data + ZI Data)             22072 (  21.55kB)
    Total ROM Size (Code + RO Data + RW Data)      32320 (  31.56kB)

==============================================================================

