Component: ARM Compiler 5.06 update 7 (build 960) Tool: armlink [4d3601]

==============================================================================

Section Cross References

    startup_stm32h723xx.o(STACK) refers (Special) to heapauxi.o(.text) for __use_two_region_memory
    startup_stm32h723xx.o(HEAP) refers (Special) to heapauxi.o(.text) for __use_two_region_memory
    startup_stm32h723xx.o(RESET) refers (Special) to heapauxi.o(.text) for __use_two_region_memory
    startup_stm32h723xx.o(RESET) refers to startup_stm32h723xx.o(STACK) for __initial_sp
    startup_stm32h723xx.o(RESET) refers to startup_stm32h723xx.o(.text) for Reset_Handler
    startup_stm32h723xx.o(RESET) refers to stm32h7xx_it.o(i.NMI_Handler) for NMI_Handler
    startup_stm32h723xx.o(RESET) refers to stm32h7xx_it.o(i.HardFault_Handler) for HardFault_Handler
    startup_stm32h723xx.o(RESET) refers to stm32h7xx_it.o(i.MemManage_Handler) for MemManage_Handler
    startup_stm32h723xx.o(RESET) refers to stm32h7xx_it.o(i.BusFault_Handler) for BusFault_Handler
    startup_stm32h723xx.o(RESET) refers to stm32h7xx_it.o(i.UsageFault_Handler) for UsageFault_Handler
    startup_stm32h723xx.o(RESET) refers to port.o(.emb_text) for SVC_Handler
    startup_stm32h723xx.o(RESET) refers to stm32h7xx_it.o(i.DebugMon_Handler) for DebugMon_Handler
    startup_stm32h723xx.o(RESET) refers to cmsis_os2.o(i.SysTick_Handler) for SysTick_Handler
    startup_stm32h723xx.o(RESET) refers to stm32h7xx_it.o(i.DMA1_Stream2_IRQHandler) for DMA1_Stream2_IRQHandler
    startup_stm32h723xx.o(RESET) refers to stm32h7xx_it.o(i.DMA1_Stream3_IRQHandler) for DMA1_Stream3_IRQHandler
    startup_stm32h723xx.o(RESET) refers to stm32h7xx_it.o(i.DMA1_Stream4_IRQHandler) for DMA1_Stream4_IRQHandler
    startup_stm32h723xx.o(RESET) refers to stm32h7xx_it.o(i.DMA1_Stream5_IRQHandler) for DMA1_Stream5_IRQHandler
    startup_stm32h723xx.o(RESET) refers to stm32h7xx_it.o(i.DMA1_Stream6_IRQHandler) for DMA1_Stream6_IRQHandler
    startup_stm32h723xx.o(RESET) refers to stm32h7xx_it.o(i.FDCAN1_IT0_IRQHandler) for FDCAN1_IT0_IRQHandler
    startup_stm32h723xx.o(RESET) refers to stm32h7xx_it.o(i.FDCAN2_IT0_IRQHandler) for FDCAN2_IT0_IRQHandler
    startup_stm32h723xx.o(RESET) refers to stm32h7xx_it.o(i.FDCAN1_IT1_IRQHandler) for FDCAN1_IT1_IRQHandler
    startup_stm32h723xx.o(RESET) refers to stm32h7xx_it.o(i.FDCAN2_IT1_IRQHandler) for FDCAN2_IT1_IRQHandler
    startup_stm32h723xx.o(RESET) refers to stm32h7xx_it.o(i.SPI2_IRQHandler) for SPI2_IRQHandler
    startup_stm32h723xx.o(RESET) refers to stm32h7xx_it.o(i.USART2_IRQHandler) for USART2_IRQHandler
    startup_stm32h723xx.o(RESET) refers to stm32h7xx_it.o(i.DMA1_Stream7_IRQHandler) for DMA1_Stream7_IRQHandler
    startup_stm32h723xx.o(RESET) refers to stm32h7xx_it.o(i.UART5_IRQHandler) for UART5_IRQHandler
    startup_stm32h723xx.o(RESET) refers to stm32h7xx_it.o(i.DMA2_Stream0_IRQHandler) for DMA2_Stream0_IRQHandler
    startup_stm32h723xx.o(RESET) refers to stm32h7xx_it.o(i.DMA2_Stream1_IRQHandler) for DMA2_Stream1_IRQHandler
    startup_stm32h723xx.o(RESET) refers to stm32h7xx_it.o(i.DMA2_Stream2_IRQHandler) for DMA2_Stream2_IRQHandler
    startup_stm32h723xx.o(RESET) refers to stm32h7xx_it.o(i.FDCAN_CAL_IRQHandler) for FDCAN_CAL_IRQHandler
    startup_stm32h723xx.o(RESET) refers to stm32h7xx_it.o(i.OTG_HS_IRQHandler) for OTG_HS_IRQHandler
    startup_stm32h723xx.o(RESET) refers to stm32h7xx_it.o(i.UART7_IRQHandler) for UART7_IRQHandler
    startup_stm32h723xx.o(RESET) refers to stm32h7xx_it.o(i.USART10_IRQHandler) for USART10_IRQHandler
    startup_stm32h723xx.o(RESET) refers to stm32h7xx_it.o(i.FDCAN3_IT0_IRQHandler) for FDCAN3_IT0_IRQHandler
    startup_stm32h723xx.o(RESET) refers to stm32h7xx_it.o(i.FDCAN3_IT1_IRQHandler) for FDCAN3_IT1_IRQHandler
    startup_stm32h723xx.o(RESET) refers to stm32h7xx_it.o(i.TIM23_IRQHandler) for TIM23_IRQHandler
    startup_stm32h723xx.o(.text) refers (Special) to heapauxi.o(.text) for __use_two_region_memory
    startup_stm32h723xx.o(.text) refers to system_stm32h7xx.o(i.ExitRun0Mode) for ExitRun0Mode
    startup_stm32h723xx.o(.text) refers to system_stm32h7xx.o(i.SystemInit) for SystemInit
    startup_stm32h723xx.o(.text) refers to __main.o(!!!main) for __main
    startup_stm32h723xx.o(.text) refers to startup_stm32h723xx.o(HEAP) for Heap_Mem
    startup_stm32h723xx.o(.text) refers to startup_stm32h723xx.o(STACK) for Stack_Mem
    main.o(i.HAL_TIM_PeriodElapsedCallback) refers to stm32h7xx_hal.o(i.HAL_IncTick) for HAL_IncTick
    main.o(i.SystemClock_Config) refers to rt_memclr_w.o(.text) for __aeabi_memclr4
    main.o(i.SystemClock_Config) refers to stm32h7xx_hal_pwr_ex.o(i.HAL_PWREx_ConfigSupply) for HAL_PWREx_ConfigSupply
    main.o(i.SystemClock_Config) refers to stm32h7xx_hal_rcc.o(i.HAL_RCC_OscConfig) for HAL_RCC_OscConfig
    main.o(i.SystemClock_Config) refers to main.o(i.Error_Handler) for Error_Handler
[...]
    0x080019e6   0x080019e6   0x00000004   Code   RO          615    i.BusFault_Handler  stm32h7xx_it.o
    0x080019ea   0x080019ea   0x00000002   PAD
    0x080019ec   0x080019ec   0x00000064   Code   RO        11217    i.CAN_cmd_chassis   can_receive.o
    0x08001a50   0x08001a50   0x0000005c   Code   RO        11218    i.CAN_cmd_friction  can_receive.o
    0x08001aac   0x08001aac   0x000000a8   Code   RO        11219    i.CAN_cmd_gimbal    can_receive.o
    0x08001b54   0x08001b54   0x00000058   Code   RO        11220    i.CAN_cmd_shoot     can_receive.o
    0x08001bac   0x08001bac   0x00000044   Code   RO         1005    i.CDC_Control_HS    usbd_cdc_if.o
    0x08001bf0   0x08001bf0   0x00000004   Code   RO         1006    i.CDC_DeInit_HS     usbd_cdc_if.o
    0x08001bf4   0x08001bf4   0x00000024   Code   RO         1007    i.CDC_Init_HS       usbd_cdc_if.o
    0x08001c18   0x08001c18   0x00000028   Code   RO         1008    i.CDC_Receive_HS    usbd_cdc_if.o
    0x08001c40   0x08001c40   0x0000000c   Code   RO         1009    i.CDC_TransmitCplt_HS  usbd_cdc_if.o
    0x08001c4c   0x08001c4c   0x00000038   Code   RO         1010    i.CDC_Transmit_HS   usbd_cdc_if.o
    0x08001c84   0x08001c84   0x00000088   Code   RO        11221    i.Calc_motor_Angle  can_receive.o
    0x08001d0c   0x08001d0c   0x00000044   Code   RO        11818    i.Chassis_3508_Actual_Power_Calculate  control_power.o
    0x08001d50   0x08001d50   0x00000044   Code   RO        11820    i.Chassis_6020_Actual_Power_Calculate  control_power.o
    0x08001d94   0x08001d94   0x00000030   Code   RO        11822    i.Chassis_Power_Init  control_power.o
    0x08001dc4   0x08001dc4   0x00000060   Code   RO        11823    i.Chassis_Power_Total_Allocate  control_power.o
    0x08001e24   0x08001e24   0x00000020   Code   RO        11824    i.Chassis_Power_Total_Control  control_power.o
    0x08001e44   0x08001e44   0x00000024   Code   RO        11151    i.Command_AddReadIndex  circular_buffer.o
    0x08001e68   0x08001e68   0x0000006c   Code   RO        11152    i.Command_GetLength  circular_buffer.o
    0x08001ed4   0x08001ed4   0x0000000e   Code   RO        11153    i.Command_GetRemain  circular_buffer.o
    0x08001ee2   0x08001ee2   0x00000002   PAD
    0x08001ee4   0x08001ee4   0x0000001c   Code   RO        11154    i.Command_Read      circular_buffer.o
    0x08001f00   0x08001f00   0x00000074   Code   RO        11155    i.Command_Write     circular_buffer.o
    0x08001f74   0x08001f74   0x00000010   Code   RO          616    i.DMA1_Stream2_IRQHandler  stm32h7xx_it.o
    0x08001f84   0x08001f84   0x00000010   Code   RO          617    i.DMA1_Stream3_IRQHandler  stm32h7xx_it.o
    0x08001f94   0x08001f94   0x00000010   Code   RO          618    i.DMA1_Stream4_IRQHandler  stm32h7xx_it.o
    0x08001fa4   0x08001fa4   0x00000010   Code   RO          619    i.DMA1_Stream5_IRQHandler  stm32h7xx_it.o
    0x08001fb4   0x08001fb4   0x00000010   Code   RO          620    i.DMA1_Stream6_IRQHandler  stm32h7xx_it.o
    0x08001fc4   0x08001fc4   0x00000010   Code   RO          621    i.DMA1_Stream7_IRQHandler  stm32h7xx_it.o
    0x08001fd4   0x08001fd4   0x00000010   Code   RO          622    i.DMA2_Stream0_IRQHandler  stm32h7xx_it.o
    0x08001fe4   0x08001fe4   0x00000010   Code   RO          623    i.DMA2_Stream1_IRQHandler  stm32h7xx_it.o
    0x08001ff4   0x08001ff4   0x00000010   Code   RO          624    i.DMA2_Stream2_IRQHandler  stm32h7xx_it.o
    0x08002004   0x08002004   0x000000ec   Code   RO         3654    i.DMA_CalcBaseAndBitshift  stm32h7xx_hal_dma.o
    0x080020f0   0x080020f0   0x000000c4   Code   RO         3655    i.DMA_CalcDMAMUXChannelBaseAndMask  stm32h7xx_hal_dma.o
    0x080021b4   0x080021b4   0x00000098   Code   RO         3656    i.DMA_CalcDMAMUXRequestGenBaseAndMask  stm32h7xx_hal_dma.o
    0x0800224c   0x0800224c   0x000000ae   Code   RO         3657    i.DMA_CheckFifoParam  stm32h7xx_hal_dma.o
    0x080022fa   0x080022fa   0x00000002   PAD
    0x080022fc   0x080022fc   0x00000274   Code   RO         3658    i.DMA_SetConfig     stm32h7xx_hal_dma.o
    0x08002570   0x08002570   0x0000004c   Code   RO        10196    i.DWT_CNT_Update    bsp_dwt.o
    0x080025bc   0x080025bc   0x0000004c   Code   RO        10198    i.DWT_GetDeltaT     bsp_dwt.o
    0x08002608   0x08002608   0x00000070   Code   RO        10203    i.DWT_Init          bsp_dwt.o
    0x08002678   0x08002678   0x00000002   Code   RO          625    i.DebugMon_Handler  stm32h7xx_it.o
    0x0800267a   0x0800267a   0x0000015a   Code   RO         9673    i.EarthFrameToBodyFrame  ins_task.o
    0x080027d4   0x080027d4   0x00000006   Code   RO           13    i.Error_Handler     main.o
    0x080027da   0x080027da   0x00000002   PAD
    0x080027dc   0x080027dc   0x00000024   Code   RO         6953    i.ExitRun0Mode      system_stm32h7xx.o
    0x08002800   0x08002800   0x00000010   Code   RO          626    i.FDCAN1_IT0_IRQHandler  stm32h7xx_it.o
    0x08002810   0x08002810   0x00000010   Code   RO          627    i.FDCAN1_IT1_IRQHandler  stm32h7xx_it.o
    0x08002820   0x08002820   0x00000010   Code   RO          628    i.FDCAN2_IT0_IRQHandler  stm32h7xx_it.o
    0x08002830   0x08002830   0x00000010   Code   RO          629    i.FDCAN2_IT1_IRQHandler  stm32h7xx_it.o
    0x08002840   0x08002840   0x00000010   Code   RO          630    i.FDCAN3_IT0_IRQHandler  stm32h7xx_it.o
    0x08002850   0x08002850   0x00000010   Code   RO          631    i.FDCAN3_IT1_IRQHandler  stm32h7xx_it.o
    0x08002860   0x08002860   0x00000018   Code   RO          632    i.FDCAN_CAL_IRQHandler  stm32h7xx_it.o
    0x08002878   0x08002878   0x00000220   Code   RO         5453    i.FDCAN_CalcultateRamBlockAddresses  stm32h7xx_hal_fdcan.o
    0x08002a98   0x08002a98   0x000000d0   Code   RO         5454    i.FDCAN_CopyMessageToRAM  stm32h7xx_hal_fdcan.o
    0x08002b68   0x08002b68   0x00000030   Code   RO        11759    i.GQ_Motor_send_current  gq_motor.o
    0x08002b98   0x08002b98   0x00000034   Code   RO          909    i.Get_SerialNum     usbd_desc.o
    0x08002bcc   0x08002bcc   0x000004dc   Code   RO         3659    i.HAL_DMA_Abort     stm32h7xx_hal_dma.o
    0x080030a8   0x080030a8   0x00000398   Code   RO         3660    i.HAL_DMA_Abort_IT  stm32h7xx_hal_dma.o
    0x08003440   0x08003440   0x00000284   Code   RO         3661    i.HAL_DMA_DeInit    stm32h7xx_hal_dma.o
    0x080036c4   0x080036c4   0x00000006   Code   RO         3662    i.HAL_DMA_GetError  stm32h7xx_hal_dma.o
    0x080036ca   0x080036ca   0x00000002   PAD
    0x080036cc   0x080036cc   0x00000af8   Code   RO         3664    i.HAL_DMA_IRQHandler  stm32h7xx_hal_dma.o
    0x080041c4   0x080041c4   0x00000514   Code   RO         3665    i.HAL_DMA_Init      stm32h7xx_hal_dma.o
    0x080046d8   0x080046d8   0x000003e0   Code   RO         3669    i.HAL_DMA_Start_IT  stm32h7xx_hal_dma.o
    0x08004ab8   0x08004ab8   0x00000028   Code   RO         4514    i.HAL_Delay         stm32h7xx_hal.o
    0x08004ae0   0x08004ae0   0x000000a8   Code   RO         5456    i.HAL_FDCAN_ActivateNotification  stm32h7xx_hal_fdcan.o
    0x08004b88   0x08004b88   0x00000090   Code   RO         5458    i.HAL_FDCAN_AddMessageToTxFifoQ  stm32h7xx_hal_fdcan.o
    0x08004c18   0x08004c18   0x00000002   Code   RO         5459    i.HAL_FDCAN_ClockCalibrationCallback  stm32h7xx_hal_fdcan.o
    0x08004c1a   0x08004c1a   0x0000006c   Code   RO         5462    i.HAL_FDCAN_ConfigFifoWatermark  stm32h7xx_hal_fdcan.o
    0x08004c86   0x08004c86   0x000000a8   Code   RO         5463    i.HAL_FDCAN_ConfigFilter  stm32h7xx_hal_fdcan.o
    0x08004d2e   0x08004d2e   0x00000034   Code   RO         5464    i.HAL_FDCAN_ConfigGlobalFilter  stm32h7xx_hal_fdcan.o
    0x08004d62   0x08004d62   0x00000002   Code   RO         5485    i.HAL_FDCAN_ErrorCallback  stm32h7xx_hal_fdcan.o
    0x08004d64   0x08004d64   0x00000002   Code   RO         5486    i.HAL_FDCAN_ErrorStatusCallback  stm32h7xx_hal_fdcan.o
    0x08004d66   0x08004d66   0x00000002   PAD
    0x08004d68   0x08004d68   0x000001f4   Code   RO         5497    i.HAL_FDCAN_GetRxMessage  stm32h7xx_hal_fdcan.o
    0x08004f5c   0x08004f5c   0x00000002   Code   RO         5503    i.HAL_FDCAN_HighPriorityMessageCallback  stm32h7xx_hal_fdcan.o
    0x08004f5e   0x08004f5e   0x00000002   PAD
    0x08004f60   0x08004f60   0x000003d4   Code   RO         5504    i.HAL_FDCAN_IRQHandler  stm32h7xx_hal_fdcan.o
    0x08005334   0x08005334   0x000002e0   Code   RO         5505    i.HAL_FDCAN_Init    stm32h7xx_hal_fdcan.o
    0x08005614   0x08005614   0x0000025c   Code   RO          399    i.HAL_FDCAN_MspInit  fdcan.o
    0x08005870   0x08005870   0x00000002   Code   RO         5514    i.HAL_FDCAN_RxBufferNewMessageCallback  stm32h7xx_hal_fdcan.o
    0x08005872   0x08005872   0x00000002   PAD
    0x08005874   0x08005874   0x0000052c   Code   RO        11222    i.HAL_FDCAN_RxFifo0Callback  can_receive.o
    0x08005da0   0x08005da0   0x00000002   Code   RO         5516    i.HAL_FDCAN_RxFifo1Callback  stm32h7xx_hal_fdcan.o
    0x08005da2   0x08005da2   0x00000034   Code   RO         5517    i.HAL_FDCAN_Start   stm32h7xx_hal_fdcan.o
    0x08005dd6   0x08005dd6   0x00000002   Code   RO         5539    i.HAL_FDCAN_TT_GlobalTimeCallback  stm32h7xx_hal_fdcan.o
    0x08005dd8   0x08005dd8   0x00000002   Code   RO         5540    i.HAL_FDCAN_TT_ScheduleSyncCallback  stm32h7xx_hal_fdcan.o
    0x08005dda   0x08005dda   0x00000002   Code   RO         5545    i.HAL_FDCAN_TT_StopWatchCallback  stm32h7xx_hal_fdcan.o
    0x08005ddc   0x08005ddc   0x00000002   Code   RO         5546    i.HAL_FDCAN_TT_TimeMarkCallback  stm32h7xx_hal_fdcan.o
    0x08005dde   0x08005dde   0x00000002   Code   RO         5547    i.HAL_FDCAN_TimeoutOccurredCallback  stm32h7xx_hal_fdcan.o
    0x08005de0   0x08005de0   0x00000002   Code   RO         5548    i.HAL_FDCAN_TimestampWraparoundCallback  stm32h7xx_hal_fdcan.o
    0x08005de2   0x08005de2   0x00000002   Code   RO         5549    i.HAL_FDCAN_TxBufferAbortCallback  stm32h7xx_hal_fdcan.o
    0x08005de4   0x08005de4   0x00000002   Code   RO         5550    i.HAL_FDCAN_TxBufferCompleteCallback  stm32h7xx_hal_fdcan.o
    0x08005de6   0x08005de6   0x00000002   Code   RO         5551    i.HAL_FDCAN_TxEventFifoCallback  stm32h7xx_hal_fdcan.o
    0x08005de8   0x08005de8   0x00000002   Code   RO         5552    i.HAL_FDCAN_TxFifoEmptyCallback  stm32h7xx_hal_fdcan.o
    0x08005dea   0x08005dea   0x00000002   PAD
    0x08005dec   0x08005dec   0x0000016c   Code   RO         3504    i.HAL_GPIO_DeInit   stm32h7xx_hal_gpio.o
    0x08005f58   0x08005f58   0x000001f0   Code   RO         3507    i.HAL_GPIO_Init     stm32h7xx_hal_gpio.o
    0x08006148   0x08006148   0x0000000c   Code   RO         3511    i.HAL_GPIO_WritePin  stm32h7xx_hal_gpio.o
    0x08006154   0x08006154   0x0000000c   Code   RO         4530    i.HAL_GetTick       stm32h7xx_hal.o
    0x08006160   0x08006160   0x00000018   Code   RO         4536    i.HAL_IncTick       stm32h7xx_hal.o
    0x08006178   0x08006178   0x00000060   Code   RO         4537    i.HAL_Init          stm32h7xx_hal.o
    0x080061d8   0x080061d8   0x00000094   Code   RO          835    i.HAL_InitTick      stm32h7xx_hal_timebase_tim.o
    0x0800626c   0x0800626c   0x00000030   Code   RO          811    i.HAL_MspInit       stm32h7xx_hal_msp.o
    0x0800629c   0x0800629c   0x00000044   Code   RO         4356    i.HAL_NVIC_DisableIRQ  stm32h7xx_hal_cortex.o
    0x080062e0   0x080062e0   0x00000028   Code   RO         4357    i.HAL_NVIC_EnableIRQ  stm32h7xx_hal_cortex.o
    0x08006308   0x08006308   0x0000007a   Code   RO         4363    i.HAL_NVIC_SetPriority  stm32h7xx_hal_cortex.o
    0x08006382   0x08006382   0x00000002   PAD
    0x08006384   0x08006384   0x00000028   Code   RO         4364    i.HAL_NVIC_SetPriorityGrouping  stm32h7xx_hal_cortex.o
    0x080063ac   0x080063ac   0x00000028   Code   RO         2552    i.HAL_PCDEx_ActivateLPM  stm32h7xx_hal_pcd_ex.o
    0x080063d4   0x080063d4   0x00000002   Code   RO         2557    i.HAL_PCDEx_LPM_Callback  stm32h7xx_hal_pcd_ex.o
    0x080063d6   0x080063d6   0x0000000a   Code   RO         2558    i.HAL_PCDEx_SetRxFiFo  stm32h7xx_hal_pcd_ex.o
    0x080063e0   0x080063e0   0x0000004e   Code   RO         2559    i.HAL_PCDEx_SetTxFiFo  stm32h7xx_hal_pcd_ex.o
    0x0800642e   0x0800642e   0x0000000e   Code   RO         1073    i.HAL_PCD_ConnectCallback  usbd_conf.o
    0x0800643c   0x0800643c   0x00000020   Code   RO         1074    i.HAL_PCD_DataInStageCallback  usbd_conf.o
    0x0800645c   0x0800645c   0x00000020   Code   RO         1075    i.HAL_PCD_DataOutStageCallback  usbd_conf.o
    0x0800647c   0x0800647c   0x0000000e   Code   RO         1076    i.HAL_PCD_DisconnectCallback  usbd_conf.o
    0x0800648a   0x0800648a   0x00000042   Code   RO         2323    i.HAL_PCD_EP_Abort  stm32h7xx_hal_pcd.o
    0x080064cc   0x080064cc   0x0000006a   Code   RO         2324    i.HAL_PCD_EP_Close  stm32h7xx_hal_pcd.o
    0x08006536   0x08006536   0x0000007c   Code   RO         2325    i.HAL_PCD_EP_ClrStall  stm32h7xx_hal_pcd.o
    0x080065b2   0x080065b2   0x00000016   Code   RO         2327    i.HAL_PCD_EP_GetRxCount  stm32h7xx_hal_pcd.o
    0x080065c8   0x080065c8   0x0000008e   Code   RO         2328    i.HAL_PCD_EP_Open   stm32h7xx_hal_pcd.o
    0x08006656   0x08006656   0x00000046   Code   RO         2329    i.HAL_PCD_EP_Receive  stm32h7xx_hal_pcd.o
    0x0800669c   0x0800669c   0x0000008a   Code   RO         2330    i.HAL_PCD_EP_SetStall  stm32h7xx_hal_pcd.o
    0x08006726   0x08006726   0x00000048   Code   RO         2331    i.HAL_PCD_EP_Transmit  stm32h7xx_hal_pcd.o
    0x0800676e   0x0800676e   0x0000070e   Code   RO         2333    i.HAL_PCD_IRQHandler  stm32h7xx_hal_pcd.o
    0x08006e7c   0x08006e7c   0x00000012   Code   RO         1077    i.HAL_PCD_ISOINIncompleteCallback  usbd_conf.o
    0x08006e8e   0x08006e8e   0x00000012   Code   RO         1078    i.HAL_PCD_ISOOUTIncompleteCallback  usbd_conf.o
    0x08006ea0   0x08006ea0   0x0000015e   Code   RO         2336    i.HAL_PCD_Init      stm32h7xx_hal_pcd.o
    0x08006ffe   0x08006ffe   0x00000002   PAD
    0x08007000   0x08007000   0x000000bc   Code   RO         1080    i.HAL_PCD_MspInit   usbd_conf.o
    0x080070bc   0x080070bc   0x00000030   Code   RO         1081    i.HAL_PCD_ResetCallback  usbd_conf.o
    0x080070ec   0x080070ec   0x0000000e   Code   RO         1082    i.HAL_PCD_ResumeCallback  usbd_conf.o
    0x080070fa   0x080070fa   0x0000000e   Code   RO         1083    i.HAL_PCD_SOFCallback  usbd_conf.o
    0x08007108   0x08007108   0x00000034   Code   RO         2342    i.HAL_PCD_SetAddress  stm32h7xx_hal_pcd.o
    0x0800713c   0x0800713c   0x00000012   Code   RO         1084    i.HAL_PCD_SetupStageCallback  usbd_conf.o
    0x0800714e   0x0800714e   0x0000004c   Code   RO         2345    i.HAL_PCD_Start     stm32h7xx_hal_pcd.o
    0x0800719a   0x0800719a   0x00000002   PAD
    0x0800719c   0x0800719c   0x00000034   Code   RO         1085    i.HAL_PCD_SuspendCallback  usbd_conf.o
    0x080071d0   0x080071d0   0x00000060   Code   RO         4108    i.HAL_PWREx_ConfigSupply  stm32h7xx_hal_pwr_ex.o
    0x08007230   0x08007230   0x00000014   Code   RO         4125    i.HAL_PWREx_EnableUSBVoltageDetector  stm32h7xx_hal_pwr_ex.o
    0x08007244   0x08007244   0x00000024   Code   RO         3050    i.HAL_RCCEx_GetD3PCLK1Freq  stm32h7xx_hal_rcc_ex.o
    0x08007268   0x08007268   0x00000230   Code   RO         3052    i.HAL_RCCEx_GetPLL2ClockFreq  stm32h7xx_hal_rcc_ex.o
    0x08007498   0x08007498   0x00000230   Code   RO         3053    i.HAL_RCCEx_GetPLL3ClockFreq  stm32h7xx_hal_rcc_ex.o
    0x080076c8   0x080076c8   0x00000cc8   Code   RO         3059    i.HAL_RCCEx_PeriphCLKConfig  stm32h7xx_hal_rcc_ex.o
    0x08008390   0x08008390   0x00000320   Code   RO         2935    i.HAL_RCC_ClockConfig  stm32h7xx_hal_rcc.o
    0x080086b0   0x080086b0   0x0000006c   Code   RO         2939    i.HAL_RCC_GetClockConfig  stm32h7xx_hal_rcc.o
    0x0800871c   0x0800871c   0x0000004c   Code   RO         2940    i.HAL_RCC_GetHCLKFreq  stm32h7xx_hal_rcc.o
    0x08008768   0x08008768   0x00000024   Code   RO         2942    i.HAL_RCC_GetPCLK1Freq  stm32h7xx_hal_rcc.o
    0x0800878c   0x0800878c   0x00000024   Code   RO         2943    i.HAL_RCC_GetPCLK2Freq  stm32h7xx_hal_rcc.o
    0x080087b0   0x080087b0   0x0000022c   Code   RO         2944    i.HAL_RCC_GetSysClockFreq  stm32h7xx_hal_rcc.o
    0x080089dc   0x080089dc   0x0000075c   Code   RO         2947    i.HAL_RCC_OscConfig  stm32h7xx_hal_rcc.o
    0x08009138   0x08009138   0x00000002   Code   RO         6078    i.HAL_SPI_ErrorCallback  stm32h7xx_hal_spi.o
    0x0800913a   0x0800913a   0x00000002   PAD
    0x0800913c   0x0800913c   0x00000294   Code   RO         6081    i.HAL_SPI_IRQHandler  stm32h7xx_hal_spi.o
    0x080093d0   0x080093d0   0x000001b0   Code   RO         6082    i.HAL_SPI_Init      stm32h7xx_hal_spi.o
    0x08009580   0x08009580   0x00000200   Code   RO          454    i.HAL_SPI_MspInit   spi.o
    0x08009780   0x08009780   0x00000002   Code   RO         6088    i.HAL_SPI_RxCpltCallback  stm32h7xx_hal_spi.o
    0x08009782   0x08009782   0x00000002   Code   RO         6090    i.HAL_SPI_SuspendCallback  stm32h7xx_hal_spi.o
    0x08009784   0x08009784   0x000002b4   Code   RO         6091    i.HAL_SPI_Transmit  stm32h7xx_hal_spi.o
    0x08009a38   0x08009a38   0x00000454   Code   RO         6092    i.HAL_SPI_TransmitReceive  stm32h7xx_hal_spi.o
    0x08009e8c   0x08009e8c   0x00000002   Code   RO         6097    i.HAL_SPI_TxCpltCallback  stm32h7xx_hal_spi.o
    0x08009e8e   0x08009e8e   0x00000002   Code   RO         6099    i.HAL_SPI_TxRxCpltCallback  stm32h7xx_hal_spi.o
    0x08009e90   0x08009e90   0x00000014   Code   RO         4544    i.HAL_SYSCFG_AnalogSwitchConfig  stm32h7xx_hal.o
    0x08009ea4   0x08009ea4   0x00000002   Code   RO         2011    i.HAL_TIMEx_Break2Callback  stm32h7xx_hal_tim_ex.o
    0x08009ea6   0x08009ea6   0x00000002   Code   RO         2012    i.HAL_TIMEx_BreakCallback  stm32h7xx_hal_tim_ex.o
    0x08009ea8   0x08009ea8   0x00000002   Code   RO         2013    i.HAL_TIMEx_CommutCallback  stm32h7xx_hal_tim_ex.o
    0x08009eaa   0x08009eaa   0x00000002   PAD
    0x08009eac   0x08009eac   0x000000e4   Code   RO         2034    i.HAL_TIMEx_MasterConfigSynchronization  stm32h7xx_hal_tim_ex.o
    0x08009f90   0x08009f90   0x0000006e   Code   RO         1286    i.HAL_TIM_Base_Init  stm32h7xx_hal_tim.o
    0x08009ffe   0x08009ffe   0x00000002   Code   RO         1288    i.HAL_TIM_Base_MspInit  stm32h7xx_hal_tim.o
    0x0800a000   0x0800a000   0x000000cc   Code   RO         1291    i.HAL_TIM_Base_Start_IT  stm32h7xx_hal_tim.o
    0x0800a0cc   0x0800a0cc   0x00000002   Code   RO         1320    i.HAL_TIM_IC_CaptureCallback  stm32h7xx_hal_tim.o
    0x0800a0ce   0x0800a0ce   0x00000198   Code   RO         1334    i.HAL_TIM_IRQHandler  stm32h7xx_hal_tim.o
    0x0800a266   0x0800a266   0x00000002   PAD
    0x0800a268   0x0800a268   0x000000a0   Code   RO          501    i.HAL_TIM_MspPostInit  tim.o
    0x0800a308   0x0800a308   0x00000002   Code   RO         1337    i.HAL_TIM_OC_DelayElapsedCallback  stm32h7xx_hal_tim.o
    0x0800a30a   0x0800a30a   0x00000170   Code   RO         1358    i.HAL_TIM_PWM_ConfigChannel  stm32h7xx_hal_tim.o
    0x0800a47a   0x0800a47a   0x0000006e   Code   RO         1361    i.HAL_TIM_PWM_Init  stm32h7xx_hal_tim.o
    0x0800a4e8   0x0800a4e8   0x00000058   Code   RO          503    i.HAL_TIM_PWM_MspInit  tim.o
    0x0800a540   0x0800a540   0x00000002   Code   RO         1364    i.HAL_TIM_PWM_PulseFinishedCallback  stm32h7xx_hal_tim.o
    0x0800a542   0x0800a542   0x00000002   PAD
    0x0800a544   0x0800a544   0x0000017c   Code   RO         1366    i.HAL_TIM_PWM_Start  stm32h7xx_hal_tim.o
    0x0800a6c0   0x0800a6c0   0x00000018   Code   RO           14    i.HAL_TIM_PeriodElapsedCallback  main.o
    0x0800a6d8   0x0800a6d8   0x00000002   Code   RO         1377    i.HAL_TIM_TriggerCallback  stm32h7xx_hal_tim.o
    0x0800a6da   0x0800a6da   0x0000004e   Code   RO         6830    i.HAL_UARTEx_DisableFifoMode  stm32h7xx_hal_uart_ex.o
    0x0800a728   0x0800a728   0x00000062   Code   RO         6836    i.HAL_UARTEx_ReceiveToIdle_DMA  stm32h7xx_hal_uart_ex.o
    0x0800a78a   0x0800a78a   0x00000002   PAD
    0x0800a78c   0x0800a78c   0x000000b4   Code   RO        10104    i.HAL_UARTEx_RxEventCallback  bsp_usart.o
    0x0800a840   0x0800a840   0x00000002   Code   RO         6838    i.HAL_UARTEx_RxFifoFullCallback  stm32h7xx_hal_uart_ex.o
    0x0800a842   0x0800a842   0x0000005e   Code   RO         6839    i.HAL_UARTEx_SetRxFifoThreshold  stm32h7xx_hal_uart_ex.o
    0x0800a8a0   0x0800a8a0   0x0000005e   Code   RO         6840    i.HAL_UARTEx_SetTxFifoThreshold  stm32h7xx_hal_uart_ex.o
    0x0800a8fe   0x0800a8fe   0x00000002   Code   RO         6842    i.HAL_UARTEx_TxFifoEmptyCallback  stm32h7xx_hal_uart_ex.o
    0x0800a900   0x0800a900   0x00000002   Code   RO         6843    i.HAL_UARTEx_WakeupCallback  stm32h7xx_hal_uart_ex.o
    0x0800a902   0x0800a902   0x00000002   PAD
    0x0800a904   0x0800a904   0x000000e0   Code   RO         6417    i.HAL_UART_AbortReceive  stm32h7xx_hal_uart.o
    0x0800a9e4   0x0800a9e4   0x0000004c   Code   RO         6427    i.HAL_UART_DeInit   stm32h7xx_hal_uart.o
    0x0800aa30   0x0800aa30   0x00000084   Code   RO        10105    i.HAL_UART_ErrorCallback  bsp_usart.o
    0x0800aab4   0x0800aab4   0x000004b6   Code   RO         6433    i.HAL_UART_IRQHandler  stm32h7xx_hal_uart.o
    0x0800af6a   0x0800af6a   0x00000078   Code   RO         6434    i.HAL_UART_Init     stm32h7xx_hal_uart.o
    0x0800afe2   0x0800afe2   0x00000002   PAD
    0x0800afe4   0x0800afe4   0x000000f8   Code   RO          555    i.HAL_UART_MspDeInit  usart.o
    0x0800b0dc   0x0800b0dc   0x0000047c   Code   RO          556    i.HAL_UART_MspInit  usart.o
    0x0800b558   0x0800b558   0x00000002   Code   RO         6441    i.HAL_UART_RxCpltCallback  stm32h7xx_hal_uart.o
    0x0800b55a   0x0800b55a   0x00000002   Code   RO         6442    i.HAL_UART_RxHalfCpltCallback  stm32h7xx_hal_uart.o
    0x0800b55c   0x0800b55c   0x000000a0   Code   RO         6444    i.HAL_UART_Transmit_DMA  stm32h7xx_hal_uart.o
    0x0800b5fc   0x0800b5fc   0x00000048   Code   RO        10106    i.HAL_UART_TxCpltCallback  bsp_usart.o
    0x0800b644   0x0800b644   0x00000002   Code   RO         6447    i.HAL_UART_TxHalfCpltCallback  stm32h7xx_hal_uart.o
    0x0800b646   0x0800b646   0x00000002   PAD
    0x0800b648   0x0800b648   0x00000130   Code   RO        10938    i.H_K_R_Adjustment  kalman_filter.o
    0x0800b778   0x0800b778   0x00000004   Code   RO          633    i.HardFault_Handler  stm32h7xx_it.o
    0x0800b77c   0x0800b77c   0x00000380   Code   RO         9674    i.IMU_Param_Correction  ins_task.o
    0x0800bafc   0x0800bafc   0x00000238   Code   RO        11021    i.IMU_QuaternionEKF_F_Linearization_P_Fading  quaternionekf.o
    0x0800bd34   0x0800bd34   0x00000130   Code   RO        11022    i.IMU_QuaternionEKF_Init  quaternionekf.o
    0x0800be64   0x0800be64   0x00000034   Code   RO        11023    i.IMU_QuaternionEKF_Observe  quaternionekf.o
    0x0800be98   0x0800be98   0x00000128   Code   RO        11024    i.IMU_QuaternionEKF_SetH  quaternionekf.o
    0x0800bfc0   0x0800bfc0   0x0000062c   Code   RO        11025    i.IMU_QuaternionEKF_Update  quaternionekf.o
    0x0800c5ec   0x0800c5ec   0x00000508   Code   RO        11026    i.IMU_QuaternionEKF_xhatUpdate  quaternionekf.o
    0x0800caf4   0x0800caf4   0x00000074   Code   RO         9675    i.IMU_Temperature_Ctrl  ins_task.o
    0x0800cb68   0x0800cb68   0x000000e0   Code   RO         9676    i.INS_Init          ins_task.o
    0x0800cc48   0x0800cc48   0x0000054c   Code   RO         9677    i.INS_Task          ins_task.o
    0x0800d194   0x0800d194   0x000000f8   Code   RO         9678    i.INS_task          ins_task.o
    0x0800d28c   0x0800d28c   0x0000003e   Code   RO          910    i.IntToUnicode      usbd_desc.o
    0x0800d2ca   0x0800d2ca   0x00000002   PAD
    0x0800d2cc   0x0800d2cc   0x0000070c   Code   RO        10939    i.Kalman_Filter_Init  kalman_filter.o
    0x0800d9d8   0x0800d9d8   0x00000050   Code   RO        10940    i.Kalman_Filter_Measure  kalman_filter.o
    0x0800da28   0x0800da28   0x00000068   Code   RO        10941    i.Kalman_Filter_P_Update  kalman_filter.o
    0x0800da90   0x0800da90   0x00000068   Code   RO        10942    i.Kalman_Filter_PminusUpdate  kalman_filter.o
    0x0800daf8   0x0800daf8   0x000000d2   Code   RO        10943    i.Kalman_Filter_SetK  kalman_filter.o
    0x0800dbca   0x0800dbca   0x00000002   PAD
    0x0800dbcc   0x0800dbcc   0x00000128   Code   RO        10944    i.Kalman_Filter_Update  kalman_filter.o
    0x0800dcf4   0x0800dcf4   0x0000007c   Code   RO        10945    i.Kalman_Filter_xhatMinusUpdate  kalman_filter.o
    0x0800dd70   0x0800dd70   0x00000086   Code   RO        10946    i.Kalman_Filter_xhatUpdate  kalman_filter.o
    0x0800ddf6   0x0800ddf6   0x0000000e   Code   RO        10299    i.LED_Normal        bsp_led.o
    0x0800de04   0x0800de04   0x0000000e   Code   RO        10300    i.LED_RC_Disconnected  bsp_led.o
    0x0800de12   0x0800de12   0x0000000e   Code   RO        10301    i.LED_Warning       bsp_led.o
    0x0800de20   0x0800de20   0x000000d0   Code   RO          374    i.MX_DMA_Init       dma.o
    0x0800def0   0x0800def0   0x00000084   Code   RO          400    i.MX_FDCAN1_Init    fdcan.o
    0x0800df74   0x0800df74   0x00000088   Code   RO          401    i.MX_FDCAN2_Init    fdcan.o
    0x0800dffc   0x0800dffc   0x00000088   Code   RO          402    i.MX_FDCAN3_Init    fdcan.o
    0x0800e084   0x0800e084   0x000000d4   Code   RO          325    i.MX_FREERTOS_Init  freertos.o
    0x0800e158   0x0800e158   0x00000118   Code   RO          300    i.MX_GPIO_Init      gpio.o
    0x0800e270   0x0800e270   0x00000064   Code   RO          455    i.MX_SPI2_Init      spi.o
    0x0800e2d4   0x0800e2d4   0x00000064   Code   RO          456    i.MX_SPI6_Init      spi.o
    0x0800e338   0x0800e338   0x00000080   Code   RO          504    i.MX_TIM12_Init     tim.o
    0x0800e3b8   0x0800e3b8   0x00000080   Code   RO          505    i.MX_TIM3_Init      tim.o
    0x0800e438   0x0800e438   0x00000074   Code   RO          557    i.MX_UART5_Init     usart.o
    0x0800e4ac   0x0800e4ac   0x0000006c   Code   RO          558    i.MX_UART7_Init     usart.o
    0x0800e518   0x0800e518   0x0000006c   Code   RO          559    i.MX_USART10_UART_Init  usart.o
    0x0800e584   0x0800e584   0x0000006c   Code   RO          560    i.MX_USART2_UART_Init  usart.o
    0x0800e5f0   0x0800e5f0   0x00000050   Code   RO          874    i.MX_USB_DEVICE_Init  usb_device.o
    0x0800e640   0x0800e640   0x00000004   Code   RO          634    i.MemManage_Handler  stm32h7xx_it.o
    0x0800e644   0x0800e644   0x00000004   Code   RO          635    i.NMI_Handler       stm32h7xx_it.o
    0x0800e648   0x0800e648   0x00000248   Code   RO        10586    i.OLS_Derivative    user_lib.o
    0x0800e890   0x0800e890   0x00000058   Code   RO        10587    i.OLS_Init          user_lib.o
    0x0800e8e8   0x0800e8e8   0x00000010   Code   RO          636    i.OTG_HS_IRQHandler  stm32h7xx_it.o
    0x0800e8f8   0x0800e8f8   0x00000064   Code   RO         2348    i.PCD_EP_OutSetupPacket_int  stm32h7xx_hal_pcd.o
    0x0800e95c   0x0800e95c   0x00000144   Code   RO         2349    i.PCD_EP_OutXfrComplete_int  stm32h7xx_hal_pcd.o
    0x0800eaa0   0x0800eaa0   0x000000b6   Code   RO         2350    i.PCD_WriteEmptyTxFifo  stm32h7xx_hal_pcd.o
    0x0800eb56   0x0800eb56   0x000002cc   Code   RO        10813    i.PID_Calculate     controller.o
    0x0800ee22   0x0800ee22   0x00000002   PAD
    0x0800ee24   0x0800ee24   0x000000a8   Code   RO        10814    i.PID_Init1         controller.o
    0x0800eecc   0x0800eecc   0x00000120   Code   RO        10714    i.PID_calc          pid.o
    0x0800efec   0x0800efec   0x00000120   Code   RO        10715    i.PID_calc_chassis  pid.o
    0x0800f10c   0x0800f10c   0x0000004c   Code   RO        10716    i.PID_clear         pid.o
    0x0800f158   0x0800f158   0x00000050   Code   RO        10718    i.PID_init          pid.o
    0x0800f1a8   0x0800f1a8   0x00000164   Code   RO         3062    i.RCCEx_PLL2_Config  stm32h7xx_hal_rcc_ex.o
    0x0800f30c   0x0800f30c   0x00000164   Code   RO         3063    i.RCCEx_PLL3_Config  stm32h7xx_hal_rcc_ex.o
    0x0800f470   0x0800f470   0x000000f4   Code   RO        11156    i.Referee_GetFrame  circular_buffer.o
    0x0800f564   0x0800f564   0x00000010   Code   RO          637    i.SPI2_IRQHandler   stm32h7xx_it.o
    0x0800f574   0x0800f574   0x000000d6   Code   RO         6102    i.SPI_CloseTransfer  stm32h7xx_hal_spi.o
    0x0800f64a   0x0800f64a   0x0000001c   Code   RO         6103    i.SPI_DMAAbortOnError  stm32h7xx_hal_spi.o
    0x0800f666   0x0800f666   0x0000001a   Code   RO         6113    i.SPI_GetPacketSize  stm32h7xx_hal_spi.o
    0x0800f680   0x0800f680   0x00000042   Code   RO         6120    i.SPI_WaitOnFlagUntilTimeout  stm32h7xx_hal_spi.o
    0x0800f6c2   0x0800f6c2   0x00000012   Code   RO         8994    i.SWAPBYTE          usbd_ctlreq.o
    0x0800f6d4   0x0800f6d4   0x0000000e   Code   RO          326    i.StartDefaultTask  freertos.o
    0x0800f6e2   0x0800f6e2   0x00000016   Code   RO         8163    i.SysTick_Handler   cmsis_os2.o
    0x0800f6f8   0x0800f6f8   0x000000bc   Code   RO           15    i.SystemClock_Config  main.o
    0x0800f7b4   0x0800f7b4   0x0000010c   Code   RO         6955    i.SystemInit        system_stm32h7xx.o
    0x0800f8c0   0x0800f8c0   0x00000010   Code   RO          638    i.TIM23_IRQHandler  stm32h7xx_it.o
    0x0800f8d0   0x0800f8d0   0x000000e8   Code   RO         1379    i.TIM_Base_SetConfig  stm32h7xx_hal_tim.o
    0x0800f9b8   0x0800f9b8   0x00000022   Code   RO         1380    i.TIM_CCxChannelCmd  stm32h7xx_hal_tim.o
    0x0800f9da   0x0800f9da   0x00000002   PAD
    0x0800f9dc   0x0800f9dc   0x000000ac   Code   RO         1392    i.TIM_OC1_SetConfig  stm32h7xx_hal_tim.o
    0x0800fa88   0x0800fa88   0x000000b4   Code   RO         1393    i.TIM_OC2_SetConfig  stm32h7xx_hal_tim.o
    0x0800fb3c   0x0800fb3c   0x000000b4   Code   RO         1394    i.TIM_OC3_SetConfig  stm32h7xx_hal_tim.o
    0x0800fbf0   0x0800fbf0   0x00000074   Code   RO         1395    i.TIM_OC4_SetConfig  stm32h7xx_hal_tim.o
    0x0800fc64   0x0800fc64   0x00000070   Code   RO         1396    i.TIM_OC5_SetConfig  stm32h7xx_hal_tim.o
    0x0800fcd4   0x0800fcd4   0x00000070   Code   RO         1397    i.TIM_OC6_SetConfig  stm32h7xx_hal_tim.o
    0x0800fd44   0x0800fd44   0x0000003a   Code   RO        10272    i.TIM_Set_PWM       bsp_pwm.o
    0x0800fd7e   0x0800fd7e   0x00000002   PAD
    0x0800fd80   0x0800fd80   0x000000d8   Code   RO        11825    i.Total_3508motor_Power_Control  control_power.o
    0x0800fe58   0x0800fe58   0x00000010   Code   RO          639    i.UART5_IRQHandler  stm32h7xx_it.o
    0x0800fe68   0x0800fe68   0x00000010   Code   RO          640    i.UART7_IRQHandler  stm32h7xx_it.o
    0x0800fe78   0x0800fe78   0x00000058   Code   RO         6844    i.UARTEx_SetNbDataToProcess  stm32h7xx_hal_uart_ex.o
    0x0800fed0   0x0800fed0   0x000000f8   Code   RO         6448    i.UART_AdvFeatureConfig  stm32h7xx_hal_uart.o
    0x0800ffc8   0x0800ffc8   0x000000ea   Code   RO         6449    i.UART_CheckIdleState  stm32h7xx_hal_uart.o
    0x080100b2   0x080100b2   0x00000014   Code   RO         6450    i.UART_DMAAbortOnError  stm32h7xx_hal_uart.o
    0x080100c6   0x080100c6   0x0000005e   Code   RO         6451    i.UART_DMAError     stm32h7xx_hal_uart.o
    0x08010124   0x08010124   0x000000ae   Code   RO         6452    i.UART_DMAReceiveCplt  stm32h7xx_hal_uart.o
    0x080101d2   0x080101d2   0x00000026   Code   RO         6454    i.UART_DMARxHalfCplt  stm32h7xx_hal_uart.o
    0x080101f8   0x080101f8   0x00000054   Code   RO         6456    i.UART_DMATransmitCplt  stm32h7xx_hal_uart.o
    0x0801024c   0x0801024c   0x0000000e   Code   RO         6458    i.UART_DMATxHalfCplt  stm32h7xx_hal_uart.o
    0x0801025a   0x0801025a   0x00000002   PAD
    0x0801025c   0x0801025c   0x0000006c   Code   RO         6460    i.UART_EndRxTransfer  stm32h7xx_hal_uart.o
    0x080102c8   0x080102c8   0x00000030   Code   RO         6461    i.UART_EndTransmit_IT  stm32h7xx_hal_uart.o
    0x080102f8   0x080102f8   0x00000040   Code   RO         6462    i.UART_EndTxTransfer  stm32h7xx_hal_uart.o
    0x08010338   0x08010338   0x00000628   Code   RO         6467    i.UART_SetConfig    stm32h7xx_hal_uart.o
    0x08010960   0x08010960   0x000000c8   Code   RO         6468    i.UART_Start_Receive_DMA  stm32h7xx_hal_uart.o
    0x08010a28   0x08010a28   0x000000ac   Code   RO         6474    i.UART_WaitOnFlagUntilTimeout  stm32h7xx_hal_uart.o
    0x08010ad4   0x08010ad4   0x00000010   Code   RO          641    i.USART10_IRQHandler  stm32h7xx_it.o
    0x08010ae4   0x08010ae4   0x00000010   Code   RO          642    i.USART2_IRQHandler  stm32h7xx_it.o
    0x08010af4   0x08010af4   0x000000c4   Code   RO         9165    i.USBD_CDC_DataIn   usbd_cdc.o
    0x08010bb8   0x08010bb8   0x00000048   Code   RO         9166    i.USBD_CDC_DataOut  usbd_cdc.o
    0x08010c00   0x08010c00   0x000000d4   Code   RO         9167    i.USBD_CDC_DeInit   usbd_cdc.o
    0x08010cd4   0x08010cd4   0x00000050   Code   RO         9168    i.USBD_CDC_EP0_RxReady  usbd_cdc.o
    0x08010d24   0x08010d24   0x00000010   Code   RO         9169    i.USBD_CDC_GetDeviceQualifierDescriptor  usbd_cdc.o
    0x08010d34   0x08010d34   0x00000044   Code   RO         9170    i.USBD_CDC_GetFSCfgDesc  usbd_cdc.o
    0x08010d78   0x08010d78   0x00000048   Code   RO         9171    i.USBD_CDC_GetHSCfgDesc  usbd_cdc.o
    0x08010dc0   0x08010dc0   0x00000044   Code   RO         9172    i.USBD_CDC_GetOtherSpeedCfgDesc  usbd_cdc.o
    0x08010e04   0x08010e04   0x000001a0   Code   RO         9173    i.USBD_CDC_Init     usbd_cdc.o
    0x08010fa4   0x08010fa4   0x00000050   Code   RO         9174    i.USBD_CDC_ReceivePacket  usbd_cdc.o
    0x08010ff4   0x08010ff4   0x00000018   Code   RO         9175    i.USBD_CDC_RegisterInterface  usbd_cdc.o
    0x0801100c   0x0801100c   0x0000001e   Code   RO         9176    i.USBD_CDC_SetRxBuffer  usbd_cdc.o
    0x0801102a   0x0801102a   0x00000024   Code   RO         9177    i.USBD_CDC_SetTxBuffer  usbd_cdc.o
    0x0801104e   0x0801104e   0x00000140   Code   RO         9178    i.USBD_CDC_Setup    usbd_cdc.o
    0x0801118e   0x0801118e   0x00000002   PAD
    0x08011190   0x08011190   0x0000005c   Code   RO         9179    i.USBD_CDC_TransmitPacket  usbd_cdc.o
    0x080111ec   0x080111ec   0x0000001c   Code   RO         8828    i.USBD_ClrClassConfig  usbd_core.o
    0x08011208   0x08011208   0x0000003e   Code   RO         8995    i.USBD_ClrFeature   usbd_ctlreq.o
    0x08011246   0x08011246   0x00000006   Code   RO         8829    i.USBD_CoreFindEP   usbd_core.o
    0x0801124c   0x0801124c   0x00000006   Code   RO         8830    i.USBD_CoreFindIF   usbd_core.o
    0x08011252   0x08011252   0x00000018   Code   RO         9101    i.USBD_CtlContinueRx  usbd_ioreq.o
    0x0801126a   0x0801126a   0x00000018   Code   RO         9102    i.USBD_CtlContinueSendData  usbd_ioreq.o
    0x08011282   0x08011282   0x00000018   Code   RO         8996    i.USBD_CtlError     usbd_ctlreq.o
    0x0801129a   0x0801129a   0x00000028   Code   RO         9103    i.USBD_CtlPrepareRx  usbd_ioreq.o
    0x080112c2   0x080112c2   0x0000001a   Code   RO         9104    i.USBD_CtlReceiveStatus  usbd_ioreq.o
    0x080112dc   0x080112dc   0x00000022   Code   RO         9105    i.USBD_CtlSendData  usbd_ioreq.o
    0x080112fe   0x080112fe   0x0000001a   Code   RO         9106    i.USBD_CtlSendStatus  usbd_ioreq.o
    0x08011318   0x08011318   0x00000056   Code   RO         8997    i.USBD_GetConfig    usbd_ctlreq.o
    0x0801136e   0x0801136e   0x00000232   Code   RO         8998    i.USBD_GetDescriptor  usbd_ctlreq.o
    0x080115a0   0x080115a0   0x00000050   Code   RO         8832    i.USBD_GetEpDesc    usbd_core.o
    0x080115f0   0x080115f0   0x00000016   Code   RO         8999    i.USBD_GetLen       usbd_ctlreq.o
    0x08011606   0x08011606   0x00000014   Code   RO         8833    i.USBD_GetNextDesc  usbd_core.o
    0x0801161a   0x0801161a   0x0000005a   Code   RO         9000    i.USBD_GetStatus    usbd_ctlreq.o
    0x08011674   0x08011674   0x00000068   Code   RO         9001    i.USBD_GetString    usbd_ctlreq.o
    0x080116dc   0x080116dc   0x0000002c   Code   RO         1086    i.USBD_Get_USB_Status  usbd_conf.o
    0x08011708   0x08011708   0x00000034   Code   RO          911    i.USBD_HS_ConfigStrDescriptor  usbd_desc.o
    0x0801173c   0x0801173c   0x00000010   Code   RO          912    i.USBD_HS_DeviceDescriptor  usbd_desc.o
    0x0801174c   0x0801174c   0x00000038   Code   RO          913    i.USBD_HS_InterfaceStrDescriptor  usbd_desc.o
    0x08011784   0x08011784   0x00000010   Code   RO          914    i.USBD_HS_LangIDStrDescriptor  usbd_desc.o
    0x08011794   0x08011794   0x0000002c   Code   RO          915    i.USBD_HS_ManufacturerStrDescriptor  usbd_desc.o
    0x080117c0   0x080117c0   0x00000040   Code   RO          916    i.USBD_HS_ProductStrDescriptor  usbd_desc.o
    0x08011800   0x08011800   0x00000018   Code   RO          917    i.USBD_HS_SerialStrDescriptor  usbd_desc.o
    0x08011818   0x08011818   0x0000003a   Code   RO         8834    i.USBD_Init         usbd_core.o
    0x08011852   0x08011852   0x00000026   Code   RO         1087    i.USBD_LL_ClearStallEP  usbd_conf.o
    0x08011878   0x08011878   0x00000026   Code   RO         1088    i.USBD_LL_CloseEP   usbd_conf.o
    0x0801189e   0x0801189e   0x00000108   Code   RO         8835    i.USBD_LL_DataInStage  usbd_core.o
    0x080119a6   0x080119a6   0x00000102   Code   RO         8836    i.USBD_LL_DataOutStage  usbd_core.o
    0x08011aa8   0x08011aa8   0x00000006   Code   RO         8837    i.USBD_LL_DevConnected  usbd_core.o
    0x08011aae   0x08011aae   0x00000026   Code   RO         8838    i.USBD_LL_DevDisconnected  usbd_core.o
    0x08011ad4   0x08011ad4   0x00000012   Code   RO         1092    i.USBD_LL_GetRxDataSize  usbd_conf.o
    0x08011ae6   0x08011ae6   0x00000002   PAD
    0x08011ae8   0x08011ae8   0x00000070   Code   RO         1093    i.USBD_LL_Init      usbd_conf.o
    0x08011b58   0x08011b58   0x00000038   Code   RO         1094    i.USBD_LL_IsStallEP  usbd_conf.o
    0x08011b90   0x08011b90   0x00000048   Code   RO         8839    i.USBD_LL_IsoINIncomplete  usbd_core.o
    0x08011bd8   0x08011bd8   0x00000048   Code   RO         8840    i.USBD_LL_IsoOUTIncomplete  usbd_core.o
    0x08011c20   0x08011c20   0x00000030   Code   RO         1095    i.USBD_LL_OpenEP    usbd_conf.o
    0x08011c50   0x08011c50   0x00000030   Code   RO         1096    i.USBD_LL_PrepareReceive  usbd_conf.o
    0x08011c80   0x08011c80   0x0000006c   Code   RO         8841    i.USBD_LL_Reset     usbd_core.o
    0x08011cec   0x08011cec   0x00000016   Code   RO         8842    i.USBD_LL_Resume    usbd_core.o
    0x08011d02   0x08011d02   0x00000028   Code   RO         8843    i.USBD_LL_SOF       usbd_core.o
    0x08011d2a   0x08011d2a   0x00000008   Code   RO         8844    i.USBD_LL_SetSpeed  usbd_core.o
    0x08011d32   0x08011d32   0x00000026   Code   RO         1097    i.USBD_LL_SetUSBAddress  usbd_conf.o
    0x08011d58   0x08011d58   0x00000076   Code   RO         8845    i.USBD_LL_SetupStage  usbd_core.o
    0x08011dce   0x08011dce   0x00000026   Code   RO         1098    i.USBD_LL_StallEP   usbd_conf.o
    0x08011df4   0x08011df4   0x0000001e   Code   RO         1099    i.USBD_LL_Start     usbd_conf.o
    0x08011e12   0x08011e12   0x0000001c   Code   RO         8846    i.USBD_LL_Suspend   usbd_core.o
    0x08011e2e   0x08011e2e   0x00000030   Code   RO         1101    i.USBD_LL_Transmit  usbd_conf.o
    0x08011e5e   0x08011e5e   0x00000036   Code   RO         9002    i.USBD_ParseSetupRequest  usbd_ctlreq.o
    0x08011e94   0x08011e94   0x00000048   Code   RO         8847    i.USBD_RegisterClass  usbd_core.o
    0x08011edc   0x08011edc   0x00000006   Code   RO         8848    i.USBD_RunTestMode  usbd_core.o
    0x08011ee2   0x08011ee2   0x0000005a   Code   RO         9003    i.USBD_SetAddress   usbd_ctlreq.o
    0x08011f3c   0x08011f3c   0x00000020   Code   RO         8849    i.USBD_SetClassConfig  usbd_core.o
    0x08011f5c   0x08011f5c   0x00000104   Code   RO         9004    i.USBD_SetConfig    usbd_ctlreq.o
    0x08012060   0x08012060   0x00000038   Code   RO         9005    i.USBD_SetFeature   usbd_ctlreq.o
    0x08012098   0x08012098   0x0000000c   Code   RO         8850    i.USBD_Start        usbd_core.o
    0x080120a4   0x080120a4   0x000000ae   Code   RO         9006    i.USBD_StdDevReq    usbd_ctlreq.o
    0x08012152   0x08012152   0x00000280   Code   RO         9007    i.USBD_StdEPReq     usbd_ctlreq.o
    0x080123d2   0x080123d2   0x000000ae   Code   RO         9008    i.USBD_StdItfReq    usbd_ctlreq.o
    0x08012480   0x08012480   0x00000002   Code   RO         1102    i.USBD_static_free  usbd_conf.o
    0x08012482   0x08012482   0x00000002   PAD
    0x08012484   0x08012484   0x0000000c   Code   RO         1103    i.USBD_static_malloc  usbd_conf.o
    0x08012490   0x08012490   0x000000d0   Code   RO         2624    i.USB_ActivateEndpoint  stm32h7xx_ll_usb.o
    0x08012560   0x08012560   0x00000028   Code   RO         2626    i.USB_ActivateSetup  stm32h7xx_ll_usb.o
    0x08012588   0x08012588   0x000000a0   Code   RO         2628    i.USB_CoreInit      stm32h7xx_ll_usb.o
    0x08012628   0x08012628   0x00000054   Code   RO         2629    i.USB_CoreReset     stm32h7xx_ll_usb.o
    0x0801267c   0x0801267c   0x0000014c   Code   RO         2632    i.USB_DeactivateEndpoint  stm32h7xx_ll_usb.o
    0x080127c8   0x080127c8   0x00000024   Code   RO         2633    i.USB_DevConnect    stm32h7xx_ll_usb.o
    0x080127ec   0x080127ec   0x00000024   Code   RO         2634    i.USB_DevDisconnect  stm32h7xx_ll_usb.o
    0x08012810   0x08012810   0x000001e0   Code   RO         2635    i.USB_DevInit       stm32h7xx_ll_usb.o
    0x080129f0   0x080129f0   0x0000000e   Code   RO         2636    i.USB_DisableGlobalInt  stm32h7xx_ll_usb.o
    0x080129fe   0x080129fe   0x00000002   PAD
    0x08012a00   0x08012a00   0x00000070   Code   RO         2639    i.USB_EP0_OutStart  stm32h7xx_ll_usb.o
    0x08012a70   0x08012a70   0x0000008e   Code   RO         2640    i.USB_EPClearStall  stm32h7xx_ll_usb.o
    0x08012afe   0x08012afe   0x0000009a   Code   RO         2641    i.USB_EPSetStall    stm32h7xx_ll_usb.o
    0x08012b98   0x08012b98   0x000003c0   Code   RO         2642    i.USB_EPStartXfer   stm32h7xx_ll_usb.o
    0x08012f58   0x08012f58   0x000000ec   Code   RO         2643    i.USB_EPStopXfer    stm32h7xx_ll_usb.o
    0x08013044   0x08013044   0x0000000e   Code   RO         2644    i.USB_EnableGlobalInt  stm32h7xx_ll_usb.o
    0x08013052   0x08013052   0x00000050   Code   RO         2645    i.USB_FlushRxFifo   stm32h7xx_ll_usb.o
    0x080130a2   0x080130a2   0x00000054   Code   RO         2646    i.USB_FlushTxFifo   stm32h7xx_ll_usb.o
    0x080130f6   0x080130f6   0x00000026   Code   RO         2648    i.USB_GetDevSpeed   stm32h7xx_ll_usb.o
    0x0801311c   0x0801311c   0x0000000a   Code   RO         2650    i.USB_GetMode       stm32h7xx_ll_usb.o
    0x08013126   0x08013126   0x00000014   Code   RO         2658    i.USB_ReadDevAllInEpInterrupt  stm32h7xx_ll_usb.o
    0x0801313a   0x0801313a   0x00000014   Code   RO         2659    i.USB_ReadDevAllOutEpInterrupt  stm32h7xx_ll_usb.o
    0x0801314e   0x0801314e   0x00000032   Code   RO         2660    i.USB_ReadDevInEPInterrupt  stm32h7xx_ll_usb.o
    0x08013180   0x08013180   0x0000001a   Code   RO         2661    i.USB_ReadDevOutEPInterrupt  stm32h7xx_ll_usb.o
    0x0801319a   0x0801319a   0x0000000a   Code   RO         2662    i.USB_ReadInterrupts  stm32h7xx_ll_usb.o
    0x080131a4   0x080131a4   0x00000060   Code   RO         2663    i.USB_ReadPacket    stm32h7xx_ll_usb.o
    0x08013204   0x08013204   0x00000068   Code   RO         2665    i.USB_SetCurrentMode  stm32h7xx_ll_usb.o
    0x0801326c   0x0801326c   0x0000002a   Code   RO         2666    i.USB_SetDevAddress  stm32h7xx_ll_usb.o
    0x08013296   0x08013296   0x00000012   Code   RO         2667    i.USB_SetDevSpeed   stm32h7xx_ll_usb.o
    0x080132a8   0x080132a8   0x000000e8   Code   RO         2668    i.USB_SetTurnaroundTime  stm32h7xx_ll_usb.o
    0x08013390   0x08013390   0x00000044   Code   RO         2671    i.USB_WritePacket   stm32h7xx_ll_usb.o
    0x080133d4   0x080133d4   0x00000024   Code   RO        10107    i.Upper_Computer_Init  bsp_usart.o
    0x080133f8   0x080133f8   0x00000004   Code   RO          643    i.UsageFault_Handler  stm32h7xx_it.o
    0x080133fc   0x080133fc   0x000000b0   Code   RO        10302    i.WS2812_Ctrl       bsp_led.o
    0x080134ac   0x080134ac   0x00000030   Code   RO        12803    i.__ARM_fpclassify  m_wv.l(fpclassify.o)
    0x080134dc   0x080134dc   0x00000026   Code   RO        12694    i.__ARM_fpclassifyf  m_wv.l(fpclassifyf.o)
    0x08013502   0x08013502   0x00000002   PAD
    0x08013504   0x08013504   0x00000010   Code   RO         4370    i.__NVIC_GetPriorityGrouping  stm32h7xx_hal_cortex.o
    0x08013514   0x08013514   0x00000028   Code   RO         4371    i.__NVIC_SetPriority  stm32h7xx_hal_cortex.o
    0x0801353c   0x0801353c   0x00000006   Code   RO         8165    i.__get_IPSR        cmsis_os2.o
    0x08013542   0x08013542   0x00000002   PAD
    0x08013544   0x08013544   0x00000124   Code   RO        12384    i.__hardfp_acosf    m_wv.l(acosf.o)
    0x08013668   0x08013668   0x00000138   Code   RO        12396    i.__hardfp_asinf    m_wv.l(asinf.o)
    0x080137a0   0x080137a0   0x000002b4   Code   RO        12408    i.__hardfp_atan2f   m_wv.l(atan2f.o)
    0x08013a54   0x08013a54   0x00000004   PAD
    0x08013a58   0x08013a58   0x000000b0   Code   RO        12420    i.__hardfp_cos      m_wv.l(cos.o)
    0x08013b08   0x08013b08   0x000000b0   Code   RO        12442    i.__hardfp_fmodf    m_wv.l(fmodf.o)
    0x08013bb8   0x08013bb8   0x000000b0   Code   RO        12454    i.__hardfp_sin      m_wv.l(sin.o)
    0x08013c68   0x08013c68   0x00000066   Code   RO        12466    i.__hardfp_sqrt     m_wv.l(sqrt_full.o)
    0x08013cce   0x08013cce   0x0000003a   Code   RO        12472    i.__hardfp_sqrtf    m_wv.l(sqrtf_full.o)
    0x08013d08   0x08013d08   0x00000310   Code   RO        12710    i.__ieee754_rem_pio2  m_wv.l(rred.o)
    0x08014018   0x08014018   0x000000e0   Code   RO        12677    i.__kernel_cos      m_wv.l(cos_i.o)
    0x080140f8   0x080140f8   0x00000070   Code   RO        12805    i.__kernel_poly     m_wv.l(poly.o)
    0x08014168   0x08014168   0x000000a8   Code   RO        12715    i.__kernel_sin      m_wv.l(sin_i.o)
    0x08014210   0x08014210   0x00000018   Code   RO        12683    i.__mathlib_dbl_invalid  m_wv.l(dunder.o)
    0x08014228   0x08014228   0x00000018   Code   RO        12686    i.__mathlib_dbl_underflow  m_wv.l(dunder.o)
    0x08014240   0x08014240   0x00000006   Code   RO        12697    i.__mathlib_flt_infnan  m_wv.l(funder.o)
    0x08014246   0x08014246   0x00000006   Code   RO        12698    i.__mathlib_flt_infnan2  m_wv.l(funder.o)
    0x0801424c   0x0801424c   0x00000010   Code   RO        12699    i.__mathlib_flt_invalid  m_wv.l(funder.o)
    0x0801425c   0x0801425c   0x00000010   Code   RO        12702    i.__mathlib_flt_underflow  m_wv.l(funder.o)
    0x0801426c   0x0801426c   0x00000030   Code   RO        10588    i.abs_limit         user_lib.o
    0x0801429c   0x0801429c   0x0000013c   Code   RO        10387    i.bmi088_accel_init  bmi088driver.o
    0x080143d8   0x080143d8   0x0000030c   Code   RO        10388    i.bmi088_accel_self_test  bmi088driver.o
    0x080146e4   0x080146e4   0x000000fc   Code   RO        10389    i.bmi088_gyro_init  bmi088driver.o
    0x080147e0   0x080147e0   0x000000d0   Code   RO        10390    i.bmi088_gyro_self_test  bmi088driver.o
    0x080148b0   0x080148b0   0x00000044   Code   RO         9969    i.bsp_can_init      bsp_can.o
    0x080148f4   0x080148f4   0x0000000c   Code   RO        10108    i.bsp_usart5_set_callback  bsp_usart.o
    0x08014900   0x08014900   0x0000007c   Code   RO         9970    i.can_filter_init   bsp_can.o
    0x0801497c   0x0801497c   0x0000005a   Code   RO        11527    i.chassis_behaviour_control_set  chassis_behaviour.o
    0x080149d6   0x080149d6   0x00000002   PAD
    0x080149d8   0x080149d8   0x00000070   Code   RO        11528    i.chassis_behaviour_mode_set  chassis_behaviour.o
    0x08014a48   0x08014a48   0x000001c4   Code   RO         9274    i.chassis_control_loop  chassis_task.o
    0x08014c0c   0x08014c0c   0x000000f8   Code   RO         9275    i.chassis_feedback_update  chassis_task.o
    0x08014d04   0x08014d04   0x000001c8   Code   RO        11529    i.chassis_follow_gimbal_yaw_control  chassis_behaviour.o
    0x08014ecc   0x08014ecc   0x000000f0   Code   RO         9276    i.chassis_init      chassis_task.o
    0x08014fbc   0x08014fbc   0x00000078   Code   RO        11530    i.chassis_no_follow_yaw_control  chassis_behaviour.o
    0x08015034   0x08015034   0x00000024   Code   RO        11531    i.chassis_no_move_control  chassis_behaviour.o
    0x08015058   0x08015058   0x00000008   Code   RO        11532    i.chassis_open_set_control  chassis_behaviour.o
    0x08015060   0x08015060   0x00000188   Code   RO        11533    i.chassis_rc_to_control_vector  chassis_behaviour.o
    0x080151e8   0x080151e8   0x00000010   Code   RO         9277    i.chassis_set_contorl  chassis_task.o
    0x080151f8   0x080151f8   0x00000010   Code   RO         9278    i.chassis_set_mode  chassis_task.o
    0x08015208   0x08015208   0x00000084   Code   RO         9279    i.chassis_task      chassis_task.o
    0x0801528c   0x0801528c   0x00000190   Code   RO        11534    i.chassis_top_control  chassis_behaviour.o
    0x0801541c   0x0801541c   0x00000050   Code   RO         9280    i.chassis_vector_to_mecanum_wheel_speed  chassis_task.o
    0x0801546c   0x0801546c   0x00000024   Code   RO        11535    i.chassis_zero_force_control  chassis_behaviour.o
    0x08015490   0x08015490   0x00000054   Code   RO         9834    i.detect_bullet_count  shoot_task.o
    0x080154e4   0x080154e4   0x00000124   Code   RO         9496    i.detect_hook       detect_task.o
    0x08015608   0x08015608   0x00000168   Code   RO         9497    i.detect_init       detect_task.o
    0x08015770   0x08015770   0x00000288   Code   RO         9498    i.detect_task       detect_task.o
    0x080159f8   0x080159f8   0x000000f0   Code   RO        10817    i.f_Changing_Integration_Rate  controller.o
    0x08015ae8   0x08015ae8   0x00000056   Code   RO        10818    i.f_Derivative_Filter  controller.o
    0x08015b3e   0x08015b3e   0x000000f4   Code   RO        10819    i.f_Derivative_On_Measurement  controller.o
    0x08015c32   0x08015c32   0x00000002   PAD
    0x08015c34   0x08015c34   0x000000ec   Code   RO        10820    i.f_Integral_Limit  controller.o
    0x08015d20   0x08015d20   0x00000056   Code   RO        10821    i.f_Output_Filter   controller.o
    0x08015d76   0x08015d76   0x00000046   Code   RO        10822    i.f_Output_Limit    controller.o
    0x08015dbc   0x08015dbc   0x000000b4   Code   RO        10823    i.f_PID_ErrorHandle  controller.o
    0x08015e70   0x08015e70   0x00000046   Code   RO        10824    i.f_Proportion_Limit  controller.o
    0x08015eb6   0x08015eb6   0x00000080   Code   RO        10825    i.f_Trapezoid_Intergral  controller.o
    0x08015f36   0x08015f36   0x00000018   Code   RO        12799    i.fabs              m_wv.l(fabs.o)
    0x08015f4e   0x08015f4e   0x0000000a   Code   RO         9679    i.fabsf             ins_task.o
    0x08015f58   0x08015f58   0x0000000a   Code   RO         9894    i.fabsf             hoisting_task.o
    0x08015f62   0x08015f62   0x00000054   Code   RO        10589    i.first_order_filter_cali  user_lib.o
    0x08015fb6   0x08015fb6   0x00000002   PAD
    0x08015fb8   0x08015fb8   0x00000024   Code   RO        10590    i.first_order_filter_init  user_lib.o
    0x08015fdc   0x08015fdc   0x0000002a   Code   RO        10591    i.float_constrain   user_lib.o
    0x08016006   0x08016006   0x00000002   PAD
    0x08016008   0x08016008   0x00000048   Code   RO        10592    i.float_rounding    user_lib.o
    0x08016050   0x08016050   0x00000034   Code   RO        11091    i.get_CRC16_check_sum  crc.o
    0x08016084   0x08016084   0x00000024   Code   RO        11092    i.get_CRC8_check_sum  crc.o
    0x080160a8   0x080160a8   0x00000058   Code   RO        11760    i.get_GQ_motor_measure  gq_motor.o
    0x08016100   0x08016100   0x00000018   Code   RO        11223    i.get_chassis_motor_measure_point  can_receive.o
    0x08016118   0x08016118   0x00000034   Code   RO        11462    i.get_crc16_check_sum  remote_control.o
    0x0801614c   0x0801614c   0x00000080   Code   RO        11761    i.get_fdcan_dlc     gq_motor.o
    0x080161cc   0x080161cc   0x00000008   Code   RO        11224    i.get_left_friction_motor_measure_point  can_receive.o
    0x080161d4   0x080161d4   0x00000008   Code   RO        11225    i.get_pitch_gimbal_motor_measure_point  can_receive.o
    0x080161dc   0x080161dc   0x00000008   Code   RO         9549    i.get_pitch_motor_point  gimbal_task.o
    0x080161e4   0x080161e4   0x00000008   Code   RO        11226    i.get_right_friction_motor_measure_point  can_receive.o
    0x080161ec   0x080161ec   0x00000008   Code   RO        11227    i.get_trigger_motor_measure_point  can_receive.o
    0x080161f4   0x080161f4   0x00000008   Code   RO        11228    i.get_yaw_gimbal_motor_measure_point  can_receive.o
    0x080161fc   0x080161fc   0x00000008   Code   RO         9550    i.get_yaw_motor_point  gimbal_task.o
    0x08016204   0x08016204   0x000000b8   Code   RO         9551    i.gimbal_PID_calc   gimbal_task.o
    0x080162bc   0x080162bc   0x00000030   Code   RO         9552    i.gimbal_PID_clear  gimbal_task.o
    0x080162ec   0x080162ec   0x00000030   Code   RO         9553    i.gimbal_PID_init   gimbal_task.o
    0x0801631c   0x0801631c   0x000000a4   Code   RO        11629    i.gimbal_absolute_angle_control  gimbal_behaviour.o
    0x080163c0   0x080163c0   0x00000084   Code   RO         9554    i.gimbal_absolute_angle_limit  gimbal_task.o
    0x08016444   0x08016444   0x00000048   Code   RO        11630    i.gimbal_auto_control  gimbal_behaviour.o
    0x0801648c   0x0801648c   0x00000094   Code   RO        11631    i.gimbal_behaviour_control_set  gimbal_behaviour.o
    0x08016520   0x08016520   0x00000068   Code   RO        11632    i.gimbal_behaviour_mode_set  gimbal_behaviour.o
    0x08016588   0x08016588   0x000000a4   Code   RO        11633    i.gimbal_behavour_set  gimbal_behaviour.o
    0x0801662c   0x0801662c   0x0000001c   Code   RO        11634    i.gimbal_cmd_to_chassis_stop  gimbal_behaviour.o
    0x08016648   0x08016648   0x0000001c   Code   RO        11635    i.gimbal_cmd_to_shoot_stop  gimbal_behaviour.o
    0x08016664   0x08016664   0x000000d8   Code   RO         9555    i.gimbal_control_loop  gimbal_task.o
    0x0801673c   0x0801673c   0x000000bc   Code   RO         9556    i.gimbal_feedback_update  gimbal_task.o
    0x080167f8   0x080167f8   0x00000170   Code   RO         9557    i.gimbal_init       gimbal_task.o
    0x08016968   0x08016968   0x00000020   Code   RO        11636    i.gimbal_motionless_control  gimbal_behaviour.o
    0x08016988   0x08016988   0x0000005c   Code   RO         9558    i.gimbal_motor_absolute_angle_control  gimbal_task.o
    0x080169e4   0x080169e4   0x00000050   Code   RO        11637    i.gimbal_relative_angle_control  gimbal_behaviour.o
    0x08016a34   0x08016a34   0x0000006c   Code   RO         9561    i.gimbal_set_control  gimbal_task.o
    0x08016aa0   0x08016aa0   0x00000010   Code   RO         9562    i.gimbal_set_mode   gimbal_task.o
    0x08016ab0   0x08016ab0   0x000000dc   Code   RO         9563    i.gimbal_task       gimbal_task.o
    0x08016b8c   0x08016b8c   0x00000020   Code   RO        11638    i.gimbal_zero_force_control  gimbal_behaviour.o
    0x08016bac   0x08016bac   0x00000024   Code   RO         9895    i.hoisting_behavour_set  hoisting_task.o
    0x08016bd0   0x08016bd0   0x000000b0   Code   RO         9896    i.hoisting_control_loop  hoisting_task.o
    0x08016c80   0x08016c80   0x00000068   Code   RO         9897    i.hoisting_feedback_update  hoisting_task.o
    0x08016ce8   0x08016ce8   0x000001bc   Code   RO         9898    i.hoisting_init     hoisting_task.o
    0x08016ea4   0x08016ea4   0x00000070   Code   RO         9899    i.hoisting_rc_to_speed  hoisting_task.o
    0x08016f14   0x08016f14   0x00000128   Code   RO         9900    i.hoisting_set_control  hoisting_task.o
    0x0801703c   0x0801703c   0x00000118   Code   RO         9901    i.hoisting_task     hoisting_task.o
    0x08017154   0x08017154   0x00000044   Code   RO         9902    i.hoisting_update_offline_state  hoisting_task.o
    0x08017198   0x08017198   0x0000003c   Code   RO        11027    i.invSqrt           quaternionekf.o
    0x080171d4   0x080171d4   0x00000052   Code   RO        10597    i.loop_fp32_constrain  user_lib.o
    0x08017226   0x08017226   0x00000002   PAD
    0x08017228   0x08017228   0x00000098   Code   RO           16    i.main              main.o
    0x080172c0   0x080172c0   0x0000001a   Code   RO        11834    i.max               control_power.o
    0x080172da   0x080172da   0x00000002   PAD
    0x080172dc   0x080172dc   0x0000004c   Code   RO        11762    i.motor_control_current  gq_motor.o
    0x08017328   0x08017328   0x00000034   Code   RO         9564    i.motor_ecd_to_angle_change  gimbal_task.o
    0x0801735c   0x0801735c   0x00000012   Code   RO        11835    i.motor_power_get_real_current  control_power.o
    0x0801736e   0x0801736e   0x00000002   PAD
    0x08017370   0x08017370   0x00000064   Code   RO        11836    i.motor_power_init  control_power.o
    0x080173d4   0x080173d4   0x000003a8   Code   RO        11837    i.motor_power_limiter  control_power.o
    0x0801777c   0x0801777c   0x000000ca   Code   RO        11838    i.motor_power_update  control_power.o
    0x08017846   0x08017846   0x0000001e   Code   RO         8166    i.osDelay           cmsis_os2.o
    0x08017864   0x08017864   0x0000002c   Code   RO         8180    i.osKernelInitialize  cmsis_os2.o
    0x08017890   0x08017890   0x00000060   Code   RO         8183    i.osKernelStart     cmsis_os2.o
    0x080178f0   0x080178f0   0x000000b8   Code   RO         8225    i.osThreadNew       cmsis_os2.o
    0x080179a8   0x080179a8   0x00000088   Code   RO         7577    i.prvAddCurrentTaskToDelayedList  tasks.o
    0x08017a30   0x08017a30   0x000000b8   Code   RO         7578    i.prvAddNewTaskToReadyList  tasks.o
    0x08017ae8   0x08017ae8   0x00000074   Code   RO         7976    i.prvCheckForValidListAndQueue  timers.o
    0x08017b5c   0x08017b5c   0x00000048   Code   RO         7579    i.prvCheckTasksWaitingTermination  tasks.o
    0x08017ba4   0x08017ba4   0x0000002a   Code   RO         7164    i.prvCopyDataFromQueue  queue.o
    0x08017bce   0x08017bce   0x0000007e   Code   RO         7165    i.prvCopyDataToQueue  queue.o
    0x08017c4c   0x08017c4c   0x00000050   Code   RO         7580    i.prvDeleteTCB      tasks.o
    0x08017c9c   0x08017c9c   0x00000028   Code   RO         7977    i.prvGetNextExpireTime  timers.o
    0x08017cc4   0x08017cc4   0x0000007c   Code   RO         8693    i.prvHeapInit       heap_4.o
    0x08017d40   0x08017d40   0x00000028   Code   RO         7581    i.prvIdleTask       tasks.o
    0x08017d68   0x08017d68   0x0000002a   Code   RO         7168    i.prvInitialiseNewQueue  queue.o
    0x08017d92   0x08017d92   0x000000c2   Code   RO         7582    i.prvInitialiseNewTask  tasks.o
    0x08017e54   0x08017e54   0x00000068   Code   RO         7583    i.prvInitialiseTaskLists  tasks.o
    0x08017ebc   0x08017ebc   0x00000068   Code   RO         8694    i.prvInsertBlockIntoFreeList  heap_4.o
    0x08017f24   0x08017f24   0x00000058   Code   RO         7979    i.prvInsertTimerInActiveList  timers.o
    0x08017f7c   0x08017f7c   0x0000001a   Code   RO         7169    i.prvIsQueueEmpty   queue.o
    0x08017f96   0x08017f96   0x0000001e   Code   RO         7170    i.prvIsQueueFull    queue.o
    0x08017fb4   0x08017fb4   0x00000074   Code   RO         7980    i.prvProcessExpiredTimer  timers.o
    0x08018028   0x08018028   0x00000164   Code   RO         7981    i.prvProcessReceivedCommands  timers.o
    0x0801818c   0x0801818c   0x00000074   Code   RO         7982    i.prvProcessTimerOrBlockTask  timers.o
    0x08018200   0x08018200   0x00000034   Code   RO         7585    i.prvResetNextTaskUnblockTime  tasks.o
    0x08018234   0x08018234   0x0000002c   Code   RO         7983    i.prvSampleTimeNow  timers.o
    0x08018260   0x08018260   0x000000a4   Code   RO         7984    i.prvSwitchTimerLists  timers.o
    0x08018304   0x08018304   0x00000016   Code   RO         7587    i.prvTaskCheckFreeStackSpace  tasks.o
    0x0801831a   0x0801831a   0x00000002   PAD
    0x0801831c   0x0801831c   0x00000040   Code   RO         8749    i.prvTaskExitError  port.o
    0x0801835c   0x0801835c   0x0000001a   Code   RO         7985    i.prvTimerTask      timers.o
    0x08018376   0x08018376   0x0000007e   Code   RO         7171    i.prvUnlockQueue    queue.o
    0x080183f4   0x080183f4   0x0000014c   Code   RO         8695    i.pvPortMalloc      heap_4.o
    0x08018540   0x08018540   0x0000002c   Code   RO         8750    i.pxPortInitialiseStack  port.o
    0x0801856c   0x0801856c   0x000002cc   Code   RO         9787    i.referee_routine_analyse  referee_usart_task.o
    0x08018838   0x08018838   0x0000000e   Code   RO         9788    i.referee_usart_analyse  referee_usart_task.o
    0x08018846   0x08018846   0x00000002   PAD
    0x08018848   0x08018848   0x0000001c   Code   RO         9789    i.referee_usart_task  referee_usart_task.o
    0x08018864   0x08018864   0x00000028   Code   RO        11464    i.remote_control_init  remote_control.o
    0x0801888c   0x0801888c   0x000000bc   Code   RO        11708    i.send_vision_data  usart_receive.o
    0x08018948   0x08018948   0x0000013c   Code   RO         9835    i.shoot_control_loop  shoot_task.o
    0x08018a84   0x08018a84   0x0000005c   Code   RO         9836    i.shoot_feedback_update  shoot_task.o
    0x08018ae0   0x08018ae0   0x00000104   Code   RO         9837    i.shoot_init        shoot_task.o
    0x08018be4   0x08018be4   0x000000c0   Code   RO         9838    i.shoot_set_mode    shoot_task.o
    0x08018ca4   0x08018ca4   0x000000b8   Code   RO         9839    i.shoot_task        shoot_task.o
    0x08018d5c   0x08018d5c   0x0000003e   Code   RO        12474    i.sqrtf             m_wv.l(sqrtf_full.o)
    0x08018d9a   0x08018d9a   0x00000002   PAD
    0x08018d9c   0x08018d9c   0x00000050   Code   RO        11763    i.timed_return_motor_status  gq_motor.o
    0x08018dec   0x08018dec   0x00000018   Code   RO         9500    i.toe_is_error      detect_task.o
    0x08018e04   0x08018e04   0x00000014   Code   RO        10109    i.usart_rx_data_process  bsp_usart.o
    0x08018e18   0x08018e18   0x00000134   Code   RO        10110    i.usart_rx_dma_start  bsp_usart.o
    0x08018f4c   0x08018f4c   0x00000070   Code   RO        10111    i.usart_tx_dma_send  bsp_usart.o
    0x08018fbc   0x08018fbc   0x000000ac   Code   RO        10113    i.usart_vofa_send   bsp_usart.o
    0x08019068   0x08019068   0x00000042   Code   RO        11709    i.user_data_solve   usart_receive.o
    0x080190aa   0x080190aa   0x0000000c   Code   RO        10947    i.user_malloc       kalman_filter.o
    0x080190b6   0x080190b6   0x00000028   Code   RO         7124    i.uxListRemove      list.o
    0x080190de   0x080190de   0x00000002   PAD
    0x080190e0   0x080190e0   0x00000028   Code   RO         7593    i.uxTaskGetStackHighWaterMark  tasks.o
    0x08019108   0x08019108   0x00000018   Code   RO         8237    i.vApplicationGetIdleTaskMemory  cmsis_os2.o
    0x08019120   0x08019120   0x00000018   Code   RO         8238    i.vApplicationGetTimerTaskMemory  cmsis_os2.o
    0x08019138   0x08019138   0x0000001a   Code   RO         7125    i.vListInitialise   list.o
    0x08019152   0x08019152   0x00000006   Code   RO         7126    i.vListInitialiseItem  list.o
    0x08019158   0x08019158   0x00000034   Code   RO         7127    i.vListInsert       list.o
    0x0801918c   0x0801918c   0x00000018   Code   RO         7128    i.vListInsertEnd    list.o
    0x080191a4   0x080191a4   0x00000054   Code   RO         8752    i.vPortEnterCritical  port.o
    0x080191f8   0x080191f8   0x0000003c   Code   RO         8753    i.vPortExitCritical  port.o
    0x08019234   0x08019234   0x000000a4   Code   RO         8696    i.vPortFree         heap_4.o
    0x080192d8   0x080192d8   0x00000028   Code   RO         8754    i.vPortSetupTimerInterrupt  port.o
    0x08019300   0x08019300   0x00000078   Code   RO         8755    i.vPortValidateInterruptPriority  port.o
    0x08019378   0x08019378   0x0000002c   Code   RO         7177    i.vQueueAddToRegistry  queue.o
    0x080193a4   0x080193a4   0x0000004a   Code   RO         7181    i.vQueueWaitForMessageRestricted  queue.o
    0x080193ee   0x080193ee   0x00000002   PAD
    0x080193f0   0x080193f0   0x0000005c   Code   RO         7600    i.vTaskDelay        tasks.o
    0x0801944c   0x0801944c   0x00000018   Code   RO         7605    i.vTaskInternalSetTimeOutState  tasks.o
    0x08019464   0x08019464   0x0000000c   Code   RO         7606    i.vTaskMissedYield  tasks.o
    0x08019470   0x08019470   0x00000038   Code   RO         7608    i.vTaskPlaceOnEventList  tasks.o
    0x080194a8   0x080194a8   0x00000040   Code   RO         7609    i.vTaskPlaceOnEventListRestricted  tasks.o
    0x080194e8   0x080194e8   0x000000b8   Code   RO         7617    i.vTaskStartScheduler  tasks.o
    0x080195a0   0x080195a0   0x00000010   Code   RO         7619    i.vTaskSuspendAll   tasks.o
    0x080195b0   0x080195b0   0x00000090   Code   RO         7620    i.vTaskSwitchContext  tasks.o
    0x08019640   0x08019640   0x00000040   Code   RO        11093    i.verify_CRC16_check_sum  crc.o
    0x08019680   0x08019680   0x0000002e   Code   RO        11094    i.verify_CRC8_check_sum  crc.o
    0x080196ae   0x080196ae   0x00000002   PAD
    0x080196b0   0x080196b0   0x00000044   Code   RO        11467    i.verify_crc16_check_sum  remote_control.o
    0x080196f4   0x080196f4   0x0000014c   Code   RO        11468    i.vtm_data_parse    remote_control.o
    0x08019840   0x08019840   0x00000168   Code   RO         8756    i.xPortStartScheduler  port.o
    0x080199a8   0x080199a8   0x00000034   Code   RO         8757    i.xPortSysTickHandler  port.o
    0x080199dc   0x080199dc   0x000000e0   Code   RO         7187    i.xQueueGenericCreateStatic  queue.o
    0x08019abc   0x08019abc   0x00000098   Code   RO         7188    i.xQueueGenericReset  queue.o
    0x08019b54   0x08019b54   0x000001a8   Code   RO         7189    i.xQueueGenericSend  queue.o
    0x08019cfc   0x08019cfc   0x000000fc   Code   RO         7190    i.xQueueGenericSendFromISR  queue.o
    0x08019df8   0x08019df8   0x00000168   Code   RO         7199    i.xQueueReceive     queue.o
    0x08019f60   0x08019f60   0x000000a8   Code   RO         7623    i.xTaskCheckForTimeOut  tasks.o
    0x0801a008   0x0801a008   0x00000064   Code   RO         7624    i.xTaskCreate       tasks.o
    0x0801a06c   0x0801a06c   0x000000ba   Code   RO         7625    i.xTaskCreateStatic  tasks.o
    0x0801a126   0x0801a126   0x00000002   PAD
    0x0801a128   0x0801a128   0x00000020   Code   RO         7630    i.xTaskGetSchedulerState  tasks.o
    0x0801a148   0x0801a148   0x0000000c   Code   RO         7631    i.xTaskGetTickCount  tasks.o
    0x0801a154   0x0801a154   0x00000144   Code   RO         7633    i.xTaskIncrementTick  tasks.o
    0x0801a298   0x0801a298   0x000000a4   Code   RO         7636    i.xTaskPriorityDisinherit  tasks.o
    0x0801a33c   0x0801a33c   0x00000098   Code   RO         7638    i.xTaskRemoveFromEventList  tasks.o
    0x0801a3d4   0x0801a3d4   0x00000104   Code   RO         7639    i.xTaskResumeAll    tasks.o
    0x0801a4d8   0x0801a4d8   0x00000078   Code   RO         7994    i.xTimerCreateTimerTask  timers.o
    0x0801a550   0x0801a550   0x00000084   Code   RO         7995    i.xTimerGenericCommand  timers.o
    0x0801a5d4   0x0801a5d4   0x000001ec   Code   RO        12787    x$fpl$exception     g_wv.l(except.o)
    0x0801a7c0   0x0801a7c0   0x000000f2   Code   RO        12789    x$fpl$fnaninf       g_wv.l(fnaninf.o)
    0x0801a8b2   0x0801a8b2   0x0000004a   Code   RO        12791    x$fpl$fnorm2        g_wv.l(fnorm2_clz.o)
    0x0801a8fc   0x0801a8fc   0x0000000a   Code   RO        12793    x$fpl$fpinit        g_wv.l(fpinit.o)
    0x0801a906   0x0801a906   0x00000002   PAD
    0x0801a908   0x0801a908   0x00000116   Code   RO        12666    x$fpl$frem          g_wv.l(frem_clz.o)
    0x0801aa1e   0x0801aa1e   0x0000013c   Code   RO        12795    x$fpl$funder        g_wv.l(funder_clz.o)
    0x0801ab5a   0x0801ab5a   0x000000b2   Code   RO        12877    x$fpl$retnan        g_wv.l(retnan.o)
    0x0801ac0c   0x0801ac0c   0x0000007e   Code   RO        12879    x$fpl$trapveneer    g_wv.l(trapv.o)
    0x0801ac8a   0x0801ac8a   0x00000000   Code   RO        12676    x$fpl$usenofp       g_wv.l(usenofp.o)
    0x0801ac8a   0x0801ac8a   0x00000002   PAD
    0x0801ac8c   0x0801ac8c   0x00000120   Data   RO          328    .constdata          freertos.o
    0x0801adac   0x0801adac   0x00000008   Data   RO         3671    .constdata          stm32h7xx_hal_dma.o
    0x0801adb4   0x0801adb4   0x0000005c   Data   RO         5553    .constdata          stm32h7xx_hal_fdcan.o
    0x0801ae10   0x0801ae10   0x00000018   Data   RO         6475    .constdata          stm32h7xx_hal_uart.o
    0x0801ae28   0x0801ae28   0x00000010   Data   RO         6846    .constdata          stm32h7xx_hal_uart_ex.o
    0x0801ae38   0x0801ae38   0x00000010   Data   RO         6956    .constdata          system_stm32h7xx.o
    0x0801ae48   0x0801ae48   0x00000008   Data   RO         9282    .constdata          chassis_task.o
    0x0801ae50   0x0801ae50   0x00000060   Data   RO         9502    .constdata          detect_task.o
    0x0801aeb0   0x0801aeb0   0x00000030   Data   RO         9681    .constdata          ins_task.o
    0x0801aee0   0x0801aee0   0x00000012   Data   RO        10395    .constdata          bmi088driver.o
    0x0801aef2   0x0801aef2   0x00000002   PAD
    0x0801aef4   0x0801aef4   0x00000090   Data   RO        11029    .constdata          quaternionekf.o
    0x0801af84   0x0801af84   0x00000302   Data   RO        11095    .constdata          crc.o
    0x0801b286   0x0801b286   0x00000200   Data   RO        11470    .constdata          remote_control.o
    0x0801b486   0x0801b486   0x00000002   PAD
    0x0801b488   0x0801b488   0x00000804   Data   RO        12273    .constdata          arm_cortexM4lf_math.lib(arm_common_tables.o)
    0x0801bc8c   0x0801bc8c   0x00000004   PAD
    0x0801bc90   0x0801bc90   0x00000030   Data   RO        12678    .constdata          m_wv.l(cos_i.o)
    0x0801bcc0   0x0801bcc0   0x000000c8   Data   RO        12712    .constdata          m_wv.l(rred.o)
    0x0801bd88   0x0801bd88   0x00000028   Data   RO        12716    .constdata          m_wv.l(sin_i.o)
    0x0801bdb0   0x0801bdb0   0x00000042   Data   RO          329    .conststring        freertos.o
    0x0801bdf2   0x0801bdf2   0x00000002   PAD
    0x0801bdf4   0x0801bdf4   0x00000020   Data   RO        12950    Region$$Table       anon$$obj.o


    Execution Region RW_IRAM1 (Exec base: 0x20000000, Load base: 0x0801be14, Size: 0x00000000, Max: 0x00020000, ABSOLUTE)

    **** No section assigned to this execution region ****


    Execution Region RW_IRAM2 (Exec base: 0x24000000, Load base: 0x0801be14, Size: 0x00011548, Max: 0x00050000, ABSOLUTE, COMPRESSED[0x00000258])

    Exec Addr    Load Addr    Size         Type   Attr      Idx    E Section Name        Object

    0x24000000   COMPRESSED   0x00000020   Data   RW          330    .data               freertos.o
    0x24000020   COMPRESSED   0x00000004   Data   RW          404    .data               fdcan.o
    0x24000024   COMPRESSED   0x0000005e   Data   RW          920    .data               usbd_desc.o
    0x24000082   COMPRESSED   0x00000002   PAD
    0x24000084   COMPRESSED   0x00000014   Data   RW         1012    .data               usbd_cdc_if.o
    0x24000098   COMPRESSED   0x00000009   Data   RW         4561    .data               stm32h7xx_hal.o
    0x240000a1   COMPRESSED   0x00000003   PAD
    0x240000a4   COMPRESSED   0x00000008   Data   RW         6957    .data               system_stm32h7xx.o
    0x240000ac   COMPRESSED   0x0000003c   Data   RW         7642    .data               tasks.o
    0x240000e8   COMPRESSED   0x00000014   Data   RW         8003    .data               timers.o
    0x240000fc   COMPRESSED   0x00000004   Data   RW         8240    .data               cmsis_os2.o
    0x24000100   COMPRESSED   0x00000020   Data   RW         8702    .data               heap_4.o
    0x24000120   COMPRESSED   0x0000000c   Data   RW         8758    .data               port.o
    0x2400012c   COMPRESSED   0x00000001   Data   RW         9009    .data               usbd_ctlreq.o
    0x2400012d   COMPRESSED   0x00000003   PAD
    0x24000130   COMPRESSED   0x0000008a   Data   RW         9180    .data               usbd_cdc.o
    0x240001ba   COMPRESSED   0x00000002   PAD
    0x240001bc   COMPRESSED   0x00000009   Data   RW         9503    .data               detect_task.o
    0x240001c5   COMPRESSED   0x00000001   PAD
    0x240001c6   COMPRESSED   0x00000004   Data   RW         9566    .data               gimbal_task.o
    0x240001ca   COMPRESSED   0x00000002   PAD
    0x240001cc   COMPRESSED   0x00000054   Data   RW         9682    .data               ins_task.o
    0x24000220   COMPRESSED   0x00000002   Data   RW         9791    .data               referee_usart_task.o
    0x24000222   COMPRESSED   0x00000009   Data   RW         9841    .data               shoot_task.o
    0x2400022b   COMPRESSED   0x00000001   PAD
    0x2400022c   COMPRESSED   0x0000000c   Data   RW         9904    .data               hoisting_task.o
    0x24000238   COMPRESSED   0x00000010   Data   RW        10115    .data               bsp_usart.o
    0x24000248   COMPRESSED   0x00000048   Data   RW        10205    .data               bsp_dwt.o
    0x24000290   COMPRESSED   0x0000002d   Data   RW        10396    .data               bmi088driver.o
    0x240002bd   COMPRESSED   0x00000003   PAD
    0x240002c0   COMPRESSED   0x0000000c   Data   RW        10602    .data               user_lib.o
    0x240002cc   COMPRESSED   0x00000270   Data   RW        10826    .data               controller.o
    0x2400053c   COMPRESSED   0x00000004   Data   RW        10948    .data               kalman_filter.o
    0x24000540   COMPRESSED   0x000000d4   Data   RW        11030    .data               quaternionekf.o
    0x24000614   COMPRESSED   0x00000002   Data   RW        11096    .data               crc.o
    0x24000616   COMPRESSED   0x00000004   Data   RW        11158    .data               circular_buffer.o
    0x2400061a   COMPRESSED   0x00000002   PAD
    0x2400061c   COMPRESSED   0x00000020   Data   RW        11230    .data               can_receive.o
    0x2400063c   COMPRESSED   0x00000002   Data   RW        11471    .data               remote_control.o
    0x2400063e   COMPRESSED   0x00000002   Data   RW        11536    .data               chassis_behaviour.o
    0x24000640   COMPRESSED   0x0000000e   Data   RW        11639    .data               gimbal_behaviour.o
    0x2400064e   COMPRESSED   0x0000000c   Data   RW        11765    .data               gq_motor.o
    0x2400065a   COMPRESSED   0x00000006   PAD
    0x24000660   COMPRESSED   0x000000e0   Data   RW        11846    .data               control_power.o
    0x24000740        -       0x00004284   Zero   RW          327    .bss                freertos.o
    0x240049c4        -       0x000001e0   Zero   RW          403    .bss                fdcan.o
    0x24004ba4        -       0x00000200   Zero   RW          457    .bss                spi.o
    0x24004da4        -       0x00000098   Zero   RW          506    .bss                tim.o
    0x24004e3c        -       0x00000598   Zero   RW          561    .bss                usart.o
    0x240053d4        -       0x0000004c   Zero   RW          838    .bss                stm32h7xx_hal_timebase_tim.o
    0x24005420        -       0x000002dc   Zero   RW          875    .bss                usb_device.o
    0x240056fc        -       0x00000200   Zero   RW          919    .bss                usbd_desc.o
    0x240058fc        -       0x00001000   Zero   RW         1011    .bss                usbd_cdc_if.o
    0x240068fc        -       0x00000704   Zero   RW         1104    .bss                usbd_conf.o
    0x24007000        -       0x00000040   Zero   RW         7203    .bss                queue.o
    0x24007040        -       0x000004c4   Zero   RW         7641    .bss                tasks.o
    0x24007504        -       0x00000118   Zero   RW         8002    .bss                timers.o
    0x2400761c        -       0x000006b8   Zero   RW         8239    .bss                cmsis_os2.o
    0x24007cd4        -       0x00007530   Zero   RW         8701    .bss                heap_4.o
    0x2400f204        -       0x0000021c   Zero   RW         9281    .bss                chassis_task.o
    0x2400f420        -       0x00000264   Zero   RW         9501    .bss                detect_task.o
    0x2400f684        -       0x00000210   Zero   RW         9565    .bss                gimbal_task.o
    0x2400f894        -       0x0000019c   Zero   RW         9680    .bss                ins_task.o
    0x2400fa30        -       0x0000018c   Zero   RW         9790    .bss                referee_usart_task.o
    0x2400fbbc        -       0x0000011c   Zero   RW         9840    .bss                shoot_task.o
    0x2400fcd8        -       0x000002b4   Zero   RW         9903    .bss                hoisting_task.o
    0x2400ff8c        -       0x0000046d   Zero   RW        10114    .bss                bsp_usart.o
    0x240103f9   COMPRESSED   0x00000007   PAD
    0x24010400        -       0x00000270   Zero   RW        11028    .bss                quaternionekf.o
    0x24010670        -       0x00000200   Zero   RW        11157    .bss                circular_buffer.o
    0x24010870        -       0x00000158   Zero   RW        11229    .bss                can_receive.o
    0x240109c8        -       0x0000005c   Zero   RW        11469    .bss                remote_control.o
    0x24010a24        -       0x00000020   Zero   RW        11710    .bss                usart_receive.o
    0x24010a44        -       0x00000064   Zero   RW        11764    .bss                gq_motor.o
    0x24010aa8        -       0x00000440   Zero   RW        11845    .bss                control_power.o
    0x24010ee8        -       0x00000060   Zero   RW        12724    .bss                c_w.l(libspace.o)
    0x24010f48        -       0x00000200   Zero   RW            2    HEAP                startup_stm32h723xx.o
    0x24011148        -       0x00000400   Zero   RW            1    STACK               startup_stm32h723xx.o


==============================================================================

Image component sizes


      Code (inc. data)   RO Data    RW Data    ZI Data      Debug   Object Name

      2130         34         18         45          0       9475   bmi088driver.o
       216         28          0          0          0       5544   bmi088middleware.o
       192         26          0          0          0       1169   bsp_can.o
       264         56          0         72          0       3867   bsp_dwt.o
       218          6          0          0          0       2495   bsp_led.o
        58          0          0          0          0       1086   bsp_pwm.o
      1044        164          0         16       1133       9420   bsp_usart.o
      1972        178          0         32        344     940325   can_receive.o
      1650        128          0          2          0      15562   chassis_behaviour.o
      1184         98          8          0        540      15843   chassis_task.o
       546         34          0          4        512       5343   circular_buffer.o
       430         38          0          4       1720      71679   cmsis_os2.o
      1810         62          0        224       1088      12341   control_power.o
      2224         36          0        624          0      13239   controller.o
       198         16        770          2          0       4017   crc.o
      1324         40         96          9        612       3666   detect_task.o
       208          6          0          0          0       1086   dma.o
         0          0          0          0          0      19512   event_groups.o
      1008         58          0          4        480       3881   fdcan.o
       226         96        354         32      17028       3546   freertos.o
       852        112          0         14          0       8306   gimbal_behaviour.o
      1688        196          0          4        528      16296   gimbal_task.o
       280         12          0          0          0       1291   gpio.o
       420         38          0         12        100       4954   gq_motor.o
       724         74          0         32      30000       5279   heap_4.o
      1526        110          0         12        692       8448   hoisting_task.o
      3542        264         48         84        412      36084   ins_task.o
      3172         26          0          4          0      10413   kalman_filter.o
       148          0          0          0          0       3990   list.o
       370         36          0          0          0    1275457   main.o
       732         28          0          0          0       4325   pid.o
      1014         92          0         12          0      12421   port.o
      4148        234        144        212        624      11191   quaternionekf.o
      1922         20          0          0         64      18312   queue.o
       758         28          0          2        396       6117   referee_usart_task.o
       492         26        512          2         92       6718   remote_control.o
      1128        104          0          9        284       5746   shoot_task.o
       712         58          0          0        512       3060   spi.o
        72         30        716          0       1536        900   startup_stm32h723xx.o
       192         40          0          9          0      24086   stm32h7xx_hal.o
       326         28          0          0          0      40372   stm32h7xx_hal_cortex.o
      9300        176          8          0          0      15754   stm32h7xx_hal_dma.o
      3692         54         92          0          0      25596   stm32h7xx_hal_fdcan.o
       872         96          0          0          0       3330   stm32h7xx_hal_gpio.o
        48          6          0          0          0       1038   stm32h7xx_hal_msp.o
      3630         16          0          0          0      14700   stm32h7xx_hal_pcd.o
       130          4          0          0          0       3465   stm32h7xx_hal_pcd_ex.o
       116         12          0          0          0       1446   stm32h7xx_hal_pwr_ex.o
      3496        120          0          0          0       8017   stm32h7xx_hal_rcc.o
      5140        112          0          0          0       7701   stm32h7xx_hal_rcc_ex.o
      3236         32          0          0          0      12556   stm32h7xx_hal_spi.o
      2728        284          0          0          0      15537   stm32h7xx_hal_tim.o
       234         38          0          0          0       3556   stm32h7xx_hal_tim_ex.o
       148         20          0          0         76       1756   stm32h7xx_hal_timebase_tim.o
      4866        182         24          0          0      39513   stm32h7xx_hal_uart.o
       458         10         16          0          0       6933   stm32h7xx_hal_uart_ex.o
       398        140          0          0          0      15838   stm32h7xx_it.o
      3906         90          0          0          0      24520   stm32h7xx_ll_usb.o
         0          0          0          0          0        384   stream_buffer.o
       304         38         16          8          0       2089   system_stm32h7xx.o
      2914        358          0         60       1220      30428   tasks.o
       504         46          0          0        152       3518   tim.o
      1318        124          0         20        280      33783   timers.o
      1836        152          0          0       1432       5868   usart.o
       254         10          0          0         32       3022   usart_receive.o
        80         16          0          0        732        884   usb_device.o
      1782         54          0        138          0      15301   usbd_cdc.o
       216         26          0         20       4096       4836   usbd_cdc_if.o
      1032         32          0          0       1796      19216   usbd_conf.o
      1354          0          0          0          0      17821   usbd_core.o
      2416         22          0          1          0      18964   usbd_ctlreq.o
       386        122          0         94        512       7625   usbd_desc.o
       174          0          0          0          0       5192   usbd_ioreq.o
      1036         30          0         12          0       7737   user_lib.o

    ----------------------------------------------------------------------
     99220       5082       2860       1856      69032    3024786   Object Totals
         0          0         32          0          0          0   (incl. Generated)
        96          0          6         25          7          0   (incl. Padding)

    ----------------------------------------------------------------------

      Code (inc. data)   RO Data    RW Data    ZI Data      Debug   Library Member Name

         0          0       2052          0          0       4636   arm_common_tables.o
       120         12          0          0          0      16970   arm_cos_f32.o
       264          0          0          0          0       1482   arm_mat_add_f32.o
         8          0          0          0          0        843   arm_mat_init_f32.o
      1328          4          0          0          0       2718   arm_mat_inverse_f32.o
       316          4          0          0          0       1627   arm_mat_mult_f32.o
       264          0          0          0          0       1482   arm_mat_sub_f32.o
       276          0          0          0          0       1516   arm_mat_trans_f32.o
       116         12          0          0          0        658   arm_sin_f32.o
        90          0          0          0          0          0   __dczerorl2.o
         8          0          0          0          0         68   __main.o
         0          0          0          0          0          0   __rtentry.o
        12          0          0          0          0          0   __rtentry2.o
         6          0          0          0          0          0   __rtentry4.o
        52          8          0          0          0          0   __scatter.o
        28          0          0          0          0          0   __scatter_zi.o
        48          4          0          0          0         84   _fptrap.o
        22          0          0          0          0        100   _rserrno.o
        16          0          0          0          0         68   aeabi_memset.o
        10          0          0          0          0         68   defsig_exit.o
       172        110          0          0          0         76   defsig_fpe_inner.o
        14          0          0          0          0         80   defsig_fpe_outer.o
        50          0          0          0          0         88   defsig_general.o
        80         58          0          0          0         76   defsig_rtmem_inner.o
        14          0          0          0          0         80   defsig_rtmem_outer.o
        18          0          0          0          0         80   exit.o
        94          0          0          0          0         80   h1_alloc.o
        52          0          0          0          0         68   h1_extend.o
        78          0          0          0          0         80   h1_free.o
        14          0          0          0          0         84   h1_init.o
         6          0          0          0          0        152   heapauxi.o
         4          0          0          0          0        136   hguard.o
         0          0          0          0          0          0   indicate_semi.o
       138          0          0          0          0        168   init_alloc.o
         2          0          0          0          0          0   libinit.o
        14          0          0          0          0          0   libinit2.o
         2          0          0          0          0          0   libshutdown.o
         2          0          0          0          0          0   libshutdown2.o
         8          4          0          0         96         68   libspace.o
       238          0          0          0          0        100   lludivv7m.o
         0          0          0          0          0          0   maybetermalloc1.o
         8          4          0          0          0         68   rt_errno_addr_intlibspace.o
         8          4          0          0          0         68   rt_heap_descriptor_intlibspace.o
        68          0          0          0          0         68   rt_memclr.o
        78          0          0          0          0         80   rt_memclr_w.o
       138          0          0          0          0         68   rt_memcpy_v6.o
       100          0          0          0          0         80   rt_memcpy_w.o
         2          0          0          0          0          0   rtexit.o
        10          0          0          0          0          0   rtexit2.o
        12          4          0          0          0         68   sys_exit.o
        74          0          0          0          0         80   sys_stackheap_outer.o
        14          0          0          0          0         76   sys_wrch.o
         2          0          0          0          0         68   use_no_semi.o
       492         36          0          0          0        148   except.o
       242          4          0          0          0        144   fnaninf.o
        74          0          0          0          0        132   fnorm2_clz.o
        10          0          0          0          0        116   fpinit.o
       278          8          0          0          0        132   frem_clz.o
       316          0          0          0          0        132   funder_clz.o
       178          0          0          0          0        116   retnan.o
       126          0          0          0          0        148   trapv.o
         0          0          0          0          0          0   usenofp.o
       292         58          0          0          0        176   acosf.o
       312         54          0          0          0        176   asinf.o
       692         98          0          0          0        208   atan2f.o
       176         18          0          0          0        156   cos.o
       224         42         48          0          0        184   cos_i.o
        48         28          0          0          0        232   dunder.o
        24          0          0          0          0        124   fabs.o
       176          0          0          0          0        168   fmodf.o
        48          0          0          0          0        124   fpclassify.o
        38          0          0          0          0        116   fpclassifyf.o
        44         12          0          0          0        464   funder.o
       112          0          0          0          0        116   poly.o
       784        138        200          0          0        172   rred.o
       176         18          0          0          0        160   sin.o
       168         24         40          0          0        196   sin_i.o
       102          0          0          0          0        140   sqrt_full.o
       120          0          0          0          0        272   sqrtf_full.o

    ----------------------------------------------------------------------
      9772        770       2344          0         96      38712   Library Totals
        22          4          4          0          0          0   (incl. Padding)

    ----------------------------------------------------------------------

      Code (inc. data)   RO Data    RW Data    ZI Data      Debug   Library Name

      2692         32       2052          0          0      31932   arm_cortexM4lf_math.lib
      1806        196          0          0         96       2528   c_w.l
      1716         48          0          0          0       1068   g_wv.l
      3536        490        288          0          0       3184   m_wv.l

    ----------------------------------------------------------------------
      9772        770       2344          0         96      38712   Library Totals

    ----------------------------------------------------------------------

==============================================================================


      Code (inc. data)   RO Data    RW Data    ZI Data      Debug   

    108992       5852       5204       1856      69128    2999794   Grand Totals
    108992       5852       5204        600      69128    2999794   ELF Image Totals (compressed)
    108992       5852       5204        600          0          0   ROM Totals

==============================================================================

    Total RO  Size (Code + RO Data)               114196 ( 111.52kB)
    Total RW  Size (RW Data + ZI Data)             70984 (  69.32kB)
    Total ROM Size (Code + RO Data + RW Data)     114796 ( 112.11kB)

==============================================================================

