<html>
<body>
<pre>
<h1>礦ision Build Log</h1>
<h2>Tool Versions:</h2>
IDE-Version: μVision V5.36.0.0
Copyright (C) 2021 ARM Ltd and ARM Germany GmbH. All rights reserved.
License Information: a 沈文滔, a, LIC=HN0AE-5GNSQ-CXMU6-DWLR6-Y7SG1-NJRPB
 
Tool Versions:
Toolchain:       MDK-ARM Plus  Version: 5.36.0.0
Toolchain Path:  D:\Keil5\ARM\ARMCC\Bin
C Compiler:      Armcc.exe V5.06 update 7 (build 960)
Assembler:       Armasm.exe V5.06 update 7 (build 960)
Linker/Locator:  ArmLink.exe V5.06 update 7 (build 960)
Library Manager: ArmAr.exe V5.06 update 7 (build 960)
Hex Converter:   FromElf.exe V5.06 update 7 (build 960)
CPU DLL:         SARMCM3.DLL V5.36.0.0
Dialog DLL:      DCM.DLL V1.17.3.0
Target DLL:      STLink\ST-LINKIII-KEIL_SWO.dll V3.0.9.0
Dialog DLL:      TCM.DLL V1.53.0.0
 
<h2>Project:</h2>
D:\git_push\TOM_WEN_Electronic_Control_Code\RM_ITL_Old_Infantry\RM_ITL_Old_Infantry_DT7\MDK-ARM\RM_ITL_Old_Infantry.uvprojx
Project File Date:  02/05/2026

<h2>Output:</h2>
*** Using Compiler 'V5.06 update 7 (build 960)', folder: 'D:\Keil5\ARM\ARMCC\Bin'
Build target 'RM_ITL_Old_Infantry'
compiling referee_usart_task.c...
..\Task\referee_usart_task.c(11): warning:  #177-D: variable "pRecvUartData1"  was declared but never referenced
      REFEREE_RX_TypeDef *pRecvUartData1 = NULL; /* 定义指向串口数据的指针 */
..\Task\referee_usart_task.c(44): warning:  #223-D: function "Referee_GetFrame" declared implicitly
      frame_length = Referee_GetFrame(frame_buffer);
..\Task\referee_usart_task.c: 2 warnings, 0 errors
linking...
Program Size: Code=108992 RO-data=5204 RW-data=1856 ZI-data=69128  
FromELF: creating hex file...
"RM_ITL_Old_Infantry\RM_ITL_Old_Infantry.axf" - 0 Error(s), 2 Warning(s).

<h2>Software Packages used:</h2>

Package Vendor: ARM
                http://www.keil.com/pack/ARM.CMSIS.5.8.0.pack
                ARM.CMSIS.5.8.0
                CMSIS (Common Microcontroller Software Interface Standard)
   * Component: CORE Version: 5.5.0

Package Vendor: Keil
                https://www.keil.com/pack/Keil.STM32H7xx_DFP.4.0.0.pack
                Keil.STM32H7xx_DFP.4.0.0
                STMicroelectronics STM32H7 Series Device Support

<h2>Collection of Component include folders:</h2>
  .\RTE\_RM_ITL_Old_Infantry
  D:\Keil5\ARM\CMSIS\5.8.0\CMSIS\Core\Include

<h2>Collection of Component Files used:</h2>

   * Component: ARM::CMSIS:CORE:5.5.0
      Include file:  CMSIS\Core\Include\tz_context.h
Build Time Elapsed:  00:00:06
</pre>
</body>
</html>
